Archive member included to satisfy reference by file (symbol)

C:/ST/STM32CubeCLT_1.15.1/GNU-tools-for-STM32/bin/../lib/gcc/arm-none-eabi/12.3.1/../../../../arm-none-eabi/lib/thumb/v6-m/nofp\libc_nano.a(libc_a-exit.o)
                              C:/ST/STM32CubeCLT_1.15.1/GNU-tools-for-STM32/bin/../lib/gcc/arm-none-eabi/12.3.1/../../../../arm-none-eabi/lib/thumb/v6-m/nofp/crt0.o (exit)
C:/ST/STM32CubeCLT_1.15.1/GNU-tools-for-STM32/bin/../lib/gcc/arm-none-eabi/12.3.1/../../../../arm-none-eabi/lib/thumb/v6-m/nofp\libc_nano.a(libc_a-findfp.o)
                              C:/ST/STM32CubeCLT_1.15.1/GNU-tools-for-STM32/bin/../lib/gcc/arm-none-eabi/12.3.1/../../../../arm-none-eabi/lib/thumb/v6-m/nofp\libc_nano.a(libc_a-exit.o) (__stdio_exit_handler)
C:/ST/STM32CubeCLT_1.15.1/GNU-tools-for-STM32/bin/../lib/gcc/arm-none-eabi/12.3.1/../../../../arm-none-eabi/lib/thumb/v6-m/nofp\libc_nano.a(libc_a-fwalk.o)
                              C:/ST/STM32CubeCLT_1.15.1/GNU-tools-for-STM32/bin/../lib/gcc/arm-none-eabi/12.3.1/../../../../arm-none-eabi/lib/thumb/v6-m/nofp\libc_nano.a(libc_a-findfp.o) (_fwalk_sglue)
C:/ST/STM32CubeCLT_1.15.1/GNU-tools-for-STM32/bin/../lib/gcc/arm-none-eabi/12.3.1/../../../../arm-none-eabi/lib/thumb/v6-m/nofp\libc_nano.a(libc_a-stdio.o)
                              C:/ST/STM32CubeCLT_1.15.1/GNU-tools-for-STM32/bin/../lib/gcc/arm-none-eabi/12.3.1/../../../../arm-none-eabi/lib/thumb/v6-m/nofp\libc_nano.a(libc_a-findfp.o) (__sread)
C:/ST/STM32CubeCLT_1.15.1/GNU-tools-for-STM32/bin/../lib/gcc/arm-none-eabi/12.3.1/../../../../arm-none-eabi/lib/thumb/v6-m/nofp\libc_nano.a(libc_a-memset.o)
                              C:/ST/STM32CubeCLT_1.15.1/GNU-tools-for-STM32/bin/../lib/gcc/arm-none-eabi/12.3.1/../../../../arm-none-eabi/lib/thumb/v6-m/nofp/crt0.o (memset)
C:/ST/STM32CubeCLT_1.15.1/GNU-tools-for-STM32/bin/../lib/gcc/arm-none-eabi/12.3.1/../../../../arm-none-eabi/lib/thumb/v6-m/nofp\libc_nano.a(libc_a-closer.o)
                              C:/ST/STM32CubeCLT_1.15.1/GNU-tools-for-STM32/bin/../lib/gcc/arm-none-eabi/12.3.1/../../../../arm-none-eabi/lib/thumb/v6-m/nofp\libc_nano.a(libc_a-stdio.o) (_close_r)
C:/ST/STM32CubeCLT_1.15.1/GNU-tools-for-STM32/bin/../lib/gcc/arm-none-eabi/12.3.1/../../../../arm-none-eabi/lib/thumb/v6-m/nofp\libc_nano.a(libc_a-reent.o)
                              C:/ST/STM32CubeCLT_1.15.1/GNU-tools-for-STM32/bin/../lib/gcc/arm-none-eabi/12.3.1/../../../../arm-none-eabi/lib/thumb/v6-m/nofp\libc_nano.a(libc_a-closer.o) (errno)
C:/ST/STM32CubeCLT_1.15.1/GNU-tools-for-STM32/bin/../lib/gcc/arm-none-eabi/12.3.1/../../../../arm-none-eabi/lib/thumb/v6-m/nofp\libc_nano.a(libc_a-impure.o)
                              C:/ST/STM32CubeCLT_1.15.1/GNU-tools-for-STM32/bin/../lib/gcc/arm-none-eabi/12.3.1/../../../../arm-none-eabi/lib/thumb/v6-m/nofp\libc_nano.a(libc_a-reent.o) (_impure_ptr)
C:/ST/STM32CubeCLT_1.15.1/GNU-tools-for-STM32/bin/../lib/gcc/arm-none-eabi/12.3.1/../../../../arm-none-eabi/lib/thumb/v6-m/nofp\libc_nano.a(libc_a-lseekr.o)
                              C:/ST/STM32CubeCLT_1.15.1/GNU-tools-for-STM32/bin/../lib/gcc/arm-none-eabi/12.3.1/../../../../arm-none-eabi/lib/thumb/v6-m/nofp\libc_nano.a(libc_a-stdio.o) (_lseek_r)
C:/ST/STM32CubeCLT_1.15.1/GNU-tools-for-STM32/bin/../lib/gcc/arm-none-eabi/12.3.1/../../../../arm-none-eabi/lib/thumb/v6-m/nofp\libc_nano.a(libc_a-readr.o)
                              C:/ST/STM32CubeCLT_1.15.1/GNU-tools-for-STM32/bin/../lib/gcc/arm-none-eabi/12.3.1/../../../../arm-none-eabi/lib/thumb/v6-m/nofp\libc_nano.a(libc_a-stdio.o) (_read_r)
C:/ST/STM32CubeCLT_1.15.1/GNU-tools-for-STM32/bin/../lib/gcc/arm-none-eabi/12.3.1/../../../../arm-none-eabi/lib/thumb/v6-m/nofp\libc_nano.a(libc_a-writer.o)
                              C:/ST/STM32CubeCLT_1.15.1/GNU-tools-for-STM32/bin/../lib/gcc/arm-none-eabi/12.3.1/../../../../arm-none-eabi/lib/thumb/v6-m/nofp\libc_nano.a(libc_a-stdio.o) (_write_r)
C:/ST/STM32CubeCLT_1.15.1/GNU-tools-for-STM32/bin/../lib/gcc/arm-none-eabi/12.3.1/../../../../arm-none-eabi/lib/thumb/v6-m/nofp\libc_nano.a(libc_a-init.o)
                              C:/ST/STM32CubeCLT_1.15.1/GNU-tools-for-STM32/bin/../lib/gcc/arm-none-eabi/12.3.1/../../../../arm-none-eabi/lib/thumb/v6-m/nofp/crt0.o (__libc_init_array)
C:/ST/STM32CubeCLT_1.15.1/GNU-tools-for-STM32/bin/../lib/gcc/arm-none-eabi/12.3.1/../../../../arm-none-eabi/lib/thumb/v6-m/nofp\libc_nano.a(libc_a-lock.o)
                              C:/ST/STM32CubeCLT_1.15.1/GNU-tools-for-STM32/bin/../lib/gcc/arm-none-eabi/12.3.1/../../../../arm-none-eabi/lib/thumb/v6-m/nofp\libc_nano.a(libc_a-findfp.o) (__retarget_lock_init_recursive)
C:/ST/STM32CubeCLT_1.15.1/GNU-tools-for-STM32/bin/../lib/gcc/arm-none-eabi/12.3.1/../../../../arm-none-eabi/lib/thumb/v6-m/nofp\libc_nano.a(libc_a-freer.o)
                              C:/ST/STM32CubeCLT_1.15.1/GNU-tools-for-STM32/bin/../lib/gcc/arm-none-eabi/12.3.1/../../../../arm-none-eabi/lib/thumb/v6-m/nofp\libc_nano.a(libc_a-reent.o) (_free_r)
[...]
Memory Configuration

Name             Origin             Length             Attributes
RAM              0x20000000         0x00024000         xrw
FLASH            0x08000000         0x00080000         xr
*default*        0x00000000         0xffffffff

Linker script and memory map

LOAD C:/ST/STM32CubeCLT_1.15.1/GNU-tools-for-STM32/bin/../lib/gcc/arm-none-eabi/12.3.1/thumb/v6-m/nofp/crti.o
LOAD C:/ST/STM32CubeCLT_1.15.1/GNU-tools-for-STM32/bin/../lib/gcc/arm-none-eabi/12.3.1/thumb/v6-m/nofp/crtbegin.o
LOAD C:/ST/STM32CubeCLT_1.15.1/GNU-tools-for-STM32/bin/../lib/gcc/arm-none-eabi/12.3.1/../../../../arm-none-eabi/lib/thumb/v6-m/nofp/crt0.o
START GROUP
LOAD C:/ST/STM32CubeCLT_1.15.1/GNU-tools-for-STM32/bin/../lib/gcc/arm-none-eabi/12.3.1/../../../../arm-none-eabi/lib/thumb/v6-m/nofp\libc_nano.a
LOAD C:/ST/STM32CubeCLT_1.15.1/GNU-tools-for-STM32/bin/../lib/gcc/arm-none-eabi/12.3.1/../../../../arm-none-eabi/lib/thumb/v6-m/nofp\libm.a
END GROUP
LOAD CMakeFiles/NeoBalsam.dir/User/app_main.c.obj
LOAD CMakeFiles/NeoBalsam.dir/User/ARGB.c.obj
LOAD CMakeFiles/NeoBalsam.dir/Core/Src/main.c.obj
LOAD CMakeFiles/NeoBalsam.dir/Core/Src/gpio.c.obj
LOAD CMakeFiles/NeoBalsam.dir/Core/Src/dma.c.obj
LOAD CMakeFiles/NeoBalsam.dir/Core/Src/tim.c.obj
LOAD CMakeFiles/NeoBalsam.dir/Core/Src/usb_drd_fs.c.obj
LOAD CMakeFiles/NeoBalsam.dir/Core/Src/stm32g0xx_it.c.obj
LOAD CMakeFiles/NeoBalsam.dir/Core/Src/stm32g0xx_hal_msp.c.obj
LOAD CMakeFiles/NeoBalsam.dir/Drivers/STM32G0xx_HAL_Driver/Src/stm32g0xx_hal_tim.c.obj
LOAD CMakeFiles/NeoBalsam.dir/Drivers/STM32G0xx_HAL_Driver/Src/stm32g0xx_hal_tim_ex.c.obj
LOAD CMakeFiles/NeoBalsam.dir/Drivers/STM32G0xx_HAL_Driver/Src/stm32g0xx_hal_rcc.c.obj
LOAD CMakeFiles/NeoBalsam.dir/Drivers/STM32G0xx_HAL_Driver/Src/stm32g0xx_hal_rcc_ex.c.obj
LOAD CMakeFiles/NeoBalsam.dir/Drivers/STM32G0xx_HAL_Driver/Src/stm32g0xx_ll_rcc.c.obj
LOAD CMakeFiles/NeoBalsam.dir/Drivers/STM32G0xx_HAL_Driver/Src/stm32g0xx_hal_flash.c.obj
LOAD CMakeFiles/NeoBalsam.dir/Drivers/STM32G0xx_HAL_Driver/Src/stm32g0xx_hal_flash_ex.c.obj
LOAD CMakeFiles/NeoBalsam.dir/Drivers/STM32G0xx_HAL_Driver/Src/stm32g0xx_hal_gpio.c.obj
LOAD CMakeFiles/NeoBalsam.dir/Drivers/STM32G0xx_HAL_Driver/Src/stm32g0xx_hal_dma.c.obj
LOAD CMakeFiles/NeoBalsam.dir/Drivers/STM32G0xx_HAL_Driver/Src/stm32g0xx_hal_dma_ex.c.obj
LOAD CMakeFiles/NeoBalsam.dir/Drivers/STM32G0xx_HAL_Driver/Src/stm32g0xx_hal_pwr.c.obj
LOAD CMakeFiles/NeoBalsam.dir/Drivers/STM32G0xx_HAL_Driver/Src/stm32g0xx_hal_pwr_ex.c.obj
LOAD CMakeFiles/NeoBalsam.dir/Drivers/STM32G0xx_HAL_Driver/Src/stm32g0xx_hal_cortex.c.obj
LOAD CMakeFiles/NeoBalsam.dir/Drivers/STM32G0xx_HAL_Driver/Src/stm32g0xx_hal.c.obj
LOAD CMakeFiles/NeoBalsam.dir/Drivers/STM32G0xx_HAL_Driver/Src/stm32g0xx_hal_exti.c.obj
LOAD CMakeFiles/NeoBalsam.dir/Drivers/STM32G0xx_HAL_Driver/Src/stm32g0xx_hal_pcd.c.obj
LOAD CMakeFiles/NeoBalsam.dir/Drivers/STM32G0xx_HAL_Driver/Src/stm32g0xx_hal_pcd_ex.c.obj
LOAD CMakeFiles/NeoBalsam.dir/Drivers/STM32G0xx_HAL_Driver/Src/stm32g0xx_ll_usb.c.obj
LOAD CMakeFiles/NeoBalsam.dir/Core/Src/system_stm32g0xx.c.obj
LOAD CMakeFiles/NeoBalsam.dir/Core/Src/sysmem.c.obj
LOAD CMakeFiles/NeoBalsam.dir/Core/Src/syscalls.c.obj
LOAD CMakeFiles/NeoBalsam.dir/startup_stm32g0b1xx.s.obj
START GROUP
LOAD C:/ST/STM32CubeCLT_1.15.1/GNU-tools-for-STM32/bin/../lib/gcc/arm-none-eabi/12.3.1/thumb/v6-m/nofp\libgcc.a
LOAD C:/ST/STM32CubeCLT_1.15.1/GNU-tools-for-STM32/bin/../lib/gcc/arm-none-eabi/12.3.1/../../../../arm-none-eabi/lib/thumb/v6-m/nofp\libg_nano.a
LOAD C:/ST/STM32CubeCLT_1.15.1/GNU-tools-for-STM32/bin/../lib/gcc/arm-none-eabi/12.3.1/../../../../arm-none-eabi/lib/thumb/v6-m/nofp\libc_nano.a
END GROUP
START GROUP
LOAD C:/ST/STM32CubeCLT_1.15.1/GNU-tools-for-STM32/bin/../lib/gcc/arm-none-eabi/12.3.1/thumb/v6-m/nofp\libgcc.a
LOAD C:/ST/STM32CubeCLT_1.15.1/GNU-tools-for-STM32/bin/../lib/gcc/arm-none-eabi/12.3.1/../../../../arm-none-eabi/lib/thumb/v6-m/nofp\libc_nano.a
END GROUP
LOAD C:/ST/STM32CubeCLT_1.15.1/GNU-tools-for-STM32/bin/../lib/gcc/arm-none-eabi/12.3.1/thumb/v6-m/nofp/crtend.o
LOAD C:/ST/STM32CubeCLT_1.15.1/GNU-tools-for-STM32/bin/../lib/gcc/arm-none-eabi/12.3.1/thumb/v6-m/nofp/crtn.o
                0x20024000                        _estack = (ORIGIN (RAM) + LENGTH (RAM))
                0x00000200                        _Min_Heap_Size = 0x200
                0x00000400                        _Min_Stack_Size = 0x400

.isr_vector     0x08000000       0xbc
                0x08000000                        . = ALIGN (0x4)
 *(.isr_vector)
 .isr_vector    0x08000000       0xbc CMakeFiles/NeoBalsam.dir/startup_stm32g0b1xx.s.obj
                0x08000000                g_pfnVectors
                0x080000bc                        . = ALIGN (0x4)

.text           0x080000bc     0x8d3c
                0x080000bc                        . = ALIGN (0x4)
 *(.text)
 .text          0x080000bc       0x48 C:/ST/STM32CubeCLT_1.15.1/GNU-tools-for-STM32/bin/../lib/gcc/arm-none-eabi/12.3.1/thumb/v6-m/nofp/crtbegin.o
 .text          0x08000104      0x114 C:/ST/STM32CubeCLT_1.15.1/GNU-tools-for-STM32/bin/../lib/gcc/arm-none-eabi/12.3.1/thumb/v6-m/nofp\libgcc.a(_udivsi3.o)
                0x08000104                __aeabi_uidiv
                0x08000104                __udivsi3
                0x08000210                __aeabi_uidivmod
 .text          0x08000218      0x1d4 C:/ST/STM32CubeCLT_1.15.1/GNU-tools-for-STM32/bin/../lib/gcc/arm-none-eabi/12.3.1/thumb/v6-m/nofp\libgcc.a(_divsi3.o)
                0x08000218                __divsi3
                0x08000218                __aeabi_idiv
                0x080003e4                __aeabi_idivmod
 .text          0x080003ec        0x4 C:/ST/STM32CubeCLT_1.15.1/GNU-tools-for-STM32/bin/../lib/gcc/arm-none-eabi/12.3.1/thumb/v6-m/nofp\libgcc.a(_dvmd_tls.o)
                0x080003ec                __aeabi_idiv0
                0x080003ec                __aeabi_ldiv0
 .text          0x080003f0       0x30 C:/ST/STM32CubeCLT_1.15.1/GNU-tools-for-STM32/bin/../lib/gcc/arm-none-eabi/12.3.1/thumb/v6-m/nofp\libgcc.a(_fixunssfsi.o)
                0x080003f0                __fixunssfsi
                0x080003f0                __aeabi_f2uiz
 .text          0x08000420       0x3c C:/ST/STM32CubeCLT_1.15.1/GNU-tools-for-STM32/bin/../lib/gcc/arm-none-eabi/12.3.1/thumb/v6-m/nofp\libgcc.a(_fixunsdfsi.o)
                0x08000420                __aeabi_d2uiz
                0x08000420                __fixunsdfsi
 .text          0x0800045c      0x314 C:/ST/STM32CubeCLT_1.15.1/GNU-tools-for-STM32/bin/../lib/gcc/arm-none-eabi/12.3.1/thumb/v6-m/nofp\libgcc.a(addsf3.o)
                0x0800045c                __aeabi_fadd
 .text          0x08000770      0x240 C:/ST/STM32CubeCLT_1.15.1/GNU-tools-for-STM32/bin/../lib/gcc/arm-none-eabi/12.3.1/thumb/v6-m/nofp\libgcc.a(divsf3.o)
                0x08000770                __aeabi_fdiv
 .text          0x080009b0      0x27c C:/ST/STM32CubeCLT_1.15.1/GNU-tools-for-STM32/bin/../lib/gcc/arm-none-eabi/12.3.1/thumb/v6-m/nofp\libgcc.a(mulsf3.o)
                0x080009b0                __aeabi_fmul
 .text          0x08000c2c      0x348 C:/ST/STM32CubeCLT_1.15.1/GNU-tools-for-STM32/bin/../lib/gcc/arm-none-eabi/12.3.1/thumb/v6-m/nofp\libgcc.a(subsf3.o)
                0x08000c2c                __aeabi_fsub
 .text          0x08000f74       0x40 C:/ST/STM32CubeCLT_1.15.1/GNU-tools-for-STM32/bin/../lib/gcc/arm-none-eabi/12.3.1/thumb/v6-m/nofp\libgcc.a(fixsfsi.o)
                0x08000f74                __aeabi_f2iz
 .text          0x08000fb4       0x98 C:/ST/STM32CubeCLT_1.15.1/GNU-tools-for-STM32/bin/../lib/gcc/arm-none-eabi/12.3.1/thumb/v6-m/nofp\libgcc.a(floatsisf.o)
                0x08000fb4                __aeabi_i2f
 .text          0x0800104c       0x84 C:/ST/STM32CubeCLT_1.15.1/GNU-tools-for-STM32/bin/../lib/gcc/arm-none-eabi/12.3.1/thumb/v6-m/nofp\libgcc.a(floatunsisf.o)
                0x0800104c                __aeabi_ui2f
 .text          0x080010d0      0x6c8 C:/ST/STM32CubeCLT_1.15.1/GNU-tools-for-STM32/bin/../lib/gcc/arm-none-eabi/12.3.1/thumb/v6-m/nofp\libgcc.a(adddf3.o)
                0x080010d0                __aeabi_dadd
 .text          0x08001798      0x634 C:/ST/STM32CubeCLT_1.15.1/GNU-tools-for-STM32/bin/../lib/gcc/arm-none-eabi/12.3.1/thumb/v6-m/nofp\libgcc.a(divdf3.o)
                0x08001798                __aeabi_ddiv
 .text          0x08001dcc      0x590 C:/ST/STM32CubeCLT_1.15.1/GNU-tools-for-STM32/bin/../lib/gcc/arm-none-eabi/12.3.1/thumb/v6-m/nofp\libgcc.a(muldf3.o)
                0x08001dcc                __aeabi_dmul
 .text          0x0800235c      0x738 C:/ST/STM32CubeCLT_1.15.1/GNU-tools-for-STM32/bin/../lib/gcc/arm-none-eabi/12.3.1/thumb/v6-m/nofp\libgcc.a(subdf3.o)
                0x0800235c                __aeabi_dsub
 .text          0x08002a94       0x78 C:/ST/STM32CubeCLT_1.15.1/GNU-tools-for-STM32/bin/../lib/gcc/arm-none-eabi/12.3.1/thumb/v6-m/nofp\libgcc.a(fixdfsi.o)
                0x08002a94                __aeabi_d2iz
 .text          0x08002b0c       0x48 C:/ST/STM32CubeCLT_1.15.1/GNU-tools-for-STM32/bin/../lib/gcc/arm-none-eabi/12.3.1/thumb/v6-m/nofp\libgcc.a(floatunsidf.o)
                0x08002b0c                __aeabi_ui2d
 .text          0x08002b54       0x90 C:/ST/STM32CubeCLT_1.15.1/GNU-tools-for-STM32/bin/../lib/gcc/arm-none-eabi/12.3.1/thumb/v6-m/nofp\libgcc.a(extendsfdf2.o)
                0x08002b54                __aeabi_f2d
 .text          0x08002be4      0x108 C:/ST/STM32CubeCLT_1.15.1/GNU-tools-for-STM32/bin/../lib/gcc/arm-none-eabi/12.3.1/thumb/v6-m/nofp\libgcc.a(truncdfsf2.o)
                0x08002be4                __aeabi_d2f
 .text          0x08002cec       0x7c C:/ST/STM32CubeCLT_1.15.1/GNU-tools-for-STM32/bin/../lib/gcc/arm-none-eabi/12.3.1/thumb/v6-m/nofp\libgcc.a(_arm_cmpdf2.o)
                0x08002cec                __aeabi_cdrcmple
                0x08002cfc                __aeabi_cdcmple
                0x08002cfc                __aeabi_cdcmpeq
                0x08002d0c                __aeabi_dcmpeq
                0x08002d18                __aeabi_dcmplt
                0x08002d2c                __aeabi_dcmple
                0x08002d40                __aeabi_dcmpgt
                0x08002d54                __aeabi_dcmpge
 .text          0x08002d68       0x74 C:/ST/STM32CubeCLT_1.15.1/GNU-tools-for-STM32/bin/../lib/gcc/arm-none-eabi/12.3.1/thumb/v6-m/nofp\libgcc.a(_arm_cmpsf2.o)
                0x08002d68                __aeabi_cfrcmple
                0x08002d70                __aeabi_cfcmpeq
                0x08002d70                __aeabi_cfcmple
                0x08002d80                __aeabi_fcmpeq
                0x08002d8c                __aeabi_fcmplt
                0x08002da0                __aeabi_fcmple
                0x08002db4                __aeabi_fcmpgt
                0x08002dc8                __aeabi_fcmpge
 .text          0x08002ddc       0x3c C:/ST/STM32CubeCLT_1.15.1/GNU-tools-for-STM32/bin/../lib/gcc/arm-none-eabi/12.3.1/thumb/v6-m/nofp\libgcc.a(_clzsi2.o)
                0x08002ddc                __clzsi2
 .text          0x08002e18       0x50 C:/ST/STM32CubeCLT_1.15.1/GNU-tools-for-STM32/bin/../lib/gcc/arm-none-eabi/12.3.1/thumb/v6-m/nofp\libgcc.a(eqsf2.o)
                0x08002e18                __eqsf2
                0x08002e18                __nesf2
 .text          0x08002e68       0xa0 C:/ST/STM32CubeCLT_1.15.1/GNU-tools-for-STM32/bin/../lib/gcc/arm-none-eabi/12.3.1/thumb/v6-m/nofp\libgcc.a(gesf2.o)
                0x08002e68                __gesf2
                0x08002e68                __gtsf2
 .text          0x08002f08       0x9c C:/ST/STM32CubeCLT_1.15.1/GNU-tools-for-STM32/bin/../lib/gcc/arm-none-eabi/12.3.1/thumb/v6-m/nofp\libgcc.a(lesf2.o)
                0x08002f08                __ltsf2
                0x08002f08                __lesf2
 .text          0x08002fa4       0x88 C:/ST/STM32CubeCLT_1.15.1/GNU-tools-for-STM32/bin/../lib/gcc/arm-none-eabi/12.3.1/thumb/v6-m/nofp\libgcc.a(eqdf2.o)
                0x08002fa4                __nedf2
                0x08002fa4                __eqdf2
 .text          0x0800302c       0xe8 C:/ST/STM32CubeCLT_1.15.1/GNU-tools-for-STM32/bin/../lib/gcc/arm-none-eabi/12.3.1/thumb/v6-m/nofp\libgcc.a(gedf2.o)
                0x0800302c                __gedf2
                0x0800302c                __gtdf2
 .text          0x08003114       0xe4 C:/ST/STM32CubeCLT_1.15.1/GNU-tools-for-STM32/bin/../lib/gcc/arm-none-eabi/12.3.1/thumb/v6-m/nofp\libgcc.a(ledf2.o)
                0x08003114                __ledf2
                0x08003114                __ltdf2
 .text          0x080031f8       0x5c C:/ST/STM32CubeCLT_1.15.1/GNU-tools-for-STM32/bin/../lib/gcc/arm-none-eabi/12.3.1/thumb/v6-m/nofp\libgcc.a(floatsidf.o)
                0x080031f8                __aeabi_i2d
 *(.text*)
 .text.memset   0x08003254       0x10 C:/ST/STM32CubeCLT_1.15.1/GNU-tools-for-STM32/bin/../lib/gcc/arm-none-eabi/12.3.1/../../../../arm-none-eabi/lib/thumb/v6-m/nofp\libc_nano.a(libc_a-memset.o)
                0x08003254                memset
 .text.__libc_init_array
                0x08003264       0x48 C:/ST/STM32CubeCLT_1.15.1/GNU-tools-for-STM32/bin/../lib/gcc/arm-none-eabi/12.3.1/../../../../arm-none-eabi/lib/thumb/v6-m/nofp\libc_nano.a(libc_a-init.o)
                0x08003264                __libc_init_array
 .text.app_init
                0x080032ac        0xa CMakeFiles/NeoBalsam.dir/User/app_main.c.obj
                0x080032ac                app_init
 *fill*         0x080032b6        0x2 
 .text.oscillateBrightness
                0x080032b8       0xdc CMakeFiles/NeoBalsam.dir/User/app_main.c.obj
 .text.show_off
                0x08003394       0x10 CMakeFiles/NeoBalsam.dir/User/app_main.c.obj
                0x08003394                show_off
 .text.show_breathing
                0x080033a4       0xe0 CMakeFiles/NeoBalsam.dir/User/app_main.c.obj
                0x080033a4                show_breathing
 .text.show_intense
                0x08003484       0xe0 CMakeFiles/NeoBalsam.dir/User/app_main.c.obj
                0x08003484                show_intense
 .text.show_rainbow_fade
                0x08003564       0x8a CMakeFiles/NeoBalsam.dir/User/app_main.c.obj
                0x08003564                show_rainbow_fade
 *fill*         0x080035ee        0x2 
 .text.app_main
                0x080035f0       0x88 CMakeFiles/NeoBalsam.dir/User/app_main.c.obj
                0x080035f0                app_main
 .text.HAL_GPIO_EXTI_Rising_Callback
                0x08003678       0x40 CMakeFiles/NeoBalsam.dir/User/app_main.c.obj
                0x08003678                HAL_GPIO_EXTI_Rising_Callback
 .text.ARGB_Init
                0x080036b8       0xe8 CMakeFiles/NeoBalsam.dir/User/ARGB.c.obj
                0x080036b8                ARGB_Init
 .text.ARGB_Clear
                0x080037a0       0x14 CMakeFiles/NeoBalsam.dir/User/ARGB.c.obj
                0x080037a0                ARGB_Clear
 .text.ARGB_SetBrightness
                0x080037b4       0x20 CMakeFiles/NeoBalsam.dir/User/ARGB.c.obj
                0x080037b4                ARGB_SetBrightness
 .text.ARGB_SetRGB
                0x080037d4      0x164 CMakeFiles/NeoBalsam.dir/User/ARGB.c.obj
                0x080037d4                ARGB_SetRGB
 .text.ARGB_SetHSV
                0x08003938       0x68 CMakeFiles/NeoBalsam.dir/User/ARGB.c.obj
                0x08003938                ARGB_SetHSV
 .text.ARGB_FillRGB
                0x080039a0       0x66 CMakeFiles/NeoBalsam.dir/User/ARGB.c.obj
                0x080039a0                ARGB_FillRGB
 *fill*         0x08003a06        0x2 
 .text.ARGB_Ready
                0x08003a08       0x14 CMakeFiles/NeoBalsam.dir/User/ARGB.c.obj
                0x08003a08                ARGB_Ready
 .text.ARGB_Show
                0x08003a1c      0x360 CMakeFiles/NeoBalsam.dir/User/ARGB.c.obj
                0x08003a1c                ARGB_Show
 .text.scale8   0x08003d7c       0x28 CMakeFiles/NeoBalsam.dir/User/ARGB.c.obj
 .text.HSV2RGB  0x08003da4      0x274 CMakeFiles/NeoBalsam.dir/User/ARGB.c.obj
 .text.ARGB_TIM_DMADelayPulseCplt
                0x08004018      0x310 CMakeFiles/NeoBalsam.dir/User/ARGB.c.obj
 .text.ARGB_TIM_DMADelayPulseHalfCplt
                0x08004328      0x1a8 CMakeFiles/NeoBalsam.dir/User/ARGB.c.obj
 .text.main     0x080044d0       0x28 CMakeFiles/NeoBalsam.dir/Core/Src/main.c.obj
                0x080044d0                main
 .text.SystemClock_Config
                0x080044f8       0xc4 CMakeFiles/NeoBalsam.dir/Core/Src/main.c.obj
                0x080044f8                SystemClock_Config
 .text.Error_Handler
                0x080045bc        0xc CMakeFiles/NeoBalsam.dir/Core/Src/main.c.obj
                0x080045bc                Error_Handler
 .text.MX_GPIO_Init
                0x080045c8       0xbc CMakeFiles/NeoBalsam.dir/Core/Src/gpio.c.obj
                0x080045c8                MX_GPIO_Init
 .text.MX_DMA_Init
                0x08004684       0x3c CMakeFiles/NeoBalsam.dir/Core/Src/dma.c.obj
                0x08004684                MX_DMA_Init
 .text.MX_TIM1_Init
                0x080046c0      0x194 CMakeFiles/NeoBalsam.dir/Core/Src/tim.c.obj
                0x080046c0                MX_TIM1_Init
 .text.HAL_TIM_Base_MspInit
                0x08004854       0xec CMakeFiles/NeoBalsam.dir/Core/Src/tim.c.obj
                0x08004854                HAL_TIM_Base_MspInit
 .text.HAL_TIM_MspPostInit
                0x08004940       0x7c CMakeFiles/NeoBalsam.dir/Core/Src/tim.c.obj
                0x08004940                HAL_TIM_MspPostInit
 .text.MX_USB_DRD_FS_PCD_Init
                0x080049bc       0x6c CMakeFiles/NeoBalsam.dir/Core/Src/usb_drd_fs.c.obj
                0x080049bc                MX_USB_DRD_FS_PCD_Init
 .text.HAL_PCD_MspInit
                0x08004a28       0xb0 CMakeFiles/NeoBalsam.dir/Core/Src/usb_drd_fs.c.obj
                0x08004a28                HAL_PCD_MspInit
 .text.NMI_Handler
                0x08004ad8        0x8 CMakeFiles/NeoBalsam.dir/Core/Src/stm32g0xx_it.c.obj
                0x08004ad8                NMI_Handler
 .text.HardFault_Handler
                0x08004ae0        0x8 CMakeFiles/NeoBalsam.dir/Core/Src/stm32g0xx_it.c.obj
                0x08004ae0                HardFault_Handler
 .text.SVC_Handler
                0x08004ae8        0xa CMakeFiles/NeoBalsam.dir/Core/Src/stm32g0xx_it.c.obj
                0x08004ae8                SVC_Handler
 .text.PendSV_Handler
                0x08004af2        0xa CMakeFiles/NeoBalsam.dir/Core/Src/stm32g0xx_it.c.obj
                0x08004af2                PendSV_Handler
 .text.SysTick_Handler
                0x08004afc        0xe CMakeFiles/NeoBalsam.dir/Core/Src/stm32g0xx_it.c.obj
                0x08004afc                SysTick_Handler
 .text.EXTI0_1_IRQHandler
                0x08004b0a       0x10 CMakeFiles/NeoBalsam.dir/Core/Src/stm32g0xx_it.c.obj
                0x08004b0a                EXTI0_1_IRQHandler
 *fill*         0x08004b1a        0x2 
 .text.DMA1_Channel1_IRQHandler
                0x08004b1c       0x18 CMakeFiles/NeoBalsam.dir/Core/Src/stm32g0xx_it.c.obj
                0x08004b1c                DMA1_Channel1_IRQHandler
 .text.TIM1_BRK_UP_TRG_COM_IRQHandler
                0x08004b34       0x18 CMakeFiles/NeoBalsam.dir/Core/Src/stm32g0xx_it.c.obj
                0x08004b34                TIM1_BRK_UP_TRG_COM_IRQHandler
 .text.TIM1_CC_IRQHandler
                0x08004b4c       0x18 CMakeFiles/NeoBalsam.dir/Core/Src/stm32g0xx_it.c.obj
                0x08004b4c                TIM1_CC_IRQHandler
 .text.HAL_MspInit
                0x08004b64       0x50 CMakeFiles/NeoBalsam.dir/Core/Src/stm32g0xx_hal_msp.c.obj
                0x08004b64                HAL_MspInit
 .text.HAL_TIM_Base_Init
                0x08004bb4       0xb0 CMakeFiles/NeoBalsam.dir/Drivers/STM32G0xx_HAL_Driver/Src/stm32g0xx_hal_tim.c.obj
                0x08004bb4                HAL_TIM_Base_Init
 .text.HAL_TIM_PWM_Init
                0x08004c64       0xb0 CMakeFiles/NeoBalsam.dir/Drivers/STM32G0xx_HAL_Driver/Src/stm32g0xx_hal_tim.c.obj
                0x08004c64                HAL_TIM_PWM_Init
 .text.HAL_TIM_PWM_MspInit
                0x08004d14       0x10 CMakeFiles/NeoBalsam.dir/Drivers/STM32G0xx_HAL_Driver/Src/stm32g0xx_hal_tim.c.obj
                0x08004d14                HAL_TIM_PWM_MspInit
 .text.HAL_TIM_IRQHandler
                0x08004d24      0x210 CMakeFiles/NeoBalsam.dir/Drivers/STM32G0xx_HAL_Driver/Src/stm32g0xx_hal_tim.c.obj
                0x08004d24                HAL_TIM_IRQHandler
 .text.HAL_TIM_PWM_ConfigChannel
                0x08004f34      0x200 CMakeFiles/NeoBalsam.dir/Drivers/STM32G0xx_HAL_Driver/Src/stm32g0xx_hal_tim.c.obj
                0x08004f34                HAL_TIM_PWM_ConfigChannel
 .text.HAL_TIM_ConfigClockSource
                0x08005134      0x1ac CMakeFiles/NeoBalsam.dir/Drivers/STM32G0xx_HAL_Driver/Src/stm32g0xx_hal_tim.c.obj
                0x08005134                HAL_TIM_ConfigClockSource
 .text.HAL_TIM_PeriodElapsedCallback
                0x080052e0       0x10 CMakeFiles/NeoBalsam.dir/Drivers/STM32G0xx_HAL_Driver/Src/stm32g0xx_hal_tim.c.obj
                0x080052e0                HAL_TIM_PeriodElapsedCallback
 .text.HAL_TIM_OC_DelayElapsedCallback
                0x080052f0       0x10 CMakeFiles/NeoBalsam.dir/Drivers/STM32G0xx_HAL_Driver/Src/stm32g0xx_hal_tim.c.obj
                0x080052f0                HAL_TIM_OC_DelayElapsedCallback
 .text.HAL_TIM_IC_CaptureCallback
                0x08005300       0x10 CMakeFiles/NeoBalsam.dir/Drivers/STM32G0xx_HAL_Driver/Src/stm32g0xx_hal_tim.c.obj
                0x08005300                HAL_TIM_IC_CaptureCallback
 .text.HAL_TIM_PWM_PulseFinishedCallback
                0x08005310       0x10 CMakeFiles/NeoBalsam.dir/Drivers/STM32G0xx_HAL_Driver/Src/stm32g0xx_hal_tim.c.obj
                0x08005310                HAL_TIM_PWM_PulseFinishedCallback
 .text.HAL_TIM_TriggerCallback
                0x08005320       0x10 CMakeFiles/NeoBalsam.dir/Drivers/STM32G0xx_HAL_Driver/Src/stm32g0xx_hal_tim.c.obj
                0x08005320                HAL_TIM_TriggerCallback
 .text.HAL_TIM_ErrorCallback
                0x08005330       0x10 CMakeFiles/NeoBalsam.dir/Drivers/STM32G0xx_HAL_Driver/Src/stm32g0xx_hal_tim.c.obj
                0x08005330                HAL_TIM_ErrorCallback
 .text.TIM_DMAError
                0x08005340       0x94 CMakeFiles/NeoBalsam.dir/Drivers/STM32G0xx_HAL_Driver/Src/stm32g0xx_hal_tim.c.obj
                0x08005340                TIM_DMAError
 .text.TIM_Base_SetConfig
                0x080053d4      0x130 CMakeFiles/NeoBalsam.dir/Drivers/STM32G0xx_HAL_Driver/Src/stm32g0xx_hal_tim.c.obj
                0x080053d4                TIM_Base_SetConfig
 .text.TIM_OC1_SetConfig
                0x08005504      0x114 CMakeFiles/NeoBalsam.dir/Drivers/STM32G0xx_HAL_Driver/Src/stm32g0xx_hal_tim.c.obj
 .text.TIM_OC2_SetConfig
                0x08005618      0x108 CMakeFiles/NeoBalsam.dir/Drivers/STM32G0xx_HAL_Driver/Src/stm32g0xx_hal_tim.c.obj
                0x08005618                TIM_OC2_SetConfig
 .text.TIM_OC3_SetConfig
                0x08005720      0x110 CMakeFiles/NeoBalsam.dir/Drivers/STM32G0xx_HAL_Driver/Src/stm32g0xx_hal_tim.c.obj
 .text.TIM_OC4_SetConfig
                0x08005830       0xd4 CMakeFiles/NeoBalsam.dir/Drivers/STM32G0xx_HAL_Driver/Src/stm32g0xx_hal_tim.c.obj
 .text.TIM_OC5_SetConfig
                0x08005904       0xc0 CMakeFiles/NeoBalsam.dir/Drivers/STM32G0xx_HAL_Driver/Src/stm32g0xx_hal_tim.c.obj
 .text.TIM_OC6_SetConfig
                0x080059c4       0xc8 CMakeFiles/NeoBalsam.dir/Drivers/STM32G0xx_HAL_Driver/Src/stm32g0xx_hal_tim.c.obj
 .text.TIM_TI1_ConfigInputStage
                0x08005a8c       0x5c CMakeFiles/NeoBalsam.dir/Drivers/STM32G0xx_HAL_Driver/Src/stm32g0xx_hal_tim.c.obj
 .text.TIM_TI2_ConfigInputStage
                0x08005ae8       0x64 CMakeFiles/NeoBalsam.dir/Drivers/STM32G0xx_HAL_Driver/Src/stm32g0xx_hal_tim.c.obj
 .text.TIM_ITRx_SetConfig
                0x08005b4c       0x38 CMakeFiles/NeoBalsam.dir/Drivers/STM32G0xx_HAL_Driver/Src/stm32g0xx_hal_tim.c.obj
 .text.TIM_ETR_SetConfig
                0x08005b84       0x40 CMakeFiles/NeoBalsam.dir/Drivers/STM32G0xx_HAL_Driver/Src/stm32g0xx_hal_tim.c.obj
                0x08005b84                TIM_ETR_SetConfig
 .text.TIM_CCxChannelCmd
                0x08005bc4       0x46 CMakeFiles/NeoBalsam.dir/Drivers/STM32G0xx_HAL_Driver/Src/stm32g0xx_hal_tim.c.obj
                0x08005bc4                TIM_CCxChannelCmd
 *fill*         0x08005c0a        0x2 
 .text.HAL_TIMEx_MasterConfigSynchronization
                0x08005c0c       0xec CMakeFiles/NeoBalsam.dir/Drivers/STM32G0xx_HAL_Driver/Src/stm32g0xx_hal_tim_ex.c.obj
                0x08005c0c                HAL_TIMEx_MasterConfigSynchronization
 .text.HAL_TIMEx_ConfigBreakDeadTime
                0x08005cf8      0x138 CMakeFiles/NeoBalsam.dir/Drivers/STM32G0xx_HAL_Driver/Src/stm32g0xx_hal_tim_ex.c.obj
                0x08005cf8                HAL_TIMEx_ConfigBreakDeadTime
 .text.HAL_TIMEx_CommutCallback
                0x08005e30       0x10 CMakeFiles/NeoBalsam.dir/Drivers/STM32G0xx_HAL_Driver/Src/stm32g0xx_hal_tim_ex.c.obj
                0x08005e30                HAL_TIMEx_CommutCallback
 .text.HAL_TIMEx_BreakCallback
                0x08005e40       0x10 CMakeFiles/NeoBalsam.dir/Drivers/STM32G0xx_HAL_Driver/Src/stm32g0xx_hal_tim_ex.c.obj
                0x08005e40                HAL_TIMEx_BreakCallback
 .text.HAL_TIMEx_Break2Callback
                0x08005e50       0x10 CMakeFiles/NeoBalsam.dir/Drivers/STM32G0xx_HAL_Driver/Src/stm32g0xx_hal_tim_ex.c.obj
                0x08005e50                HAL_TIMEx_Break2Callback
 .text.LL_RCC_GetAPB1Prescaler
                0x08005e60       0x18 CMakeFiles/NeoBalsam.dir/Drivers/STM32G0xx_HAL_Driver/Src/stm32g0xx_hal_rcc.c.obj
 .text.HAL_RCC_OscConfig
                0x08005e78      0x6c0 CMakeFiles/NeoBalsam.dir/Drivers/STM32G0xx_HAL_Driver/Src/stm32g0xx_hal_rcc.c.obj
                0x08005e78                HAL_RCC_OscConfig
 .text.HAL_RCC_ClockConfig
                0x08006538      0x210 CMakeFiles/NeoBalsam.dir/Drivers/STM32G0xx_HAL_Driver/Src/stm32g0xx_hal_rcc.c.obj
                0x08006538                HAL_RCC_ClockConfig
 .text.HAL_RCC_GetSysClockFreq
                0x08006748      0x104 CMakeFiles/NeoBalsam.dir/Drivers/STM32G0xx_HAL_Driver/Src/stm32g0xx_hal_rcc.c.obj
                0x08006748                HAL_RCC_GetSysClockFreq
 .text.HAL_RCC_GetHCLKFreq
                0x0800684c       0x14 CMakeFiles/NeoBalsam.dir/Drivers/STM32G0xx_HAL_Driver/Src/stm32g0xx_hal_rcc.c.obj
                0x0800684c                HAL_RCC_GetHCLKFreq
 .text.HAL_RCC_GetPCLK1Freq
                0x08006860       0x2c CMakeFiles/NeoBalsam.dir/Drivers/STM32G0xx_HAL_Driver/Src/stm32g0xx_hal_rcc.c.obj
                0x08006860                HAL_RCC_GetPCLK1Freq
 .text.HAL_RCCEx_PeriphCLKConfig
                0x0800688c      0x478 CMakeFiles/NeoBalsam.dir/Drivers/STM32G0xx_HAL_Driver/Src/stm32g0xx_hal_rcc_ex.c.obj
                0x0800688c                HAL_RCCEx_PeriphCLKConfig
 .text.HAL_GPIO_Init
                0x08006d04      0x2d8 CMakeFiles/NeoBalsam.dir/Drivers/STM32G0xx_HAL_Driver/Src/stm32g0xx_hal_gpio.c.obj
                0x08006d04                HAL_GPIO_Init
 .text.HAL_GPIO_WritePin
                0x08006fdc       0x3a CMakeFiles/NeoBalsam.dir/Drivers/STM32G0xx_HAL_Driver/Src/stm32g0xx_hal_gpio.c.obj
                0x08006fdc                HAL_GPIO_WritePin
 *fill*         0x08007016        0x2 
 .text.HAL_GPIO_EXTI_IRQHandler
                0x08007018       0x54 CMakeFiles/NeoBalsam.dir/Drivers/STM32G0xx_HAL_Driver/Src/stm32g0xx_hal_gpio.c.obj
                0x08007018                HAL_GPIO_EXTI_IRQHandler
 .text.HAL_GPIO_EXTI_Falling_Callback
                0x0800706c       0x14 CMakeFiles/NeoBalsam.dir/Drivers/STM32G0xx_HAL_Driver/Src/stm32g0xx_hal_gpio.c.obj
                0x0800706c                HAL_GPIO_EXTI_Falling_Callback
 .text.HAL_DMA_Init
                0x08007080      0x158 CMakeFiles/NeoBalsam.dir/Drivers/STM32G0xx_HAL_Driver/Src/stm32g0xx_hal_dma.c.obj
                0x08007080                HAL_DMA_Init
 .text.HAL_DMA_Start_IT
                0x080071d8      0x10c CMakeFiles/NeoBalsam.dir/Drivers/STM32G0xx_HAL_Driver/Src/stm32g0xx_hal_dma.c.obj
                0x080071d8                HAL_DMA_Start_IT
 .text.HAL_DMA_Abort_IT
                0x080072e4       0xd0 CMakeFiles/NeoBalsam.dir/Drivers/STM32G0xx_HAL_Driver/Src/stm32g0xx_hal_dma.c.obj
                0x080072e4                HAL_DMA_Abort_IT
 .text.HAL_DMA_IRQHandler
                0x080073b4      0x188 CMakeFiles/NeoBalsam.dir/Drivers/STM32G0xx_HAL_Driver/Src/stm32g0xx_hal_dma.c.obj
                0x080073b4                HAL_DMA_IRQHandler
 .text.DMA_SetConfig
                0x0800753c       0x78 CMakeFiles/NeoBalsam.dir/Drivers/STM32G0xx_HAL_Driver/Src/stm32g0xx_hal_dma.c.obj
 .text.DMA_CalcDMAMUXChannelBaseAndMask
                0x080075b4       0x94 CMakeFiles/NeoBalsam.dir/Drivers/STM32G0xx_HAL_Driver/Src/stm32g0xx_hal_dma.c.obj
 .text.DMA_CalcDMAMUXRequestGenBaseAndMask
                0x08007648       0x48 CMakeFiles/NeoBalsam.dir/Drivers/STM32G0xx_HAL_Driver/Src/stm32g0xx_hal_dma.c.obj
 .text.HAL_PWREx_EnableVddUSB
                0x08007690       0x1c CMakeFiles/NeoBalsam.dir/Drivers/STM32G0xx_HAL_Driver/Src/stm32g0xx_hal_pwr_ex.c.obj
                0x08007690                HAL_PWREx_EnableVddUSB
 .text.HAL_PWREx_ControlVoltageScaling
                0x080076ac       0x80 CMakeFiles/NeoBalsam.dir/Drivers/STM32G0xx_HAL_Driver/Src/stm32g0xx_hal_pwr_ex.c.obj
                0x080076ac                HAL_PWREx_ControlVoltageScaling
 .text.__NVIC_EnableIRQ
                0x0800772c       0x34 CMakeFiles/NeoBalsam.dir/Drivers/STM32G0xx_HAL_Driver/Src/stm32g0xx_hal_cortex.c.obj
 .text.__NVIC_SetPriority
                0x08007760       0xdc CMakeFiles/NeoBalsam.dir/Drivers/STM32G0xx_HAL_Driver/Src/stm32g0xx_hal_cortex.c.obj
 .text.SysTick_Config
                0x0800783c       0x48 CMakeFiles/NeoBalsam.dir/Drivers/STM32G0xx_HAL_Driver/Src/stm32g0xx_hal_cortex.c.obj
 .text.HAL_NVIC_SetPriority
                0x08007884       0x2a CMakeFiles/NeoBalsam.dir/Drivers/STM32G0xx_HAL_Driver/Src/stm32g0xx_hal_cortex.c.obj
                0x08007884                HAL_NVIC_SetPriority
 .text.HAL_NVIC_EnableIRQ
                0x080078ae       0x20 CMakeFiles/NeoBalsam.dir/Drivers/STM32G0xx_HAL_Driver/Src/stm32g0xx_hal_cortex.c.obj
                0x080078ae                HAL_NVIC_EnableIRQ
 .text.HAL_SYSTICK_Config
                0x080078ce       0x1a CMakeFiles/NeoBalsam.dir/Drivers/STM32G0xx_HAL_Driver/Src/stm32g0xx_hal_cortex.c.obj
                0x080078ce                HAL_SYSTICK_Config
 .text.HAL_Init
                0x080078e8       0x40 CMakeFiles/NeoBalsam.dir/Drivers/STM32G0xx_HAL_Driver/Src/stm32g0xx_hal.c.obj
                0x080078e8                HAL_Init
 .text.HAL_InitTick
                0x08007928       0x94 CMakeFiles/NeoBalsam.dir/Drivers/STM32G0xx_HAL_Driver/Src/stm32g0xx_hal.c.obj
                0x08007928                HAL_InitTick
 .text.HAL_IncTick
                0x080079bc       0x24 CMakeFiles/NeoBalsam.dir/Drivers/STM32G0xx_HAL_Driver/Src/stm32g0xx_hal.c.obj
                0x080079bc                HAL_IncTick
 .text.HAL_GetTick
                0x080079e0       0x14 CMakeFiles/NeoBalsam.dir/Drivers/STM32G0xx_HAL_Driver/Src/stm32g0xx_hal.c.obj
                0x080079e0                HAL_GetTick
 .text.HAL_Delay
                0x080079f4       0x48 CMakeFiles/NeoBalsam.dir/Drivers/STM32G0xx_HAL_Driver/Src/stm32g0xx_hal.c.obj
                0x080079f4                HAL_Delay
 .text.HAL_SYSCFG_StrobeDBattpinsConfig
                0x08007a3c       0x2c CMakeFiles/NeoBalsam.dir/Drivers/STM32G0xx_HAL_Driver/Src/stm32g0xx_hal.c.obj
                0x08007a3c                HAL_SYSCFG_StrobeDBattpinsConfig
 .text.HAL_PCD_Init
                0x08007a68      0x1f4 CMakeFiles/NeoBalsam.dir/Drivers/STM32G0xx_HAL_Driver/Src/stm32g0xx_hal_pcd.c.obj
                0x08007a68                HAL_PCD_Init
 .text.HAL_PCDEx_ActivateLPM
                0x08007c5c       0x44 CMakeFiles/NeoBalsam.dir/Drivers/STM32G0xx_HAL_Driver/Src/stm32g0xx_hal_pcd_ex.c.obj
                0x08007c5c                HAL_PCDEx_ActivateLPM
 .text.USB_DisableGlobalInt
                0x08007ca0       0x28 CMakeFiles/NeoBalsam.dir/Drivers/STM32G0xx_HAL_Driver/Src/stm32g0xx_ll_usb.c.obj
                0x08007ca0                USB_DisableGlobalInt
 .text.USB_SetCurrentMode
                0x08007cc8       0x4a CMakeFiles/NeoBalsam.dir/Drivers/STM32G0xx_HAL_Driver/Src/stm32g0xx_ll_usb.c.obj
                0x08007cc8                USB_SetCurrentMode
 .text.USB_DevInit
                0x08007d12       0x56 CMakeFiles/NeoBalsam.dir/Drivers/STM32G0xx_HAL_Driver/Src/stm32g0xx_ll_usb.c.obj
                0x08007d12                USB_DevInit
 .text.SystemInit
                0x08007d68        0xa CMakeFiles/NeoBalsam.dir/Core/Src/system_stm32g0xx.c.obj
                0x08007d68                SystemInit
 *fill*         0x08007d72        0x2 
 .text.Reset_Handler
                0x08007d74       0x50 CMakeFiles/NeoBalsam.dir/startup_stm32g0b1xx.s.obj
                0x08007d74                Reset_Handler
 .text.Default_Handler
                0x08007dc4        0x2 CMakeFiles/NeoBalsam.dir/startup_stm32g0b1xx.s.obj
                0x08007dc4                I2C2_3_IRQHandler
                0x08007dc4                USART3_4_5_6_LPUART1_IRQHandler
                0x08007dc4                ADC1_COMP_IRQHandler
                0x08007dc4                I2C1_IRQHandler
                0x08007dc4                TIM7_LPTIM2_IRQHandler
                0x08007dc4                TIM17_FDCAN_IT1_IRQHandler
                0x08007dc4                DMA1_Ch4_7_DMA2_Ch1_5_DMAMUX1_OVR_IRQHandler
                0x08007dc4                RCC_CRS_IRQHandler
                0x08007dc4                RTC_TAMP_IRQHandler
                0x08007dc4                SPI1_IRQHandler
                0x08007dc4                USB_UCPD1_2_IRQHandler
                0x08007dc4                EXTI2_3_IRQHandler
                0x08007dc4                USART2_LPUART2_IRQHandler
                0x08007dc4                PVD_VDDIO2_IRQHandler
                0x08007dc4                EXTI4_15_IRQHandler
                0x08007dc4                Default_Handler
                0x08007dc4                CEC_IRQHandler
                0x08007dc4                TIM14_IRQHandler
                0x08007dc4                TIM15_IRQHandler
                0x08007dc4                TIM3_TIM4_IRQHandler
                0x08007dc4                SPI2_3_IRQHandler
                0x08007dc4                TIM6_DAC_LPTIM1_IRQHandler
                0x08007dc4                WWDG_IRQHandler
                0x08007dc4                TIM2_IRQHandler
                0x08007dc4                DMA1_Channel2_3_IRQHandler
                0x08007dc4                FLASH_IRQHandler
                0x08007dc4                USART1_IRQHandler
                0x08007dc4                TIM16_FDCAN_IT0_IRQHandler
 *fill*         0x08007dc6        0x2 
 .text.sin      0x08007dc8       0x88 C:/ST/STM32CubeCLT_1.15.1/GNU-tools-for-STM32/bin/../lib/gcc/arm-none-eabi/12.3.1/../../../../arm-none-eabi/lib/thumb/v6-m/nofp\libm.a(libm_a-s_sin.o)
                0x08007dc8                sin
 .text.floorf   0x08007e50       0x84 C:/ST/STM32CubeCLT_1.15.1/GNU-tools-for-STM32/bin/../lib/gcc/arm-none-eabi/12.3.1/../../../../arm-none-eabi/lib/thumb/v6-m/nofp\libm.a(libm_a-sf_floor.o)
                0x08007e50                floorf
 .text.__kernel_cos
                0x08007ed4      0x180 C:/ST/STM32CubeCLT_1.15.1/GNU-tools-for-STM32/bin/../lib/gcc/arm-none-eabi/12.3.1/../../../../arm-none-eabi/lib/thumb/v6-m/nofp\libm.a(libm_a-k_cos.o)
                0x08007ed4                __kernel_cos
 .text.__kernel_sin
                0x08008054      0x158 C:/ST/STM32CubeCLT_1.15.1/GNU-tools-for-STM32/bin/../lib/gcc/arm-none-eabi/12.3.1/../../../../arm-none-eabi/lib/thumb/v6-m/nofp\libm.a(libm_a-k_sin.o)
                0x08008054                __kernel_sin
 .text.__ieee754_rem_pio2
                0x080081ac      0x3b8 C:/ST/STM32CubeCLT_1.15.1/GNU-tools-for-STM32/bin/../lib/gcc/arm-none-eabi/12.3.1/../../../../arm-none-eabi/lib/thumb/v6-m/nofp\libm.a(libm_a-e_rem_pio2.o)
                0x080081ac                __ieee754_rem_pio2
 .text.fabs     0x08008564        0x8 C:/ST/STM32CubeCLT_1.15.1/GNU-tools-for-STM32/bin/../lib/gcc/arm-none-eabi/12.3.1/../../../../arm-none-eabi/lib/thumb/v6-m/nofp\libm.a(libm_a-s_fabs.o)
                0x08008564                fabs
 .text.__kernel_rem_pio2
                0x0800856c      0x6a4 C:/ST/STM32CubeCLT_1.15.1/GNU-tools-for-STM32/bin/../lib/gcc/arm-none-eabi/12.3.1/../../../../arm-none-eabi/lib/thumb/v6-m/nofp\libm.a(libm_a-k_rem_pio2.o)
                0x0800856c                __kernel_rem_pio2
 .text.scalbn   0x08008c10       0xd8 C:/ST/STM32CubeCLT_1.15.1/GNU-tools-for-STM32/bin/../lib/gcc/arm-none-eabi/12.3.1/../../../../arm-none-eabi/lib/thumb/v6-m/nofp\libm.a(libm_a-s_scalbn.o)
                0x08008c10                scalbn
 .text.floor    0x08008ce8       0xf8 C:/ST/STM32CubeCLT_1.15.1/GNU-tools-for-STM32/bin/../lib/gcc/arm-none-eabi/12.3.1/../../../../arm-none-eabi/lib/thumb/v6-m/nofp\libm.a(libm_a-s_floor.o)
                0x08008ce8                floor
 *(.glue_7)
 .glue_7        0x08008de0        0x0 linker stubs
 *(.glue_7t)
 .glue_7t       0x08008de0        0x0 linker stubs
 *(.eh_frame)
 .eh_frame      0x08008de0        0x0 C:/ST/STM32CubeCLT_1.15.1/GNU-tools-for-STM32/bin/../lib/gcc/arm-none-eabi/12.3.1/thumb/v6-m/nofp/crtbegin.o
 *(.init)
 .init          0x08008de0        0x4 C:/ST/STM32CubeCLT_1.15.1/GNU-tools-for-STM32/bin/../lib/gcc/arm-none-eabi/12.3.1/thumb/v6-m/nofp/crti.o
                0x08008de0                _init
 .init          0x08008de4        0x8 C:/ST/STM32CubeCLT_1.15.1/GNU-tools-for-STM32/bin/../lib/gcc/arm-none-eabi/12.3.1/thumb/v6-m/nofp/crtn.o
 *(.fini)
 .fini          0x08008dec        0x4 C:/ST/STM32CubeCLT_1.15.1/GNU-tools-for-STM32/bin/../lib/gcc/arm-none-eabi/12.3.1/thumb/v6-m/nofp/crti.o
                0x08008dec                _fini
 .fini          0x08008df0        0x8 C:/ST/STM32CubeCLT_1.15.1/GNU-tools-for-STM32/bin/../lib/gcc/arm-none-eabi/12.3.1/thumb/v6-m/nofp/crtn.o
                0x08008df8                        . = ALIGN (0x4)
                0x08008df8                        _etext = .

.vfp11_veneer   0x08008df8        0x0
 .vfp11_veneer  0x08008df8        0x0 linker stubs

.v4_bx          0x08008df8        0x0
 .v4_bx         0x08008df8        0x0 linker stubs

.iplt           0x08008df8        0x0
 .iplt          0x08008df8        0x0 C:/ST/STM32CubeCLT_1.15.1/GNU-tools-for-STM32/bin/../lib/gcc/arm-none-eabi/12.3.1/thumb/v6-m/nofp/crtbegin.o

.rodata         0x08008df8      0x360
                0x08008df8                        . = ALIGN (0x4)
 *(.rodata)
 .rodata        0x08008df8       0x7c C:/ST/STM32CubeCLT_1.15.1/GNU-tools-for-STM32/bin/../lib/gcc/arm-none-eabi/12.3.1/thumb/v6-m/nofp\libgcc.a(divsf3.o)
 .rodata        0x08008e74       0x40 C:/ST/STM32CubeCLT_1.15.1/GNU-tools-for-STM32/bin/../lib/gcc/arm-none-eabi/12.3.1/thumb/v6-m/nofp\libgcc.a(divdf3.o)
 *(.rodata*)
 .rodata.HSV2RGB
                0x08008eb4       0x14 CMakeFiles/NeoBalsam.dir/User/ARGB.c.obj
 .rodata.HAL_TIM_PWM_ConfigChannel
                0x08008ec8       0x54 CMakeFiles/NeoBalsam.dir/Drivers/STM32G0xx_HAL_Driver/Src/stm32g0xx_hal_tim.c.obj
 .rodata.AHBPrescTable
                0x08008f1c       0x40 CMakeFiles/NeoBalsam.dir/Core/Src/system_stm32g0xx.c.obj
                0x08008f1c                AHBPrescTable
 .rodata.APBPrescTable
                0x08008f5c       0x20 CMakeFiles/NeoBalsam.dir/Core/Src/system_stm32g0xx.c.obj
                0x08008f5c                APBPrescTable
 .rodata.npio2_hw
                0x08008f7c       0x80 C:/ST/STM32CubeCLT_1.15.1/GNU-tools-for-STM32/bin/../lib/gcc/arm-none-eabi/12.3.1/../../../../arm-none-eabi/lib/thumb/v6-m/nofp\libm.a(libm_a-e_rem_pio2.o)
 .rodata.two_over_pi
                0x08008ffc      0x108 C:/ST/STM32CubeCLT_1.15.1/GNU-tools-for-STM32/bin/../lib/gcc/arm-none-eabi/12.3.1/../../../../arm-none-eabi/lib/thumb/v6-m/nofp\libm.a(libm_a-e_rem_pio2.o)
 *fill*         0x08009104        0x4 
 .rodata.PIo2   0x08009108       0x40 C:/ST/STM32CubeCLT_1.15.1/GNU-tools-for-STM32/bin/../lib/gcc/arm-none-eabi/12.3.1/../../../../arm-none-eabi/lib/thumb/v6-m/nofp\libm.a(libm_a-k_rem_pio2.o)
 .rodata.init_jk
                0x08009148       0x10 C:/ST/STM32CubeCLT_1.15.1/GNU-tools-for-STM32/bin/../lib/gcc/arm-none-eabi/12.3.1/../../../../arm-none-eabi/lib/thumb/v6-m/nofp\libm.a(libm_a-k_rem_pio2.o)
                0x08009158                        . = ALIGN (0x4)

.rel.dyn        0x08009158        0x0
 .rel.iplt      0x08009158        0x0 C:/ST/STM32CubeCLT_1.15.1/GNU-tools-for-STM32/bin/../lib/gcc/arm-none-eabi/12.3.1/thumb/v6-m/nofp/crtbegin.o

.ARM.extab
 *(.ARM.extab* .gnu.linkonce.armextab.*)

.ARM            0x08009158        0x0
                0x08009158                        __exidx_start = .
 *(.ARM.exidx*)
                0x08009158                        __exidx_end = .

.preinit_array  0x08009158        0x0
                0x08009158                        PROVIDE (__preinit_array_start = .)
 *(.preinit_array*)
                0x08009158                        PROVIDE (__preinit_array_end = .)

.init_array     0x08009158        0x4
                0x08009158                        PROVIDE (__init_array_start = .)
 *(SORT_BY_NAME(.init_array.*))
 *(.init_array*)
 .init_array    0x08009158        0x4 C:/ST/STM32CubeCLT_1.15.1/GNU-tools-for-STM32/bin/../lib/gcc/arm-none-eabi/12.3.1/thumb/v6-m/nofp/crtbegin.o
                0x0800915c                        PROVIDE (__init_array_end = .)

.fini_array     0x0800915c        0x4
                [!provide]                        PROVIDE (__fini_array_start = .)
 *(SORT_BY_NAME(.fini_array.*))
 *(.fini_array*)
 .fini_array    0x0800915c        0x4 C:/ST/STM32CubeCLT_1.15.1/GNU-tools-for-STM32/bin/../lib/gcc/arm-none-eabi/12.3.1/thumb/v6-m/nofp/crtbegin.o
                [!provide]                        PROVIDE (__fini_array_end = .)
                0x08009160                        _sidata = LOADADDR (.data)

.data           0x20000000       0x10 load address 0x08009160
                0x20000000                        . = ALIGN (0x4)
                0x20000000                        _sdata = .
 *(.data)
 *(.data*)
 .data.ARGB_BR  0x20000000        0x1 CMakeFiles/NeoBalsam.dir/User/ARGB.c.obj
                0x20000000                ARGB_BR
 *fill*         0x20000001        0x3 
 .data.uwTickPrio
                0x20000004        0x4 CMakeFiles/NeoBalsam.dir/Drivers/STM32G0xx_HAL_Driver/Src/stm32g0xx_hal.c.obj
                0x20000004                uwTickPrio
 .data.uwTickFreq
                0x20000008        0x1 CMakeFiles/NeoBalsam.dir/Drivers/STM32G0xx_HAL_Driver/Src/stm32g0xx_hal.c.obj
                0x20000008                uwTickFreq
 *fill*         0x20000009        0x3 
 .data.SystemCoreClock
                0x2000000c        0x4 CMakeFiles/NeoBalsam.dir/Core/Src/system_stm32g0xx.c.obj
                0x2000000c                SystemCoreClock
                0x20000010                        . = ALIGN (0x4)
                0x20000010                        _edata = .

.igot.plt       0x20000010        0x0 load address 0x08009170
 .igot.plt      0x20000010        0x0 C:/ST/STM32CubeCLT_1.15.1/GNU-tools-for-STM32/bin/../lib/gcc/arm-none-eabi/12.3.1/thumb/v6-m/nofp/crtbegin.o
                0x20000010                        . = ALIGN (0x4)

.bss            0x20000010      0x4a4 load address 0x08009170
                0x20000010                        _sbss = .
                0x20000010                        __bss_start__ = _sbss
 *(.bss)
 .bss           0x20000010       0x1c C:/ST/STM32CubeCLT_1.15.1/GNU-tools-for-STM32/bin/../lib/gcc/arm-none-eabi/12.3.1/thumb/v6-m/nofp/crtbegin.o
 *(.bss*)
 .bss.currentShow
                0x2000002c        0x1 CMakeFiles/NeoBalsam.dir/User/app_main.c.obj
                0x2000002c                currentShow
 .bss.PWM_HI    0x2000002d        0x1 CMakeFiles/NeoBalsam.dir/User/ARGB.c.obj
                0x2000002d                PWM_HI
 .bss.PWM_LO    0x2000002e        0x1 CMakeFiles/NeoBalsam.dir/User/ARGB.c.obj
                0x2000002e                PWM_LO
 *fill*         0x2000002f        0x1 
 .bss.RGB_BUF   0x20000030       0x2d CMakeFiles/NeoBalsam.dir/User/ARGB.c.obj
                0x20000030                RGB_BUF
 *fill*         0x2000005d        0x3 
 .bss.PWM_BUF   0x20000060       0xc0 CMakeFiles/NeoBalsam.dir/User/ARGB.c.obj
                0x20000060                PWM_BUF
 .bss.BUF_COUNTER
                0x20000120        0x2 CMakeFiles/NeoBalsam.dir/User/ARGB.c.obj
                0x20000120                BUF_COUNTER
 .bss.ARGB_LOC_ST
                0x20000122        0x1 CMakeFiles/NeoBalsam.dir/User/ARGB.c.obj
                0x20000122                ARGB_LOC_ST
 *fill*         0x20000123        0x1 
 .bss.htim1     0x20000124       0x4c CMakeFiles/NeoBalsam.dir/Core/Src/tim.c.obj
                0x20000124                htim1
 .bss.hdma_tim1_ch1
                0x20000170       0x60 CMakeFiles/NeoBalsam.dir/Core/Src/tim.c.obj
                0x20000170                hdma_tim1_ch1
 .bss.hpcd_USB_DRD_FS
                0x200001d0      0x2e0 CMakeFiles/NeoBalsam.dir/Core/Src/usb_drd_fs.c.obj
                0x200001d0                hpcd_USB_DRD_FS
 .bss.uwTick    0x200004b0        0x4 CMakeFiles/NeoBalsam.dir/Drivers/STM32G0xx_HAL_Driver/Src/stm32g0xx_hal.c.obj
                0x200004b0                uwTick
 *(COMMON)
                0x200004b4                        . = ALIGN (0x4)
                0x200004b4                        _ebss = .
                0x200004b4                        __bss_end__ = _ebss

._user_heap_stack
                0x200004b4      0x604 load address 0x08009170
                0x200004b8                        . = ALIGN (0x8)
 *fill*         0x200004b4        0x4 
                [!provide]                        PROVIDE (end = .)
                0x200004b8                        PROVIDE (_end = .)
                0x200006b8                        . = (. + _Min_Heap_Size)
 *fill*         0x200004b8      0x200 
                0x20000ab8                        . = (. + _Min_Stack_Size)
 *fill*         0x200006b8      0x400 
                0x20000ab8                        . = ALIGN (0x8)

/DISCARD/
 libc.a(*)
 libm.a(*)
 libgcc.a(*)
OUTPUT(NeoBalsam.elf elf32-littlearm)
LOAD linker stubs
LOAD C:/ST/STM32CubeCLT_1.15.1/GNU-tools-for-STM32/bin/../lib/gcc/arm-none-eabi/12.3.1/../../../../arm-none-eabi/lib/thumb/v6-m/nofp\libc.a
LOAD C:/ST/STM32CubeCLT_1.15.1/GNU-tools-for-STM32/bin/../lib/gcc/arm-none-eabi/12.3.1/../../../../arm-none-eabi/lib/thumb/v6-m/nofp\libm.a
LOAD C:/ST/STM32CubeCLT_1.15.1/GNU-tools-for-STM32/bin/../lib/gcc/arm-none-eabi/12.3.1/thumb/v6-m/nofp\libgcc.a

.ARM.attributes
                0x00000000       0x28
 .ARM.attributes
                0x00000000       0x1e C:/ST/STM32CubeCLT_1.15.1/GNU-tools-for-STM32/bin/../lib/gcc/arm-none-eabi/12.3.1/thumb/v6-m/nofp/crti.o
 .ARM.attributes
                0x0000001e       0x2c C:/ST/STM32CubeCLT_1.15.1/GNU-tools-for-STM32/bin/../lib/gcc/arm-none-eabi/12.3.1/thumb/v6-m/nofp/crtbegin.o
 .ARM.attributes
                0x0000004a       0x2c C:/ST/STM32CubeCLT_1.15.1/GNU-tools-for-STM32/bin/../lib/gcc/arm-none-eabi/12.3.1/../../../../arm-none-eabi/lib/thumb/v6-m/nofp\libc_nano.a(libc_a-memset.o)
 .ARM.attributes
                0x00000076       0x2c C:/ST/STM32CubeCLT_1.15.1/GNU-tools-for-STM32/bin/../lib/gcc/arm-none-eabi/12.3.1/../../../../arm-none-eabi/lib/thumb/v6-m/nofp\libc_nano.a(libc_a-init.o)
 .ARM.attributes
                0x000000a2       0x2c CMakeFiles/NeoBalsam.dir/User/app_main.c.obj
 .ARM.attributes
                0x000000ce       0x2c CMakeFiles/NeoBalsam.dir/User/ARGB.c.obj
 .ARM.attributes
                0x000000fa       0x2c CMakeFiles/NeoBalsam.dir/Core/Src/main.c.obj
 .ARM.attributes
                0x00000126       0x2c CMakeFiles/NeoBalsam.dir/Core/Src/gpio.c.obj
 .ARM.attributes
                0x00000152       0x2c CMakeFiles/NeoBalsam.dir/Core/Src/dma.c.obj
 .ARM.attributes
                0x0000017e       0x2c CMakeFiles/NeoBalsam.dir/Core/Src/tim.c.obj
 .ARM.attributes
                0x000001aa       0x2c CMakeFiles/NeoBalsam.dir/Core/Src/usb_drd_fs.c.obj
 .ARM.attributes
                0x000001d6       0x2c CMakeFiles/NeoBalsam.dir/Core/Src/stm32g0xx_it.c.obj
 .ARM.attributes
                0x00000202       0x2c CMakeFiles/NeoBalsam.dir/Core/Src/stm32g0xx_hal_msp.c.obj
 .ARM.attributes
                0x0000022e       0x2c CMakeFiles/NeoBalsam.dir/Drivers/STM32G0xx_HAL_Driver/Src/stm32g0xx_hal_tim.c.obj
 .ARM.attributes
                0x0000025a       0x2c CMakeFiles/NeoBalsam.dir/Drivers/STM32G0xx_HAL_Driver/Src/stm32g0xx_hal_tim_ex.c.obj
 .ARM.attributes
                0x00000286       0x2c CMakeFiles/NeoBalsam.dir/Drivers/STM32G0xx_HAL_Driver/Src/stm32g0xx_hal_rcc.c.obj
 .ARM.attributes
                0x000002b2       0x2c CMakeFiles/NeoBalsam.dir/Drivers/STM32G0xx_HAL_Driver/Src/stm32g0xx_hal_rcc_ex.c.obj
 .ARM.attributes
                0x000002de       0x2c CMakeFiles/NeoBalsam.dir/Drivers/STM32G0xx_HAL_Driver/Src/stm32g0xx_hal_gpio.c.obj
 .ARM.attributes
                0x0000030a       0x2c CMakeFiles/NeoBalsam.dir/Drivers/STM32G0xx_HAL_Driver/Src/stm32g0xx_hal_dma.c.obj
 .ARM.attributes
                0x00000336       0x2c CMakeFiles/NeoBalsam.dir/Drivers/STM32G0xx_HAL_Driver/Src/stm32g0xx_hal_pwr_ex.c.obj
 .ARM.attributes
                0x00000362       0x2c CMakeFiles/NeoBalsam.dir/Drivers/STM32G0xx_HAL_Driver/Src/stm32g0xx_hal_cortex.c.obj
 .ARM.attributes
                0x0000038e       0x2c CMakeFiles/NeoBalsam.dir/Drivers/STM32G0xx_HAL_Driver/Src/stm32g0xx_hal.c.obj
 .ARM.attributes
                0x000003ba       0x2c CMakeFiles/NeoBalsam.dir/Drivers/STM32G0xx_HAL_Driver/Src/stm32g0xx_hal_pcd.c.obj
 .ARM.attributes
                0x000003e6       0x2c CMakeFiles/NeoBalsam.dir/Drivers/STM32G0xx_HAL_Driver/Src/stm32g0xx_hal_pcd_ex.c.obj
 .ARM.attributes
                0x00000412       0x2c CMakeFiles/NeoBalsam.dir/Drivers/STM32G0xx_HAL_Driver/Src/stm32g0xx_ll_usb.c.obj
 .ARM.attributes
                0x0000043e       0x2c CMakeFiles/NeoBalsam.dir/Core/Src/system_stm32g0xx.c.obj
 .ARM.attributes
                0x0000046a       0x22 CMakeFiles/NeoBalsam.dir/startup_stm32g0b1xx.s.obj
 .ARM.attributes
                0x0000048c       0x1e C:/ST/STM32CubeCLT_1.15.1/GNU-tools-for-STM32/bin/../lib/gcc/arm-none-eabi/12.3.1/thumb/v6-m/nofp\libgcc.a(_udivsi3.o)
 .ARM.attributes
                0x000004aa       0x1e C:/ST/STM32CubeCLT_1.15.1/GNU-tools-for-STM32/bin/../lib/gcc/arm-none-eabi/12.3.1/thumb/v6-m/nofp\libgcc.a(_divsi3.o)
 .ARM.attributes
                0x000004c8       0x1e C:/ST/STM32CubeCLT_1.15.1/GNU-tools-for-STM32/bin/../lib/gcc/arm-none-eabi/12.3.1/thumb/v6-m/nofp\libgcc.a(_dvmd_tls.o)
 .ARM.attributes
                0x000004e6       0x2c C:/ST/STM32CubeCLT_1.15.1/GNU-tools-for-STM32/bin/../lib/gcc/arm-none-eabi/12.3.1/thumb/v6-m/nofp\libgcc.a(_fixunssfsi.o)
 .ARM.attributes
                0x00000512       0x2c C:/ST/STM32CubeCLT_1.15.1/GNU-tools-for-STM32/bin/../lib/gcc/arm-none-eabi/12.3.1/thumb/v6-m/nofp\libgcc.a(_fixunsdfsi.o)
 .ARM.attributes
                0x0000053e       0x2c C:/ST/STM32CubeCLT_1.15.1/GNU-tools-for-STM32/bin/../lib/gcc/arm-none-eabi/12.3.1/thumb/v6-m/nofp\libgcc.a(addsf3.o)
 .ARM.attributes
                0x0000056a       0x2c C:/ST/STM32CubeCLT_1.15.1/GNU-tools-for-STM32/bin/../lib/gcc/arm-none-eabi/12.3.1/thumb/v6-m/nofp\libgcc.a(divsf3.o)
 .ARM.attributes
                0x00000596       0x2c C:/ST/STM32CubeCLT_1.15.1/GNU-tools-for-STM32/bin/../lib/gcc/arm-none-eabi/12.3.1/thumb/v6-m/nofp\libgcc.a(mulsf3.o)
 .ARM.attributes
                0x000005c2       0x2c C:/ST/STM32CubeCLT_1.15.1/GNU-tools-for-STM32/bin/../lib/gcc/arm-none-eabi/12.3.1/thumb/v6-m/nofp\libgcc.a(subsf3.o)
 .ARM.attributes
                0x000005ee       0x2c C:/ST/STM32CubeCLT_1.15.1/GNU-tools-for-STM32/bin/../lib/gcc/arm-none-eabi/12.3.1/thumb/v6-m/nofp\libgcc.a(fixsfsi.o)
 .ARM.attributes
                0x0000061a       0x2c C:/ST/STM32CubeCLT_1.15.1/GNU-tools-for-STM32/bin/../lib/gcc/arm-none-eabi/12.3.1/thumb/v6-m/nofp\libgcc.a(floatsisf.o)
 .ARM.attributes
                0x00000646       0x2c C:/ST/STM32CubeCLT_1.15.1/GNU-tools-for-STM32/bin/../lib/gcc/arm-none-eabi/12.3.1/thumb/v6-m/nofp\libgcc.a(floatunsisf.o)
 .ARM.attributes
                0x00000672       0x2c C:/ST/STM32CubeCLT_1.15.1/GNU-tools-for-STM32/bin/../lib/gcc/arm-none-eabi/12.3.1/thumb/v6-m/nofp\libgcc.a(adddf3.o)
 .ARM.attributes
                0x0000069e       0x2c C:/ST/STM32CubeCLT_1.15.1/GNU-tools-for-STM32/bin/../lib/gcc/arm-none-eabi/12.3.1/thumb/v6-m/nofp\libgcc.a(divdf3.o)
 .ARM.attributes
                0x000006ca       0x2c C:/ST/STM32CubeCLT_1.15.1/GNU-tools-for-STM32/bin/../lib/gcc/arm-none-eabi/12.3.1/thumb/v6-m/nofp\libgcc.a(muldf3.o)
 .ARM.attributes
                0x000006f6       0x2c C:/ST/STM32CubeCLT_1.15.1/GNU-tools-for-STM32/bin/../lib/gcc/arm-none-eabi/12.3.1/thumb/v6-m/nofp\libgcc.a(subdf3.o)
 .ARM.attributes
                0x00000722       0x2c C:/ST/STM32CubeCLT_1.15.1/GNU-tools-for-STM32/bin/../lib/gcc/arm-none-eabi/12.3.1/thumb/v6-m/nofp\libgcc.a(fixdfsi.o)
 .ARM.attributes
                0x0000074e       0x2c C:/ST/STM32CubeCLT_1.15.1/GNU-tools-for-STM32/bin/../lib/gcc/arm-none-eabi/12.3.1/thumb/v6-m/nofp\libgcc.a(floatunsidf.o)
 .ARM.attributes
                0x0000077a       0x2c C:/ST/STM32CubeCLT_1.15.1/GNU-tools-for-STM32/bin/../lib/gcc/arm-none-eabi/12.3.1/thumb/v6-m/nofp\libgcc.a(extendsfdf2.o)
 .ARM.attributes
                0x000007a6       0x2c C:/ST/STM32CubeCLT_1.15.1/GNU-tools-for-STM32/bin/../lib/gcc/arm-none-eabi/12.3.1/thumb/v6-m/nofp\libgcc.a(truncdfsf2.o)
 .ARM.attributes
                0x000007d2       0x1e C:/ST/STM32CubeCLT_1.15.1/GNU-tools-for-STM32/bin/../lib/gcc/arm-none-eabi/12.3.1/thumb/v6-m/nofp\libgcc.a(_arm_cmpdf2.o)
 .ARM.attributes
                0x000007f0       0x1e C:/ST/STM32CubeCLT_1.15.1/GNU-tools-for-STM32/bin/../lib/gcc/arm-none-eabi/12.3.1/thumb/v6-m/nofp\libgcc.a(_arm_cmpsf2.o)
 .ARM.attributes
                0x0000080e       0x1e C:/ST/STM32CubeCLT_1.15.1/GNU-tools-for-STM32/bin/../lib/gcc/arm-none-eabi/12.3.1/thumb/v6-m/nofp\libgcc.a(_clzsi2.o)
 .ARM.attributes
                0x0000082c       0x2c C:/ST/STM32CubeCLT_1.15.1/GNU-tools-for-STM32/bin/../lib/gcc/arm-none-eabi/12.3.1/thumb/v6-m/nofp\libgcc.a(eqsf2.o)
 .ARM.attributes
                0x00000858       0x2c C:/ST/STM32CubeCLT_1.15.1/GNU-tools-for-STM32/bin/../lib/gcc/arm-none-eabi/12.3.1/thumb/v6-m/nofp\libgcc.a(gesf2.o)
 .ARM.attributes
                0x00000884       0x2c C:/ST/STM32CubeCLT_1.15.1/GNU-tools-for-STM32/bin/../lib/gcc/arm-none-eabi/12.3.1/thumb/v6-m/nofp\libgcc.a(lesf2.o)
 .ARM.attributes
                0x000008b0       0x2c C:/ST/STM32CubeCLT_1.15.1/GNU-tools-for-STM32/bin/../lib/gcc/arm-none-eabi/12.3.1/thumb/v6-m/nofp\libgcc.a(eqdf2.o)
 .ARM.attributes
                0x000008dc       0x2c C:/ST/STM32CubeCLT_1.15.1/GNU-tools-for-STM32/bin/../lib/gcc/arm-none-eabi/12.3.1/thumb/v6-m/nofp\libgcc.a(gedf2.o)
 .ARM.attributes
                0x00000908       0x2c C:/ST/STM32CubeCLT_1.15.1/GNU-tools-for-STM32/bin/../lib/gcc/arm-none-eabi/12.3.1/thumb/v6-m/nofp\libgcc.a(ledf2.o)
 .ARM.attributes
                0x00000934       0x1e C:/ST/STM32CubeCLT_1.15.1/GNU-tools-for-STM32/bin/../lib/gcc/arm-none-eabi/12.3.1/thumb/v6-m/nofp/crtn.o
 .ARM.attributes
                0x00000952       0x2c C:/ST/STM32CubeCLT_1.15.1/GNU-tools-for-STM32/bin/../lib/gcc/arm-none-eabi/12.3.1/../../../../arm-none-eabi/lib/thumb/v6-m/nofp\libm.a(libm_a-s_sin.o)
 .ARM.attributes
                0x0000097e       0x2c C:/ST/STM32CubeCLT_1.15.1/GNU-tools-for-STM32/bin/../lib/gcc/arm-none-eabi/12.3.1/../../../../arm-none-eabi/lib/thumb/v6-m/nofp\libm.a(libm_a-sf_floor.o)
 .ARM.attributes
                0x000009aa       0x2c C:/ST/STM32CubeCLT_1.15.1/GNU-tools-for-STM32/bin/../lib/gcc/arm-none-eabi/12.3.1/../../../../arm-none-eabi/lib/thumb/v6-m/nofp\libm.a(libm_a-k_cos.o)
 .ARM.attributes
                0x000009d6       0x2c C:/ST/STM32CubeCLT_1.15.1/GNU-tools-for-STM32/bin/../lib/gcc/arm-none-eabi/12.3.1/../../../../arm-none-eabi/lib/thumb/v6-m/nofp\libm.a(libm_a-k_sin.o)
 .ARM.attributes
                0x00000a02       0x2c C:/ST/STM32CubeCLT_1.15.1/GNU-tools-for-STM32/bin/../lib/gcc/arm-none-eabi/12.3.1/../../../../arm-none-eabi/lib/thumb/v6-m/nofp\libm.a(libm_a-e_rem_pio2.o)
 .ARM.attributes
                0x00000a2e       0x2c C:/ST/STM32CubeCLT_1.15.1/GNU-tools-for-STM32/bin/../lib/gcc/arm-none-eabi/12.3.1/../../../../arm-none-eabi/lib/thumb/v6-m/nofp\libm.a(libm_a-s_fabs.o)
 .ARM.attributes
                0x00000a5a       0x2c C:/ST/STM32CubeCLT_1.15.1/GNU-tools-for-STM32/bin/../lib/gcc/arm-none-eabi/12.3.1/../../../../arm-none-eabi/lib/thumb/v6-m/nofp\libm.a(libm_a-k_rem_pio2.o)
 .ARM.attributes
                0x00000a86       0x2c C:/ST/STM32CubeCLT_1.15.1/GNU-tools-for-STM32/bin/../lib/gcc/arm-none-eabi/12.3.1/../../../../arm-none-eabi/lib/thumb/v6-m/nofp\libm.a(libm_a-s_scalbn.o)
 .ARM.attributes
                0x00000ab2       0x2c C:/ST/STM32CubeCLT_1.15.1/GNU-tools-for-STM32/bin/../lib/gcc/arm-none-eabi/12.3.1/../../../../arm-none-eabi/lib/thumb/v6-m/nofp\libm.a(libm_a-s_floor.o)
 .ARM.attributes
                0x00000ade       0x2c C:/ST/STM32CubeCLT_1.15.1/GNU-tools-for-STM32/bin/../lib/gcc/arm-none-eabi/12.3.1/thumb/v6-m/nofp\libgcc.a(floatsidf.o)

.comment        0x00000000       0x43
 .comment       0x00000000       0x43 CMakeFiles/NeoBalsam.dir/User/app_main.c.obj
                                 0x44 (size before relaxing)
 .comment       0x00000043       0x44 CMakeFiles/NeoBalsam.dir/User/ARGB.c.obj
 .comment       0x00000043       0x44 CMakeFiles/NeoBalsam.dir/Core/Src/main.c.obj
 .comment       0x00000043       0x44 CMakeFiles/NeoBalsam.dir/Core/Src/gpio.c.obj
 .comment       0x00000043       0x44 CMakeFiles/NeoBalsam.dir/Core/Src/dma.c.obj
 .comment       0x00000043       0x44 CMakeFiles/NeoBalsam.dir/Core/Src/tim.c.obj
 .comment       0x00000043       0x44 CMakeFiles/NeoBalsam.dir/Core/Src/usb_drd_fs.c.obj
 .comment       0x00000043       0x44 CMakeFiles/NeoBalsam.dir/Core/Src/stm32g0xx_it.c.obj
 .comment       0x00000043       0x44 CMakeFiles/NeoBalsam.dir/Core/Src/stm32g0xx_hal_msp.c.obj
 .comment       0x00000043       0x44 CMakeFiles/NeoBalsam.dir/Drivers/STM32G0xx_HAL_Driver/Src/stm32g0xx_hal_tim.c.obj
 .comment       0x00000043       0x44 CMakeFiles/NeoBalsam.dir/Drivers/STM32G0xx_HAL_Driver/Src/stm32g0xx_hal_tim_ex.c.obj
 .comment       0x00000043       0x44 CMakeFiles/NeoBalsam.dir/Drivers/STM32G0xx_HAL_Driver/Src/stm32g0xx_hal_rcc.c.obj
 .comment       0x00000043       0x44 CMakeFiles/NeoBalsam.dir/Drivers/STM32G0xx_HAL_Driver/Src/stm32g0xx_hal_rcc_ex.c.obj
 .comment       0x00000043       0x44 CMakeFiles/NeoBalsam.dir/Drivers/STM32G0xx_HAL_Driver/Src/stm32g0xx_hal_gpio.c.obj
 .comment       0x00000043       0x44 CMakeFiles/NeoBalsam.dir/Drivers/STM32G0xx_HAL_Driver/Src/stm32g0xx_hal_dma.c.obj
 .comment       0x00000043       0x44 CMakeFiles/NeoBalsam.dir/Drivers/STM32G0xx_HAL_Driver/Src/stm32g0xx_hal_pwr_ex.c.obj
 .comment       0x00000043       0x44 CMakeFiles/NeoBalsam.dir/Drivers/STM32G0xx_HAL_Driver/Src/stm32g0xx_hal_cortex.c.obj
 .comment       0x00000043       0x44 CMakeFiles/NeoBalsam.dir/Drivers/STM32G0xx_HAL_Driver/Src/stm32g0xx_hal.c.obj
 .comment       0x00000043       0x44 CMakeFiles/NeoBalsam.dir/Drivers/STM32G0xx_HAL_Driver/Src/stm32g0xx_hal_pcd.c.obj
 .comment       0x00000043       0x44 CMakeFiles/NeoBalsam.dir/Drivers/STM32G0xx_HAL_Driver/Src/stm32g0xx_hal_pcd_ex.c.obj
 .comment       0x00000043       0x44 CMakeFiles/NeoBalsam.dir/Drivers/STM32G0xx_HAL_Driver/Src/stm32g0xx_ll_usb.c.obj
 .comment       0x00000043       0x44 CMakeFiles/NeoBalsam.dir/Core/Src/system_stm32g0xx.c.obj

.debug_frame    0x00000000     0x3f68
 .debug_frame   0x00000000       0x20 C:/ST/STM32CubeCLT_1.15.1/GNU-tools-for-STM32/bin/../lib/gcc/arm-none-eabi/12.3.1/../../../../arm-none-eabi/lib/thumb/v6-m/nofp\libc_nano.a(libc_a-memset.o)
 .debug_frame   0x00000020       0x2c C:/ST/STM32CubeCLT_1.15.1/GNU-tools-for-STM32/bin/../lib/gcc/arm-none-eabi/12.3.1/../../../../arm-none-eabi/lib/thumb/v6-m/nofp\libc_nano.a(libc_a-init.o)
 .debug_frame   0x0000004c      0x11c CMakeFiles/NeoBalsam.dir/User/app_main.c.obj
 .debug_frame   0x00000168      0x1f8 CMakeFiles/NeoBalsam.dir/User/ARGB.c.obj
 .debug_frame   0x00000360       0x68 CMakeFiles/NeoBalsam.dir/Core/Src/main.c.obj
 .debug_frame   0x000003c8       0x30 CMakeFiles/NeoBalsam.dir/Core/Src/gpio.c.obj
 .debug_frame   0x000003f8       0x30 CMakeFiles/NeoBalsam.dir/Core/Src/dma.c.obj
 .debug_frame   0x00000428       0x90 CMakeFiles/NeoBalsam.dir/Core/Src/tim.c.obj
 .debug_frame   0x000004b8       0x6c CMakeFiles/NeoBalsam.dir/Core/Src/usb_drd_fs.c.obj
 .debug_frame   0x00000524      0x10c CMakeFiles/NeoBalsam.dir/Core/Src/stm32g0xx_it.c.obj
 .debug_frame   0x00000630       0x30 CMakeFiles/NeoBalsam.dir/Core/Src/stm32g0xx_hal_msp.c.obj
 .debug_frame   0x00000660      0xf40 CMakeFiles/NeoBalsam.dir/Drivers/STM32G0xx_HAL_Driver/Src/stm32g0xx_hal_tim.c.obj
 .debug_frame   0x000015a0      0x620 CMakeFiles/NeoBalsam.dir/Drivers/STM32G0xx_HAL_Driver/Src/stm32g0xx_hal_tim_ex.c.obj
 .debug_frame   0x00001bc0      0x214 CMakeFiles/NeoBalsam.dir/Drivers/STM32G0xx_HAL_Driver/Src/stm32g0xx_hal_rcc.c.obj
 .debug_frame   0x00001dd4      0x1c0 CMakeFiles/NeoBalsam.dir/Drivers/STM32G0xx_HAL_Driver/Src/stm32g0xx_hal_rcc_ex.c.obj
 .debug_frame   0x00001f94      0x130 CMakeFiles/NeoBalsam.dir/Drivers/STM32G0xx_HAL_Driver/Src/stm32g0xx_hal_gpio.c.obj
 .debug_frame   0x000020c4      0x1f0 CMakeFiles/NeoBalsam.dir/Drivers/STM32G0xx_HAL_Driver/Src/stm32g0xx_hal_dma.c.obj
 .debug_frame   0x000022b4      0x3f4 CMakeFiles/NeoBalsam.dir/Drivers/STM32G0xx_HAL_Driver/Src/stm32g0xx_hal_pwr_ex.c.obj
 .debug_frame   0x000026a8      0x33c CMakeFiles/NeoBalsam.dir/Drivers/STM32G0xx_HAL_Driver/Src/stm32g0xx_hal_cortex.c.obj
 .debug_frame   0x000029e4      0x41c CMakeFiles/NeoBalsam.dir/Drivers/STM32G0xx_HAL_Driver/Src/stm32g0xx_hal.c.obj
 .debug_frame   0x00002e00      0x500 CMakeFiles/NeoBalsam.dir/Drivers/STM32G0xx_HAL_Driver/Src/stm32g0xx_hal_pcd.c.obj
 .debug_frame   0x00003300      0x110 CMakeFiles/NeoBalsam.dir/Drivers/STM32G0xx_HAL_Driver/Src/stm32g0xx_hal_pcd_ex.c.obj
 .debug_frame   0x00003410      0x47c CMakeFiles/NeoBalsam.dir/Drivers/STM32G0xx_HAL_Driver/Src/stm32g0xx_ll_usb.c.obj
 .debug_frame   0x0000388c       0x4c CMakeFiles/NeoBalsam.dir/Core/Src/system_stm32g0xx.c.obj
 .debug_frame   0x000038d8       0x20 C:/ST/STM32CubeCLT_1.15.1/GNU-tools-for-STM32/bin/../lib/gcc/arm-none-eabi/12.3.1/thumb/v6-m/nofp\libgcc.a(_udivsi3.o)
 .debug_frame   0x000038f8       0x20 C:/ST/STM32CubeCLT_1.15.1/GNU-tools-for-STM32/bin/../lib/gcc/arm-none-eabi/12.3.1/thumb/v6-m/nofp\libgcc.a(_divsi3.o)
 .debug_frame   0x00003918       0x28 C:/ST/STM32CubeCLT_1.15.1/GNU-tools-for-STM32/bin/../lib/gcc/arm-none-eabi/12.3.1/thumb/v6-m/nofp\libgcc.a(_fixunssfsi.o)
 .debug_frame   0x00003940       0x2c C:/ST/STM32CubeCLT_1.15.1/GNU-tools-for-STM32/bin/../lib/gcc/arm-none-eabi/12.3.1/thumb/v6-m/nofp\libgcc.a(_fixunsdfsi.o)
 .debug_frame   0x0000396c       0x38 C:/ST/STM32CubeCLT_1.15.1/GNU-tools-for-STM32/bin/../lib/gcc/arm-none-eabi/12.3.1/thumb/v6-m/nofp\libgcc.a(addsf3.o)
 .debug_frame   0x000039a4       0x38 C:/ST/STM32CubeCLT_1.15.1/GNU-tools-for-STM32/bin/../lib/gcc/arm-none-eabi/12.3.1/thumb/v6-m/nofp\libgcc.a(divsf3.o)
 .debug_frame   0x000039dc       0x38 C:/ST/STM32CubeCLT_1.15.1/GNU-tools-for-STM32/bin/../lib/gcc/arm-none-eabi/12.3.1/thumb/v6-m/nofp\libgcc.a(mulsf3.o)
 .debug_frame   0x00003a14       0x38 C:/ST/STM32CubeCLT_1.15.1/GNU-tools-for-STM32/bin/../lib/gcc/arm-none-eabi/12.3.1/thumb/v6-m/nofp\libgcc.a(subsf3.o)
 .debug_frame   0x00003a4c       0x20 C:/ST/STM32CubeCLT_1.15.1/GNU-tools-for-STM32/bin/../lib/gcc/arm-none-eabi/12.3.1/thumb/v6-m/nofp\libgcc.a(fixsfsi.o)
 .debug_frame   0x00003a6c       0x2c C:/ST/STM32CubeCLT_1.15.1/GNU-tools-for-STM32/bin/../lib/gcc/arm-none-eabi/12.3.1/thumb/v6-m/nofp\libgcc.a(floatsisf.o)
 .debug_frame   0x00003a98       0x2c C:/ST/STM32CubeCLT_1.15.1/GNU-tools-for-STM32/bin/../lib/gcc/arm-none-eabi/12.3.1/thumb/v6-m/nofp\libgcc.a(floatunsisf.o)
 .debug_frame   0x00003ac4       0x3c C:/ST/STM32CubeCLT_1.15.1/GNU-tools-for-STM32/bin/../lib/gcc/arm-none-eabi/12.3.1/thumb/v6-m/nofp\libgcc.a(adddf3.o)
 .debug_frame   0x00003b00       0x3c C:/ST/STM32CubeCLT_1.15.1/GNU-tools-for-STM32/bin/../lib/gcc/arm-none-eabi/12.3.1/thumb/v6-m/nofp\libgcc.a(divdf3.o)
 .debug_frame   0x00003b3c       0x3c C:/ST/STM32CubeCLT_1.15.1/GNU-tools-for-STM32/bin/../lib/gcc/arm-none-eabi/12.3.1/thumb/v6-m/nofp\libgcc.a(muldf3.o)
 .debug_frame   0x00003b78       0x3c C:/ST/STM32CubeCLT_1.15.1/GNU-tools-for-STM32/bin/../lib/gcc/arm-none-eabi/12.3.1/thumb/v6-m/nofp\libgcc.a(subdf3.o)
 .debug_frame   0x00003bb4       0x30 C:/ST/STM32CubeCLT_1.15.1/GNU-tools-for-STM32/bin/../lib/gcc/arm-none-eabi/12.3.1/thumb/v6-m/nofp\libgcc.a(fixdfsi.o)
 .debug_frame   0x00003be4       0x28 C:/ST/STM32CubeCLT_1.15.1/GNU-tools-for-STM32/bin/../lib/gcc/arm-none-eabi/12.3.1/thumb/v6-m/nofp\libgcc.a(floatunsidf.o)
 .debug_frame   0x00003c0c       0x2c C:/ST/STM32CubeCLT_1.15.1/GNU-tools-for-STM32/bin/../lib/gcc/arm-none-eabi/12.3.1/thumb/v6-m/nofp\libgcc.a(extendsfdf2.o)
 .debug_frame   0x00003c38       0x30 C:/ST/STM32CubeCLT_1.15.1/GNU-tools-for-STM32/bin/../lib/gcc/arm-none-eabi/12.3.1/thumb/v6-m/nofp\libgcc.a(truncdfsf2.o)
 .debug_frame   0x00003c68       0x2c C:/ST/STM32CubeCLT_1.15.1/GNU-tools-for-STM32/bin/../lib/gcc/arm-none-eabi/12.3.1/thumb/v6-m/nofp\libgcc.a(eqsf2.o)
 .debug_frame   0x00003c94       0x2c C:/ST/STM32CubeCLT_1.15.1/GNU-tools-for-STM32/bin/../lib/gcc/arm-none-eabi/12.3.1/thumb/v6-m/nofp\libgcc.a(gesf2.o)
 .debug_frame   0x00003cc0       0x2c C:/ST/STM32CubeCLT_1.15.1/GNU-tools-for-STM32/bin/../lib/gcc/arm-none-eabi/12.3.1/thumb/v6-m/nofp\libgcc.a(lesf2.o)
 .debug_frame   0x00003cec       0x38 C:/ST/STM32CubeCLT_1.15.1/GNU-tools-for-STM32/bin/../lib/gcc/arm-none-eabi/12.3.1/thumb/v6-m/nofp\libgcc.a(eqdf2.o)
 .debug_frame   0x00003d24       0x3c C:/ST/STM32CubeCLT_1.15.1/GNU-tools-for-STM32/bin/../lib/gcc/arm-none-eabi/12.3.1/thumb/v6-m/nofp\libgcc.a(gedf2.o)
 .debug_frame   0x00003d60       0x3c C:/ST/STM32CubeCLT_1.15.1/GNU-tools-for-STM32/bin/../lib/gcc/arm-none-eabi/12.3.1/thumb/v6-m/nofp\libgcc.a(ledf2.o)
 .debug_frame   0x00003d9c       0x2c C:/ST/STM32CubeCLT_1.15.1/GNU-tools-for-STM32/bin/../lib/gcc/arm-none-eabi/12.3.1/../../../../arm-none-eabi/lib/thumb/v6-m/nofp\libm.a(libm_a-s_sin.o)
 .debug_frame   0x00003dc8       0x30 C:/ST/STM32CubeCLT_1.15.1/GNU-tools-for-STM32/bin/../lib/gcc/arm-none-eabi/12.3.1/../../../../arm-none-eabi/lib/thumb/v6-m/nofp\libm.a(libm_a-sf_floor.o)
 .debug_frame   0x00003df8       0x30 C:/ST/STM32CubeCLT_1.15.1/GNU-tools-for-STM32/bin/../lib/gcc/arm-none-eabi/12.3.1/../../../../arm-none-eabi/lib/thumb/v6-m/nofp\libm.a(libm_a-k_cos.o)
 .debug_frame   0x00003e28       0x30 C:/ST/STM32CubeCLT_1.15.1/GNU-tools-for-STM32/bin/../lib/gcc/arm-none-eabi/12.3.1/../../../../arm-none-eabi/lib/thumb/v6-m/nofp\libm.a(libm_a-k_sin.o)
 .debug_frame   0x00003e58       0x30 C:/ST/STM32CubeCLT_1.15.1/GNU-tools-for-STM32/bin/../lib/gcc/arm-none-eabi/12.3.1/../../../../arm-none-eabi/lib/thumb/v6-m/nofp\libm.a(libm_a-e_rem_pio2.o)
 .debug_frame   0x00003e88       0x20 C:/ST/STM32CubeCLT_1.15.1/GNU-tools-for-STM32/bin/../lib/gcc/arm-none-eabi/12.3.1/../../../../arm-none-eabi/lib/thumb/v6-m/nofp\libm.a(libm_a-s_fabs.o)
 .debug_frame   0x00003ea8       0x34 C:/ST/STM32CubeCLT_1.15.1/GNU-tools-for-STM32/bin/../lib/gcc/arm-none-eabi/12.3.1/../../../../arm-none-eabi/lib/thumb/v6-m/nofp\libm.a(libm_a-k_rem_pio2.o)
 .debug_frame   0x00003edc       0x2c C:/ST/STM32CubeCLT_1.15.1/GNU-tools-for-STM32/bin/../lib/gcc/arm-none-eabi/12.3.1/../../../../arm-none-eabi/lib/thumb/v6-m/nofp\libm.a(libm_a-s_scalbn.o)
 .debug_frame   0x00003f08       0x34 C:/ST/STM32CubeCLT_1.15.1/GNU-tools-for-STM32/bin/../lib/gcc/arm-none-eabi/12.3.1/../../../../arm-none-eabi/lib/thumb/v6-m/nofp\libm.a(libm_a-s_floor.o)
 .debug_frame   0x00003f3c       0x2c C:/ST/STM32CubeCLT_1.15.1/GNU-tools-for-STM32/bin/../lib/gcc/arm-none-eabi/12.3.1/thumb/v6-m/nofp\libgcc.a(floatsidf.o)

.debug_info     0x00000000    0x105d1
 .debug_info    0x00000000      0x5cf CMakeFiles/NeoBalsam.dir/User/app_main.c.obj
 .debug_info    0x000005cf     0x1045 CMakeFiles/NeoBalsam.dir/User/ARGB.c.obj
 .debug_info    0x00001614      0x341 CMakeFiles/NeoBalsam.dir/Core/Src/main.c.obj
 .debug_info    0x00001955      0x4f3 CMakeFiles/NeoBalsam.dir/Core/Src/gpio.c.obj
 .debug_info    0x00001e48      0x365 CMakeFiles/NeoBalsam.dir/Core/Src/dma.c.obj
 .debug_info    0x000021ad     0x10e7 CMakeFiles/NeoBalsam.dir/Core/Src/tim.c.obj
 .debug_info    0x00003294      0x8d3 CMakeFiles/NeoBalsam.dir/Core/Src/usb_drd_fs.c.obj
 .debug_info    0x00003b67      0x8b7 CMakeFiles/NeoBalsam.dir/Core/Src/stm32g0xx_it.c.obj
 .debug_info    0x0000441e      0x278 CMakeFiles/NeoBalsam.dir/Core/Src/stm32g0xx_hal_msp.c.obj
 .debug_info    0x00004696     0x2c12 CMakeFiles/NeoBalsam.dir/Drivers/STM32G0xx_HAL_Driver/Src/stm32g0xx_hal_tim.c.obj
 .debug_info    0x000072a8     0x1923 CMakeFiles/NeoBalsam.dir/Drivers/STM32G0xx_HAL_Driver/Src/stm32g0xx_hal_tim_ex.c.obj
 .debug_info    0x00008bcb      0xb9b CMakeFiles/NeoBalsam.dir/Drivers/STM32G0xx_HAL_Driver/Src/stm32g0xx_hal_rcc.c.obj
 .debug_info    0x00009766      0xa41 CMakeFiles/NeoBalsam.dir/Drivers/STM32G0xx_HAL_Driver/Src/stm32g0xx_hal_rcc_ex.c.obj
 .debug_info    0x0000a1a7      0x5d9 CMakeFiles/NeoBalsam.dir/Drivers/STM32G0xx_HAL_Driver/Src/stm32g0xx_hal_gpio.c.obj
 .debug_info    0x0000a780      0x869 CMakeFiles/NeoBalsam.dir/Drivers/STM32G0xx_HAL_Driver/Src/stm32g0xx_hal_dma.c.obj
 .debug_info    0x0000afe9      0x8b5 CMakeFiles/NeoBalsam.dir/Drivers/STM32G0xx_HAL_Driver/Src/stm32g0xx_hal_pwr_ex.c.obj
 .debug_info    0x0000b89e      0x8d9 CMakeFiles/NeoBalsam.dir/Drivers/STM32G0xx_HAL_Driver/Src/stm32g0xx_hal_cortex.c.obj
 .debug_info    0x0000c177      0xafa CMakeFiles/NeoBalsam.dir/Drivers/STM32G0xx_HAL_Driver/Src/stm32g0xx_hal.c.obj
 .debug_info    0x0000cc71     0x1502 CMakeFiles/NeoBalsam.dir/Drivers/STM32G0xx_HAL_Driver/Src/stm32g0xx_hal_pcd.c.obj
 .debug_info    0x0000e173      0x7e7 CMakeFiles/NeoBalsam.dir/Drivers/STM32G0xx_HAL_Driver/Src/stm32g0xx_hal_pcd_ex.c.obj
 .debug_info    0x0000e95a     0x1931 CMakeFiles/NeoBalsam.dir/Drivers/STM32G0xx_HAL_Driver/Src/stm32g0xx_ll_usb.c.obj
 .debug_info    0x0001028b      0x316 CMakeFiles/NeoBalsam.dir/Core/Src/system_stm32g0xx.c.obj
 .debug_info    0x000105a1       0x30 CMakeFiles/NeoBalsam.dir/startup_stm32g0b1xx.s.obj

.debug_abbrev   0x00000000     0x2f07
 .debug_abbrev  0x00000000      0x1eb CMakeFiles/NeoBalsam.dir/User/app_main.c.obj
 .debug_abbrev  0x000001eb      0x34c CMakeFiles/NeoBalsam.dir/User/ARGB.c.obj
 .debug_abbrev  0x00000537      0x1a7 CMakeFiles/NeoBalsam.dir/Core/Src/main.c.obj
 .debug_abbrev  0x000006de      0x17a CMakeFiles/NeoBalsam.dir/Core/Src/gpio.c.obj
 .debug_abbrev  0x00000858      0x115 CMakeFiles/NeoBalsam.dir/Core/Src/dma.c.obj
 .debug_abbrev  0x0000096d      0x22d CMakeFiles/NeoBalsam.dir/Core/Src/tim.c.obj
 .debug_abbrev  0x00000b9a      0x229 CMakeFiles/NeoBalsam.dir/Core/Src/usb_drd_fs.c.obj
 .debug_abbrev  0x00000dc3      0x1aa CMakeFiles/NeoBalsam.dir/Core/Src/stm32g0xx_it.c.obj
 .debug_abbrev  0x00000f6d       0xf9 CMakeFiles/NeoBalsam.dir/Core/Src/stm32g0xx_hal_msp.c.obj
 .debug_abbrev  0x00001066      0x287 CMakeFiles/NeoBalsam.dir/Drivers/STM32G0xx_HAL_Driver/Src/stm32g0xx_hal_tim.c.obj
 .debug_abbrev  0x000012ed      0x297 CMakeFiles/NeoBalsam.dir/Drivers/STM32G0xx_HAL_Driver/Src/stm32g0xx_hal_tim_ex.c.obj
 .debug_abbrev  0x00001584      0x2aa CMakeFiles/NeoBalsam.dir/Drivers/STM32G0xx_HAL_Driver/Src/stm32g0xx_hal_rcc.c.obj
 .debug_abbrev  0x0000182e      0x244 CMakeFiles/NeoBalsam.dir/Drivers/STM32G0xx_HAL_Driver/Src/stm32g0xx_hal_rcc_ex.c.obj
 .debug_abbrev  0x00001a72      0x1c8 CMakeFiles/NeoBalsam.dir/Drivers/STM32G0xx_HAL_Driver/Src/stm32g0xx_hal_gpio.c.obj
 .debug_abbrev  0x00001c3a      0x214 CMakeFiles/NeoBalsam.dir/Drivers/STM32G0xx_HAL_Driver/Src/stm32g0xx_hal_dma.c.obj
 .debug_abbrev  0x00001e4e      0x23c CMakeFiles/NeoBalsam.dir/Drivers/STM32G0xx_HAL_Driver/Src/stm32g0xx_hal_pwr_ex.c.obj
 .debug_abbrev  0x0000208a      0x2ab CMakeFiles/NeoBalsam.dir/Drivers/STM32G0xx_HAL_Driver/Src/stm32g0xx_hal_cortex.c.obj
 .debug_abbrev  0x00002335      0x27f CMakeFiles/NeoBalsam.dir/Drivers/STM32G0xx_HAL_Driver/Src/stm32g0xx_hal.c.obj
 .debug_abbrev  0x000025b4      0x327 CMakeFiles/NeoBalsam.dir/Drivers/STM32G0xx_HAL_Driver/Src/stm32g0xx_hal_pcd.c.obj
 .debug_abbrev  0x000028db      0x22e CMakeFiles/NeoBalsam.dir/Drivers/STM32G0xx_HAL_Driver/Src/stm32g0xx_hal_pcd_ex.c.obj
 .debug_abbrev  0x00002b09      0x2c1 CMakeFiles/NeoBalsam.dir/Drivers/STM32G0xx_HAL_Driver/Src/stm32g0xx_ll_usb.c.obj
 .debug_abbrev  0x00002dca      0x119 CMakeFiles/NeoBalsam.dir/Core/Src/system_stm32g0xx.c.obj
 .debug_abbrev  0x00002ee3       0x24 CMakeFiles/NeoBalsam.dir/startup_stm32g0b1xx.s.obj

.debug_aranges  0x00000000     0x1038
 .debug_aranges
                0x00000000       0x58 CMakeFiles/NeoBalsam.dir/User/app_main.c.obj
 .debug_aranges
                0x00000058       0x90 CMakeFiles/NeoBalsam.dir/User/ARGB.c.obj
 .debug_aranges
                0x000000e8       0x30 CMakeFiles/NeoBalsam.dir/Core/Src/main.c.obj
 .debug_aranges
                0x00000118       0x20 CMakeFiles/NeoBalsam.dir/Core/Src/gpio.c.obj
 .debug_aranges
                0x00000138       0x20 CMakeFiles/NeoBalsam.dir/Core/Src/dma.c.obj
 .debug_aranges
                0x00000158       0x38 CMakeFiles/NeoBalsam.dir/Core/Src/tim.c.obj
 .debug_aranges
                0x00000190       0x30 CMakeFiles/NeoBalsam.dir/Core/Src/usb_drd_fs.c.obj
 .debug_aranges
                0x000001c0       0x60 CMakeFiles/NeoBalsam.dir/Core/Src/stm32g0xx_it.c.obj
 .debug_aranges
                0x00000220       0x20 CMakeFiles/NeoBalsam.dir/Core/Src/stm32g0xx_hal_msp.c.obj
 .debug_aranges
                0x00000240      0x3e0 CMakeFiles/NeoBalsam.dir/Drivers/STM32G0xx_HAL_Driver/Src/stm32g0xx_hal_tim.c.obj
 .debug_aranges
                0x00000620      0x198 CMakeFiles/NeoBalsam.dir/Drivers/STM32G0xx_HAL_Driver/Src/stm32g0xx_hal_tim_ex.c.obj
 .debug_aranges
                0x000007b8       0xa0 CMakeFiles/NeoBalsam.dir/Drivers/STM32G0xx_HAL_Driver/Src/stm32g0xx_hal_rcc.c.obj
 .debug_aranges
                0x00000858       0x88 CMakeFiles/NeoBalsam.dir/Drivers/STM32G0xx_HAL_Driver/Src/stm32g0xx_hal_rcc_ex.c.obj
 .debug_aranges
                0x000008e0       0x60 CMakeFiles/NeoBalsam.dir/Drivers/STM32G0xx_HAL_Driver/Src/stm32g0xx_hal_gpio.c.obj
 .debug_aranges
                0x00000940       0x90 CMakeFiles/NeoBalsam.dir/Drivers/STM32G0xx_HAL_Driver/Src/stm32g0xx_hal_dma.c.obj
 .debug_aranges
                0x000009d0      0x128 CMakeFiles/NeoBalsam.dir/Drivers/STM32G0xx_HAL_Driver/Src/stm32g0xx_hal_pwr_ex.c.obj
 .debug_aranges
                0x00000af8       0xe8 CMakeFiles/NeoBalsam.dir/Drivers/STM32G0xx_HAL_Driver/Src/stm32g0xx_hal_cortex.c.obj
 .debug_aranges
                0x00000be0      0x130 CMakeFiles/NeoBalsam.dir/Drivers/STM32G0xx_HAL_Driver/Src/stm32g0xx_hal.c.obj
 .debug_aranges
                0x00000d10      0x150 CMakeFiles/NeoBalsam.dir/Drivers/STM32G0xx_HAL_Driver/Src/stm32g0xx_hal_pcd.c.obj
 .debug_aranges
                0x00000e60       0x58 CMakeFiles/NeoBalsam.dir/Drivers/STM32G0xx_HAL_Driver/Src/stm32g0xx_hal_pcd_ex.c.obj
 .debug_aranges
                0x00000eb8      0x130 CMakeFiles/NeoBalsam.dir/Drivers/STM32G0xx_HAL_Driver/Src/stm32g0xx_ll_usb.c.obj
 .debug_aranges
                0x00000fe8       0x28 CMakeFiles/NeoBalsam.dir/Core/Src/system_stm32g0xx.c.obj
 .debug_aranges
                0x00001010       0x28 CMakeFiles/NeoBalsam.dir/startup_stm32g0b1xx.s.obj

.debug_rnglists
                0x00000000      0xc6b
 .debug_rnglists
                0x00000000       0x42 CMakeFiles/NeoBalsam.dir/User/app_main.c.obj
 .debug_rnglists
                0x00000042       0x6d CMakeFiles/NeoBalsam.dir/User/ARGB.c.obj
 .debug_rnglists
                0x000000af       0x20 CMakeFiles/NeoBalsam.dir/Core/Src/main.c.obj
 .debug_rnglists
                0x000000cf       0x14 CMakeFiles/NeoBalsam.dir/Core/Src/gpio.c.obj
 .debug_rnglists
                0x000000e3       0x13 CMakeFiles/NeoBalsam.dir/Core/Src/dma.c.obj
 .debug_rnglists
                0x000000f6       0x27 CMakeFiles/NeoBalsam.dir/Core/Src/tim.c.obj
 .debug_rnglists
                0x0000011d       0x20 CMakeFiles/NeoBalsam.dir/Core/Src/usb_drd_fs.c.obj
 .debug_rnglists
                0x0000013d       0x43 CMakeFiles/NeoBalsam.dir/Core/Src/stm32g0xx_it.c.obj
 .debug_rnglists
                0x00000180       0x13 CMakeFiles/NeoBalsam.dir/Core/Src/stm32g0xx_hal_msp.c.obj
 .debug_rnglists
                0x00000193      0x32a CMakeFiles/NeoBalsam.dir/Drivers/STM32G0xx_HAL_Driver/Src/stm32g0xx_hal_tim.c.obj
 .debug_rnglists
                0x000004bd      0x14e CMakeFiles/NeoBalsam.dir/Drivers/STM32G0xx_HAL_Driver/Src/stm32g0xx_hal_tim_ex.c.obj
 .debug_rnglists
                0x0000060b       0x79 CMakeFiles/NeoBalsam.dir/Drivers/STM32G0xx_HAL_Driver/Src/stm32g0xx_hal_rcc.c.obj
 .debug_rnglists
                0x00000684       0x69 CMakeFiles/NeoBalsam.dir/Drivers/STM32G0xx_HAL_Driver/Src/stm32g0xx_hal_rcc_ex.c.obj
 .debug_rnglists
                0x000006ed       0x45 CMakeFiles/NeoBalsam.dir/Drivers/STM32G0xx_HAL_Driver/Src/stm32g0xx_hal_gpio.c.obj
 .debug_rnglists
                0x00000732       0x72 CMakeFiles/NeoBalsam.dir/Drivers/STM32G0xx_HAL_Driver/Src/stm32g0xx_hal_dma.c.obj
 .debug_rnglists
                0x000007a4       0xe0 CMakeFiles/NeoBalsam.dir/Drivers/STM32G0xx_HAL_Driver/Src/stm32g0xx_hal_pwr_ex.c.obj
 .debug_rnglists
                0x00000884       0xaa CMakeFiles/NeoBalsam.dir/Drivers/STM32G0xx_HAL_Driver/Src/stm32g0xx_hal_cortex.c.obj
 .debug_rnglists
                0x0000092e       0xe0 CMakeFiles/NeoBalsam.dir/Drivers/STM32G0xx_HAL_Driver/Src/stm32g0xx_hal.c.obj
 .debug_rnglists
                0x00000a0e      0x100 CMakeFiles/NeoBalsam.dir/Drivers/STM32G0xx_HAL_Driver/Src/stm32g0xx_hal_pcd.c.obj
 .debug_rnglists
                0x00000b0e       0x3f CMakeFiles/NeoBalsam.dir/Drivers/STM32G0xx_HAL_Driver/Src/stm32g0xx_hal_pcd_ex.c.obj
 .debug_rnglists
                0x00000b4d       0xeb CMakeFiles/NeoBalsam.dir/Drivers/STM32G0xx_HAL_Driver/Src/stm32g0xx_ll_usb.c.obj
 .debug_rnglists
                0x00000c38       0x1a CMakeFiles/NeoBalsam.dir/Core/Src/system_stm32g0xx.c.obj
 .debug_rnglists
                0x00000c52       0x19 CMakeFiles/NeoBalsam.dir/startup_stm32g0b1xx.s.obj

.debug_macro    0x00000000    0x1d52b
 .debug_macro   0x00000000      0x364 CMakeFiles/NeoBalsam.dir/User/app_main.c.obj
 .debug_macro   0x00000364      0xa8a CMakeFiles/NeoBalsam.dir/User/app_main.c.obj
 .debug_macro   0x00000dee      0x12a CMakeFiles/NeoBalsam.dir/User/app_main.c.obj
 .debug_macro   0x00000f18       0x2e CMakeFiles/NeoBalsam.dir/User/app_main.c.obj
 .debug_macro   0x00000f46       0x28 CMakeFiles/NeoBalsam.dir/User/app_main.c.obj
 .debug_macro   0x00000f6e       0x22 CMakeFiles/NeoBalsam.dir/User/app_main.c.obj
 .debug_macro   0x00000f90       0x8e CMakeFiles/NeoBalsam.dir/User/app_main.c.obj
 .debug_macro   0x0000101e       0x51 CMakeFiles/NeoBalsam.dir/User/app_main.c.obj
 .debug_macro   0x0000106f      0x103 CMakeFiles/NeoBalsam.dir/User/app_main.c.obj
 .debug_macro   0x00001172       0x6a CMakeFiles/NeoBalsam.dir/User/app_main.c.obj
 .debug_macro   0x000011dc      0x1df CMakeFiles/NeoBalsam.dir/User/app_main.c.obj
 .debug_macro   0x000013bb       0x1c CMakeFiles/NeoBalsam.dir/User/app_main.c.obj
 .debug_macro   0x000013d7       0x22 CMakeFiles/NeoBalsam.dir/User/app_main.c.obj
 .debug_macro   0x000013f9       0xd1 CMakeFiles/NeoBalsam.dir/User/app_main.c.obj
 .debug_macro   0x000014ca      0x4da CMakeFiles/NeoBalsam.dir/User/app_main.c.obj
 .debug_macro   0x000019a4      0x11f CMakeFiles/NeoBalsam.dir/User/app_main.c.obj
 .debug_macro   0x00001ac3     0xf3de CMakeFiles/NeoBalsam.dir/User/app_main.c.obj
 .debug_macro   0x00010ea1       0x66 CMakeFiles/NeoBalsam.dir/User/app_main.c.obj
 .debug_macro   0x00010f07     0x350e CMakeFiles/NeoBalsam.dir/User/app_main.c.obj
 .debug_macro   0x00014415      0x189 CMakeFiles/NeoBalsam.dir/User/app_main.c.obj
 .debug_macro   0x0001459e       0x5c CMakeFiles/NeoBalsam.dir/User/app_main.c.obj
 .debug_macro   0x000145fa      0x72c CMakeFiles/NeoBalsam.dir/User/app_main.c.obj
 .debug_macro   0x00014d26     0x1579 CMakeFiles/NeoBalsam.dir/User/app_main.c.obj
 .debug_macro   0x0001629f      0x535 CMakeFiles/NeoBalsam.dir/User/app_main.c.obj
 .debug_macro   0x000167d4      0x1cf CMakeFiles/NeoBalsam.dir/User/app_main.c.obj
 .debug_macro   0x000169a3      0x25b CMakeFiles/NeoBalsam.dir/User/app_main.c.obj
 .debug_macro   0x00016bfe      0x4f5 CMakeFiles/NeoBalsam.dir/User/app_main.c.obj
 .debug_macro   0x000170f3      0x280 CMakeFiles/NeoBalsam.dir/User/app_main.c.obj
 .debug_macro   0x00017373      0x417 CMakeFiles/NeoBalsam.dir/User/app_main.c.obj
 .debug_macro   0x0001778a      0x1b2 CMakeFiles/NeoBalsam.dir/User/app_main.c.obj
 .debug_macro   0x0001793c       0x43 CMakeFiles/NeoBalsam.dir/User/app_main.c.obj
 .debug_macro   0x0001797f      0x1f1 CMakeFiles/NeoBalsam.dir/User/app_main.c.obj
 .debug_macro   0x00017b70      0x1e4 CMakeFiles/NeoBalsam.dir/User/app_main.c.obj
 .debug_macro   0x00017d54      0x3fa CMakeFiles/NeoBalsam.dir/User/app_main.c.obj
 .debug_macro   0x0001814e       0x28 CMakeFiles/NeoBalsam.dir/User/app_main.c.obj
 .debug_macro   0x00018176      0x123 CMakeFiles/NeoBalsam.dir/User/app_main.c.obj
 .debug_macro   0x00018299      0x224 CMakeFiles/NeoBalsam.dir/User/app_main.c.obj
 .debug_macro   0x000184bd      0x169 CMakeFiles/NeoBalsam.dir/User/app_main.c.obj
 .debug_macro   0x00018626      0x145 CMakeFiles/NeoBalsam.dir/User/app_main.c.obj
 .debug_macro   0x0001876b      0x30b CMakeFiles/NeoBalsam.dir/User/app_main.c.obj
 .debug_macro   0x00018a76      0xae5 CMakeFiles/NeoBalsam.dir/User/app_main.c.obj
 .debug_macro   0x0001955b      0x239 CMakeFiles/NeoBalsam.dir/User/app_main.c.obj
 .debug_macro   0x00019794      0x5df CMakeFiles/NeoBalsam.dir/User/app_main.c.obj
 .debug_macro   0x00019d73       0x2e CMakeFiles/NeoBalsam.dir/User/app_main.c.obj
 .debug_macro   0x00019da1       0x74 CMakeFiles/NeoBalsam.dir/User/app_main.c.obj
 .debug_macro   0x00019e15       0x24 CMakeFiles/NeoBalsam.dir/User/app_main.c.obj
 .debug_macro   0x00019e39       0x3c CMakeFiles/NeoBalsam.dir/User/app_main.c.obj
 .debug_macro   0x00019e75       0x34 CMakeFiles/NeoBalsam.dir/User/app_main.c.obj
 .debug_macro   0x00019ea9       0x16 CMakeFiles/NeoBalsam.dir/User/app_main.c.obj
 .debug_macro   0x00019ebf       0x43 CMakeFiles/NeoBalsam.dir/User/app_main.c.obj
 .debug_macro   0x00019f02       0x34 CMakeFiles/NeoBalsam.dir/User/app_main.c.obj
 .debug_macro   0x00019f36       0x10 CMakeFiles/NeoBalsam.dir/User/app_main.c.obj
 .debug_macro   0x00019f46       0x58 CMakeFiles/NeoBalsam.dir/User/app_main.c.obj
 .debug_macro   0x00019f9e      0x1de CMakeFiles/NeoBalsam.dir/User/app_main.c.obj
 .debug_macro   0x0001a17c      0x369 CMakeFiles/NeoBalsam.dir/User/app_main.c.obj
 .debug_macro   0x0001a4e5      0x19b CMakeFiles/NeoBalsam.dir/User/app_main.c.obj
 .debug_macro   0x0001a680       0x16 CMakeFiles/NeoBalsam.dir/User/app_main.c.obj
 .debug_macro   0x0001a696       0x35 CMakeFiles/NeoBalsam.dir/User/app_main.c.obj
 .debug_macro   0x0001a6cb       0x16 CMakeFiles/NeoBalsam.dir/User/app_main.c.obj
 .debug_macro   0x0001a6e1       0x29 CMakeFiles/NeoBalsam.dir/User/app_main.c.obj
 .debug_macro   0x0001a70a       0x22 CMakeFiles/NeoBalsam.dir/User/app_main.c.obj
 .debug_macro   0x0001a72c       0x16 CMakeFiles/NeoBalsam.dir/User/app_main.c.obj
 .debug_macro   0x0001a742       0x20 CMakeFiles/NeoBalsam.dir/User/app_main.c.obj
 .debug_macro   0x0001a762       0x1c CMakeFiles/NeoBalsam.dir/User/app_main.c.obj
 .debug_macro   0x0001a77e       0x10 CMakeFiles/NeoBalsam.dir/User/app_main.c.obj
 .debug_macro   0x0001a78e       0x1c CMakeFiles/NeoBalsam.dir/User/app_main.c.obj
 .debug_macro   0x0001a7aa       0x16 CMakeFiles/NeoBalsam.dir/User/app_main.c.obj
 .debug_macro   0x0001a7c0      0x170 CMakeFiles/NeoBalsam.dir/User/app_main.c.obj
 .debug_macro   0x0001a930       0x2e CMakeFiles/NeoBalsam.dir/User/app_main.c.obj
 .debug_macro   0x0001a95e      0x381 CMakeFiles/NeoBalsam.dir/User/ARGB.c.obj
 .debug_macro   0x0001acdf      0x234 CMakeFiles/NeoBalsam.dir/Core/Src/main.c.obj
 .debug_macro   0x0001af13      0x208 CMakeFiles/NeoBalsam.dir/Core/Src/gpio.c.obj
 .debug_macro   0x0001b11b      0x208 CMakeFiles/NeoBalsam.dir/Core/Src/dma.c.obj
 .debug_macro   0x0001b323      0x208 CMakeFiles/NeoBalsam.dir/Core/Src/tim.c.obj
 .debug_macro   0x0001b52b      0x208 CMakeFiles/NeoBalsam.dir/Core/Src/usb_drd_fs.c.obj
 .debug_macro   0x0001b733      0x208 CMakeFiles/NeoBalsam.dir/Core/Src/stm32g0xx_it.c.obj
 .debug_macro   0x0001b93b      0x1fe CMakeFiles/NeoBalsam.dir/Core/Src/stm32g0xx_hal_msp.c.obj
 .debug_macro   0x0001bb39      0x1f7 CMakeFiles/NeoBalsam.dir/Drivers/STM32G0xx_HAL_Driver/Src/stm32g0xx_hal_tim.c.obj
 .debug_macro   0x0001bd30      0x1f5 CMakeFiles/NeoBalsam.dir/Drivers/STM32G0xx_HAL_Driver/Src/stm32g0xx_hal_tim_ex.c.obj
 .debug_macro   0x0001bf25      0x237 CMakeFiles/NeoBalsam.dir/Drivers/STM32G0xx_HAL_Driver/Src/stm32g0xx_hal_rcc.c.obj
 .debug_macro   0x0001c15c      0x207 CMakeFiles/NeoBalsam.dir/Drivers/STM32G0xx_HAL_Driver/Src/stm32g0xx_hal_rcc_ex.c.obj
 .debug_macro   0x0001c363      0x1f6 CMakeFiles/NeoBalsam.dir/Drivers/STM32G0xx_HAL_Driver/Src/stm32g0xx_hal_gpio.c.obj
 .debug_macro   0x0001c559      0x1ef CMakeFiles/NeoBalsam.dir/Drivers/STM32G0xx_HAL_Driver/Src/stm32g0xx_hal_dma.c.obj
 .debug_macro   0x0001c748      0x219 CMakeFiles/NeoBalsam.dir/Drivers/STM32G0xx_HAL_Driver/Src/stm32g0xx_hal_pwr_ex.c.obj
 .debug_macro   0x0001c961      0x1ef CMakeFiles/NeoBalsam.dir/Drivers/STM32G0xx_HAL_Driver/Src/stm32g0xx_hal_cortex.c.obj
 .debug_macro   0x0001cb50      0x213 CMakeFiles/NeoBalsam.dir/Drivers/STM32G0xx_HAL_Driver/Src/stm32g0xx_hal.c.obj
 .debug_macro   0x0001cd63      0x1fb CMakeFiles/NeoBalsam.dir/Drivers/STM32G0xx_HAL_Driver/Src/stm32g0xx_hal_pcd.c.obj
 .debug_macro   0x0001cf5e      0x1ef CMakeFiles/NeoBalsam.dir/Drivers/STM32G0xx_HAL_Driver/Src/stm32g0xx_hal_pcd_ex.c.obj
 .debug_macro   0x0001d14d      0x1ef CMakeFiles/NeoBalsam.dir/Drivers/STM32G0xx_HAL_Driver/Src/stm32g0xx_ll_usb.c.obj
 .debug_macro   0x0001d33c      0x1ef CMakeFiles/NeoBalsam.dir/Core/Src/system_stm32g0xx.c.obj

.debug_line     0x00000000    0x13c06
 .debug_line    0x00000000      0x9e5 CMakeFiles/NeoBalsam.dir/User/app_main.c.obj
 .debug_line    0x000009e5      0xff1 CMakeFiles/NeoBalsam.dir/User/ARGB.c.obj
 .debug_line    0x000019d6      0x7c5 CMakeFiles/NeoBalsam.dir/Core/Src/main.c.obj
 .debug_line    0x0000219b      0x70d CMakeFiles/NeoBalsam.dir/Core/Src/gpio.c.obj
 .debug_line    0x000028a8      0x6ef CMakeFiles/NeoBalsam.dir/Core/Src/dma.c.obj
 .debug_line    0x00002f97      0x82b CMakeFiles/NeoBalsam.dir/Core/Src/tim.c.obj
 .debug_line    0x000037c2      0x781 CMakeFiles/NeoBalsam.dir/Core/Src/usb_drd_fs.c.obj
 .debug_line    0x00003f43      0x7b8 CMakeFiles/NeoBalsam.dir/Core/Src/stm32g0xx_it.c.obj
 .debug_line    0x000046fb      0x6f4 CMakeFiles/NeoBalsam.dir/Core/Src/stm32g0xx_hal_msp.c.obj
 .debug_line    0x00004def     0x3ce8 CMakeFiles/NeoBalsam.dir/Drivers/STM32G0xx_HAL_Driver/Src/stm32g0xx_hal_tim.c.obj
 .debug_line    0x00008ad7     0x1c68 CMakeFiles/NeoBalsam.dir/Drivers/STM32G0xx_HAL_Driver/Src/stm32g0xx_hal_tim_ex.c.obj
 .debug_line    0x0000a73f      0xf1e CMakeFiles/NeoBalsam.dir/Drivers/STM32G0xx_HAL_Driver/Src/stm32g0xx_hal_rcc.c.obj
 .debug_line    0x0000b65d     0x115d CMakeFiles/NeoBalsam.dir/Drivers/STM32G0xx_HAL_Driver/Src/stm32g0xx_hal_rcc_ex.c.obj
 .debug_line    0x0000c7ba      0xb39 CMakeFiles/NeoBalsam.dir/Drivers/STM32G0xx_HAL_Driver/Src/stm32g0xx_hal_gpio.c.obj
 .debug_line    0x0000d2f3      0xe39 CMakeFiles/NeoBalsam.dir/Drivers/STM32G0xx_HAL_Driver/Src/stm32g0xx_hal_dma.c.obj
 .debug_line    0x0000e12c      0xb8d CMakeFiles/NeoBalsam.dir/Drivers/STM32G0xx_HAL_Driver/Src/stm32g0xx_hal_pwr_ex.c.obj
 .debug_line    0x0000ecb9      0xb41 CMakeFiles/NeoBalsam.dir/Drivers/STM32G0xx_HAL_Driver/Src/stm32g0xx_hal_cortex.c.obj
 .debug_line    0x0000f7fa      0xacc CMakeFiles/NeoBalsam.dir/Drivers/STM32G0xx_HAL_Driver/Src/stm32g0xx_hal.c.obj
 .debug_line    0x000102c6     0x1407 CMakeFiles/NeoBalsam.dir/Drivers/STM32G0xx_HAL_Driver/Src/stm32g0xx_hal_pcd.c.obj
 .debug_line    0x000116cd      0x889 CMakeFiles/NeoBalsam.dir/Drivers/STM32G0xx_HAL_Driver/Src/stm32g0xx_hal_pcd_ex.c.obj
 .debug_line    0x00011f56     0x14cf CMakeFiles/NeoBalsam.dir/Drivers/STM32G0xx_HAL_Driver/Src/stm32g0xx_ll_usb.c.obj
 .debug_line    0x00013425      0x766 CMakeFiles/NeoBalsam.dir/Core/Src/system_stm32g0xx.c.obj
 .debug_line    0x00013b8b       0x7b CMakeFiles/NeoBalsam.dir/startup_stm32g0b1xx.s.obj

.debug_str      0x00000000    0xb9798
 .debug_str     0x00000000    0xb4ade CMakeFiles/NeoBalsam.dir/User/app_main.c.obj
                              0xb520f (size before relaxing)
 .debug_str     0x000b4ade      0x84b CMakeFiles/NeoBalsam.dir/User/ARGB.c.obj
                              0xb577c (size before relaxing)
 .debug_str     0x000b5329      0x226 CMakeFiles/NeoBalsam.dir/Core/Src/main.c.obj
                              0xb144e (size before relaxing)
 .debug_str     0x000b554f       0xee CMakeFiles/NeoBalsam.dir/Core/Src/gpio.c.obj
                              0xb15f4 (size before relaxing)
 .debug_str     0x000b563d       0x25 CMakeFiles/NeoBalsam.dir/Core/Src/dma.c.obj
                              0xb1526 (size before relaxing)
 .debug_str     0x000b5662      0x4ef CMakeFiles/NeoBalsam.dir/Core/Src/tim.c.obj
                              0xb20e9 (size before relaxing)
 .debug_str     0x000b5b51      0x3ab CMakeFiles/NeoBalsam.dir/Core/Src/usb_drd_fs.c.obj
                              0xb18e3 (size before relaxing)
 .debug_str     0x000b5efc      0x132 CMakeFiles/NeoBalsam.dir/Core/Src/stm32g0xx_it.c.obj
                              0xb1921 (size before relaxing)
 .debug_str     0x000b602e       0x60 CMakeFiles/NeoBalsam.dir/Core/Src/stm32g0xx_hal_msp.c.obj
                              0xb12e5 (size before relaxing)
 .debug_str     0x000b608e      0xd99 CMakeFiles/NeoBalsam.dir/Drivers/STM32G0xx_HAL_Driver/Src/stm32g0xx_hal_tim.c.obj
                              0xb27c2 (size before relaxing)
 .debug_str     0x000b6e27      0x52f CMakeFiles/NeoBalsam.dir/Drivers/STM32G0xx_HAL_Driver/Src/stm32g0xx_hal_tim_ex.c.obj
                              0xb2150 (size before relaxing)
 .debug_str     0x000b7356      0x623 CMakeFiles/NeoBalsam.dir/Drivers/STM32G0xx_HAL_Driver/Src/stm32g0xx_hal_rcc.c.obj
                              0xb1a25 (size before relaxing)
 .debug_str     0x000b7979      0x37b CMakeFiles/NeoBalsam.dir/Drivers/STM32G0xx_HAL_Driver/Src/stm32g0xx_hal_rcc_ex.c.obj
                              0xb18b5 (size before relaxing)
 .debug_str     0x000b7cf4      0x160 CMakeFiles/NeoBalsam.dir/Drivers/STM32G0xx_HAL_Driver/Src/stm32g0xx_hal_gpio.c.obj
                              0xb13bc (size before relaxing)
 .debug_str     0x000b7e54      0x260 CMakeFiles/NeoBalsam.dir/Drivers/STM32G0xx_HAL_Driver/Src/stm32g0xx_hal_dma.c.obj
                              0xb1709 (size before relaxing)
 .debug_str     0x000b80b4      0x3d4 CMakeFiles/NeoBalsam.dir/Drivers/STM32G0xx_HAL_Driver/Src/stm32g0xx_hal_pwr_ex.c.obj
                              0xb17db (size before relaxing)
 .debug_str     0x000b8488      0x2ae CMakeFiles/NeoBalsam.dir/Drivers/STM32G0xx_HAL_Driver/Src/stm32g0xx_hal_cortex.c.obj
                              0xb176a (size before relaxing)
 .debug_str     0x000b8736      0x4da CMakeFiles/NeoBalsam.dir/Drivers/STM32G0xx_HAL_Driver/Src/stm32g0xx_hal.c.obj
                              0xb1b32 (size before relaxing)
 .debug_str     0x000b8c10      0x5b3 CMakeFiles/NeoBalsam.dir/Drivers/STM32G0xx_HAL_Driver/Src/stm32g0xx_hal_pcd.c.obj
                              0xb1b37 (size before relaxing)
 .debug_str     0x000b91c3      0x199 CMakeFiles/NeoBalsam.dir/Drivers/STM32G0xx_HAL_Driver/Src/stm32g0xx_hal_pcd_ex.c.obj
                              0xb1708 (size before relaxing)
 .debug_str     0x000b935c      0x3a1 CMakeFiles/NeoBalsam.dir/Drivers/STM32G0xx_HAL_Driver/Src/stm32g0xx_ll_usb.c.obj
                              0xb18df (size before relaxing)
 .debug_str     0x000b96fd       0x53 CMakeFiles/NeoBalsam.dir/Core/Src/system_stm32g0xx.c.obj
                              0xb1259 (size before relaxing)
 .debug_str     0x000b9750       0x48 CMakeFiles/NeoBalsam.dir/startup_stm32g0b1xx.s.obj
                                 0x6a (size before relaxing)

.debug_line_str
                0x00000000       0x4e
 .debug_line_str
                0x00000000       0x4e CMakeFiles/NeoBalsam.dir/startup_stm32g0b1xx.s.obj