Archive member included to satisfy reference by file (symbol)

C:/ST/STM32CubeCLT_1.15.1/GNU-tools-for-STM32/bin/../lib/gcc/arm-none-eabi/12.3.1/../../../../arm-none-eabi/lib/thumb/v6-m/nofp\libc_nano.a(libc_a-exit.o)
                              C:/ST/STM32CubeCLT_1.15.1/GNU-tools-for-STM32/bin/../lib/gcc/arm-none-eabi/12.3.1/../../../../arm-none-eabi/lib/thumb/v6-m/nofp/crt0.o (exit)
C:/ST/STM32CubeCLT_1.15.1/GNU-tools-for-STM32/bin/../lib/gcc/arm-none-eabi/12.3.1/../../../../arm-none-eabi/lib/thumb/v6-m/nofp\libc_nano.a(libc_a-findfp.o)
                              C:/ST/STM32CubeCLT_1.15.1/GNU-tools-for-STM32/bin/../lib/gcc/arm-none-eabi/12.3.1/../../../../arm-none-eabi/lib/thumb/v6-m/nofp\libc_nano.a(libc_a-exit.o) (__stdio_exit_handler)
C:/ST/STM32CubeCLT_1.15.1/GNU-tools-for-STM32/bin/../lib/gcc/arm-none-eabi/12.3.1/../../../../arm-none-eabi/lib/thumb/v6-m/nofp\libc_nano.a(libc_a-fwalk.o)
                              C:/ST/STM32CubeCLT_1.15.1/GNU-tools-for-STM32/bin/../lib/gcc/arm-none-eabi/12.3.1/../../../../arm-none-eabi/lib/thumb/v6-m/nofp\libc_nano.a(libc_a-findfp.o) (_fwalk_sglue)
C:/ST/STM32CubeCLT_1.15.1/GNU-tools-for-STM32/bin/../lib/gcc/arm-none-eabi/12.3.1/../../../../arm-none-eabi/lib/thumb/v6-m/nofp\libc_nano.a(libc_a-stdio.o)
                              C:/ST/STM32CubeCLT_1.15.1/GNU-tools-for-STM32/bin/../lib/gcc/arm-none-eabi/12.3.1/../../../../arm-none-eabi/lib/thumb/v6-m/nofp\libc_nano.a(libc_a-findfp.o) (__sread)
C:/ST/STM32CubeCLT_1.15.1/GNU-tools-for-STM32/bin/../lib/gcc/arm-none-eabi/12.3.1/../../../../arm-none-eabi/lib/thumb/v6-m/nofp\libc_nano.a(libc_a-memset.o)
                              C:/ST/STM32CubeCLT_1.15.1/GNU-tools-for-STM32/bin/../lib/gcc/arm-none-eabi/12.3.1/../../../../arm-none-eabi/lib/thumb/v6-m/nofp/crt0.o (memset)
C:/ST/STM32CubeCLT_1.15.1/GNU-tools-for-STM32/bin/../lib/gcc/arm-none-eabi/12.3.1/../../../../arm-none-eabi/lib/thumb/v6-m/nofp\libc_nano.a(libc_a-closer.o)
                              C:/ST/STM32CubeCLT_1.15.1/GNU-tools-for-STM32/bin/../lib/gcc/arm-none-eabi/12.3.1/../../../../arm-none-eabi/lib/thumb/v6-m/nofp\libc_nano.a(libc_a-stdio.o) (_close_r)
C:/ST/STM32CubeCLT_1.15.1/GNU-tools-for-STM32/bin/../lib/gcc/arm-none-eabi/12.3.1/../../../../arm-none-eabi/lib/thumb/v6-m/nofp\libc_nano.a(libc_a-reent.o)
                              C:/ST/STM32CubeCLT_1.15.1/GNU-tools-for-STM32/bin/../lib/gcc/arm-none-eabi/12.3.1/../../../../arm-none-eabi/lib/thumb/v6-m/nofp\libc_nano.a(libc_a-closer.o) (errno)
C:/ST/STM32CubeCLT_1.15.1/GNU-tools-for-STM32/bin/../lib/gcc/arm-none-eabi/12.3.1/../../../../arm-none-eabi/lib/thumb/v6-m/nofp\libc_nano.a(libc_a-impure.o)
                              C:/ST/STM32CubeCLT_1.15.1/GNU-tools-for-STM32/bin/../lib/gcc/arm-none-eabi/12.3.1/../../../../arm-none-eabi/lib/thumb/v6-m/nofp\libc_nano.a(libc_a-reent.o) (_impure_ptr)
C:/ST/STM32CubeCLT_1.15.1/GNU-tools-for-STM32/bin/../lib/gcc/arm-none-eabi/12.3.1/../../../../arm-none-eabi/lib/thumb/v6-m/nofp\libc_nano.a(libc_a-lseekr.o)
                              C:/ST/STM32CubeCLT_1.15.1/GNU-tools-for-STM32/bin/../lib/gcc/arm-none-eabi/12.3.1/../../../../arm-none-eabi/lib/thumb/v6-m/nofp\libc_nano.a(libc_a-stdio.o) (_lseek_r)
C:/ST/STM32CubeCLT_1.15.1/GNU-tools-for-STM32/bin/../lib/gcc/arm-none-eabi/12.3.1/../../../../arm-none-eabi/lib/thumb/v6-m/nofp\libc_nano.a(libc_a-readr.o)
                              C:/ST/STM32CubeCLT_1.15.1/GNU-tools-for-STM32/bin/../lib/gcc/arm-none-eabi/12.3.1/../../../../arm-none-eabi/lib/thumb/v6-m/nofp\libc_nano.a(libc_a-stdio.o) (_read_r)
C:/ST/STM32CubeCLT_1.15.1/GNU-tools-for-STM32/bin/../lib/gcc/arm-none-eabi/12.3.1/../../../../arm-none-eabi/lib/thumb/v6-m/nofp\libc_nano.a(libc_a-writer.o)
                              C:/ST/STM32CubeCLT_1.15.1/GNU-tools-for-STM32/bin/../lib/gcc/arm-none-eabi/12.3.1/../../../../arm-none-eabi/lib/thumb/v6-m/nofp\libc_nano.a(libc_a-stdio.o) (_write_r)
C:/ST/STM32CubeCLT_1.15.1/GNU-tools-for-STM32/bin/../lib/gcc/arm-none-eabi/12.3.1/../../../../arm-none-eabi/lib/thumb/v6-m/nofp\libc_nano.a(libc_a-init.o)
                              C:/ST/STM32CubeCLT_1.15.1/GNU-tools-for-STM32/bin/../lib/gcc/arm-none-eabi/12.3.1/../../../../arm-none-eabi/lib/thumb/v6-m/nofp/crt0.o (__libc_init_array)
C:/ST/STM32CubeCLT_1.15.1/GNU-tools-for-STM32/bin/../lib/gcc/arm-none-eabi/12.3.1/../../../../arm-none-eabi/lib/thumb/v6-m/nofp\libc_nano.a(libc_a-lock.o)
                              C:/ST/STM32CubeCLT_1.15.1/GNU-tools-for-STM32/bin/../lib/gcc/arm-none-eabi/12.3.1/../../../../arm-none-eabi/lib/thumb/v6-m/nofp\libc_nano.a(libc_a-findfp.o) (__retarget_lock_init_recursive)
C:/ST/STM32CubeCLT_1.15.1/GNU-tools-for-STM32/bin/../lib/gcc/arm-none-eabi/12.3.1/../../../../arm-none-eabi/lib/thumb/v6-m/nofp\libc_nano.a(libc_a-freer.o)
                              C:/ST/STM32CubeCLT_1.15.1/GNU-tools-for-STM32/bin/../lib/gcc/arm-none-eabi/12.3.1/../../../../arm-none-eabi/lib/thumb/v6-m/nofp\libc_nano.a(libc_a-reent.o) (_free_r)
[...]
Memory Configuration

Name             Origin             Length             Attributes
RAM              0x20000000         0x00024000         xrw
FLASH            0x08000000         0x00080000         xr
*default*        0x00000000         0xffffffff

Linker script and memory map

LOAD C:/ST/STM32CubeCLT_1.15.1/GNU-tools-for-STM32/bin/../lib/gcc/arm-none-eabi/12.3.1/thumb/v6-m/nofp/crti.o
LOAD C:/ST/STM32CubeCLT_1.15.1/GNU-tools-for-STM32/bin/../lib/gcc/arm-none-eabi/12.3.1/thumb/v6-m/nofp/crtbegin.o
LOAD C:/ST/STM32CubeCLT_1.15.1/GNU-tools-for-STM32/bin/../lib/gcc/arm-none-eabi/12.3.1/../../../../arm-none-eabi/lib/thumb/v6-m/nofp/crt0.o
START GROUP
LOAD C:/ST/STM32CubeCLT_1.15.1/GNU-tools-for-STM32/bin/../lib/gcc/arm-none-eabi/12.3.1/../../../../arm-none-eabi/lib/thumb/v6-m/nofp\libc_nano.a
LOAD C:/ST/STM32CubeCLT_1.15.1/GNU-tools-for-STM32/bin/../lib/gcc/arm-none-eabi/12.3.1/../../../../arm-none-eabi/lib/thumb/v6-m/nofp\libm.a
END GROUP
LOAD CMakeFiles/NeoBalsam.dir/User/app_main.c.obj
LOAD CMakeFiles/NeoBalsam.dir/User/ARGB.c.obj
LOAD CMakeFiles/NeoBalsam.dir/Core/Src/main.c.obj
LOAD CMakeFiles/NeoBalsam.dir/Core/Src/gpio.c.obj
LOAD CMakeFiles/NeoBalsam.dir/Core/Src/dma.c.obj
LOAD CMakeFiles/NeoBalsam.dir/Core/Src/tim.c.obj
LOAD CMakeFiles/NeoBalsam.dir/Core/Src/usb_drd_fs.c.obj
LOAD CMakeFiles/NeoBalsam.dir/Core/Src/stm32g0xx_it.c.obj
LOAD CMakeFiles/NeoBalsam.dir/Core/Src/stm32g0xx_hal_msp.c.obj
LOAD CMakeFiles/NeoBalsam.dir/Drivers/STM32G0xx_HAL_Driver/Src/stm32g0xx_hal_tim.c.obj
LOAD CMakeFiles/NeoBalsam.dir/Drivers/STM32G0xx_HAL_Driver/Src/stm32g0xx_hal_tim_ex.c.obj
LOAD CMakeFiles/NeoBalsam.dir/Drivers/STM32G0xx_HAL_Driver/Src/stm32g0xx_hal_rcc.c.obj
LOAD CMakeFiles/NeoBalsam.dir/Drivers/STM32G0xx_HAL_Driver/Src/stm32g0xx_hal_rcc_ex.c.obj
LOAD CMakeFiles/NeoBalsam.dir/Drivers/STM32G0xx_HAL_Driver/Src/stm32g0xx_ll_rcc.c.obj
LOAD CMakeFiles/NeoBalsam.dir/Drivers/STM32G0xx_HAL_Driver/Src/stm32g0xx_hal_flash.c.obj
LOAD CMakeFiles/NeoBalsam.dir/Drivers/STM32G0xx_HAL_Driver/Src/stm32g0xx_hal_flash_ex.c.obj
LOAD CMakeFiles/NeoBalsam.dir/Drivers/STM32G0xx_HAL_Driver/Src/stm32g0xx_hal_gpio.c.obj
LOAD CMakeFiles/NeoBalsam.dir/Drivers/STM32G0xx_HAL_Driver/Src/stm32g0xx_hal_dma.c.obj
LOAD CMakeFiles/NeoBalsam.dir/Drivers/STM32G0xx_HAL_Driver/Src/stm32g0xx_hal_dma_ex.c.obj
LOAD CMakeFiles/NeoBalsam.dir/Drivers/STM32G0xx_HAL_Driver/Src/stm32g0xx_hal_pwr.c.obj
LOAD CMakeFiles/NeoBalsam.dir/Drivers/STM32G0xx_HAL_Driver/Src/stm32g0xx_hal_pwr_ex.c.obj
LOAD CMakeFiles/NeoBalsam.dir/Drivers/STM32G0xx_HAL_Driver/Src/stm32g0xx_hal_cortex.c.obj
LOAD CMakeFiles/NeoBalsam.dir/Drivers/STM32G0xx_HAL_Driver/Src/stm32g0xx_hal.c.obj
LOAD CMakeFiles/NeoBalsam.dir/Drivers/STM32G0xx_HAL_Driver/Src/stm32g0xx_hal_exti.c.obj
LOAD CMakeFiles/NeoBalsam.dir/Drivers/STM32G0xx_HAL_Driver/Src/stm32g0xx_hal_pcd.c.obj
LOAD CMakeFiles/NeoBalsam.dir/Drivers/STM32G0xx_HAL_Driver/Src/stm32g0xx_hal_pcd_ex.c.obj
LOAD CMakeFiles/NeoBalsam.dir/Drivers/STM32G0xx_HAL_Driver/Src/stm32g0xx_ll_usb.c.obj
LOAD CMakeFiles/NeoBalsam.dir/Core/Src/system_stm32g0xx.c.obj
LOAD CMakeFiles/NeoBalsam.dir/Core/Src/sysmem.c.obj
LOAD CMakeFiles/NeoBalsam.dir/Core/Src/syscalls.c.obj
LOAD CMakeFiles/NeoBalsam.dir/startup_stm32g0b1xx.s.obj
START GROUP
LOAD C:/ST/STM32CubeCLT_1.15.1/GNU-tools-for-STM32/bin/../lib/gcc/arm-none-eabi/12.3.1/thumb/v6-m/nofp\libgcc.a
LOAD C:/ST/STM32CubeCLT_1.15.1/GNU-tools-for-STM32/bin/../lib/gcc/arm-none-eabi/12.3.1/../../../../arm-none-eabi/lib/thumb/v6-m/nofp\libg_nano.a
LOAD C:/ST/STM32CubeCLT_1.15.1/GNU-tools-for-STM32/bin/../lib/gcc/arm-none-eabi/12.3.1/../../../../arm-none-eabi/lib/thumb/v6-m/nofp\libc_nano.a
END GROUP
START GROUP
LOAD C:/ST/STM32CubeCLT_1.15.1/GNU-tools-for-STM32/bin/../lib/gcc/arm-none-eabi/12.3.1/thumb/v6-m/nofp\libgcc.a
LOAD C:/ST/STM32CubeCLT_1.15.1/GNU-tools-for-STM32/bin/../lib/gcc/arm-none-eabi/12.3.1/../../../../arm-none-eabi/lib/thumb/v6-m/nofp\libc_nano.a
END GROUP
LOAD C:/ST/STM32CubeCLT_1.15.1/GNU-tools-for-STM32/bin/../lib/gcc/arm-none-eabi/12.3.1/thumb/v6-m/nofp/crtend.o
LOAD C:/ST/STM32CubeCLT_1.15.1/GNU-tools-for-STM32/bin/../lib/gcc/arm-none-eabi/12.3.1/thumb/v6-m/nofp/crtn.o
                0x20024000                        _estack = (ORIGIN (RAM) + LENGTH (RAM))
                0x00000200                        _Min_Heap_Size = 0x200
                0x00000400                        _Min_Stack_Size = 0x400

.isr_vector     0x08000000       0xbc
                0x08000000                        . = ALIGN (0x4)
 *(.isr_vector)
 .isr_vector    0x08000000       0xbc CMakeFiles/NeoBalsam.dir/startup_stm32g0b1xx.s.obj
                0x08000000                g_pfnVectors
                0x080000bc                        . = ALIGN (0x4)

.text           0x080000bc     0x5adc
                0x080000bc                        . = ALIGN (0x4)
 *(.text)
 .text          0x080000bc       0x48 C:/ST/STM32CubeCLT_1.15.1/GNU-tools-for-STM32/bin/../lib/gcc/arm-none-eabi/12.3.1/thumb/v6-m/nofp/crtbegin.o
 .text          0x08000104      0x114 C:/ST/STM32CubeCLT_1.15.1/GNU-tools-for-STM32/bin/../lib/gcc/arm-none-eabi/12.3.1/thumb/v6-m/nofp\libgcc.a(_udivsi3.o)
                0x08000104                __aeabi_uidiv
                0x08000104                __udivsi3
                0x08000210                __aeabi_uidivmod
 .text          0x08000218      0x1d4 C:/ST/STM32CubeCLT_1.15.1/GNU-tools-for-STM32/bin/../lib/gcc/arm-none-eabi/12.3.1/thumb/v6-m/nofp\libgcc.a(_divsi3.o)
                0x08000218                __divsi3
                0x08000218                __aeabi_idiv
                0x080003e4                __aeabi_idivmod
 .text          0x080003ec        0x4 C:/ST/STM32CubeCLT_1.15.1/GNU-tools-for-STM32/bin/../lib/gcc/arm-none-eabi/12.3.1/thumb/v6-m/nofp\libgcc.a(_dvmd_tls.o)
                0x080003ec                __aeabi_idiv0
                0x080003ec                __aeabi_ldiv0
 .text          0x080003f0       0x74 C:/ST/STM32CubeCLT_1.15.1/GNU-tools-for-STM32/bin/../lib/gcc/arm-none-eabi/12.3.1/thumb/v6-m/nofp\libgcc.a(_arm_cmpsf2.o)
                0x080003f0                __aeabi_cfrcmple
                0x080003f8                __aeabi_cfcmpeq
                0x080003f8                __aeabi_cfcmple
                0x08000408                __aeabi_fcmpeq
                0x08000414                __aeabi_fcmplt
                0x08000428                __aeabi_fcmple
                0x0800043c                __aeabi_fcmpgt
                0x08000450                __aeabi_fcmpge
 .text          0x08000464       0x30 C:/ST/STM32CubeCLT_1.15.1/GNU-tools-for-STM32/bin/../lib/gcc/arm-none-eabi/12.3.1/thumb/v6-m/nofp\libgcc.a(_fixunssfsi.o)
                0x08000464                __fixunssfsi
                0x08000464                __aeabi_f2uiz
 .text          0x08000494       0x3c C:/ST/STM32CubeCLT_1.15.1/GNU-tools-for-STM32/bin/../lib/gcc/arm-none-eabi/12.3.1/thumb/v6-m/nofp\libgcc.a(_fixunsdfsi.o)
                0x08000494                __aeabi_d2uiz
                0x08000494                __fixunsdfsi
 .text          0x080004d0      0x314 C:/ST/STM32CubeCLT_1.15.1/GNU-tools-for-STM32/bin/../lib/gcc/arm-none-eabi/12.3.1/thumb/v6-m/nofp\libgcc.a(addsf3.o)
                0x080004d0                __aeabi_fadd
 .text          0x080007e4      0x240 C:/ST/STM32CubeCLT_1.15.1/GNU-tools-for-STM32/bin/../lib/gcc/arm-none-eabi/12.3.1/thumb/v6-m/nofp\libgcc.a(divsf3.o)
                0x080007e4                __aeabi_fdiv
 .text          0x08000a24       0x50 C:/ST/STM32CubeCLT_1.15.1/GNU-tools-for-STM32/bin/../lib/gcc/arm-none-eabi/12.3.1/thumb/v6-m/nofp\libgcc.a(eqsf2.o)
                0x08000a24                __eqsf2
                0x08000a24                __nesf2
 .text          0x08000a74       0xa0 C:/ST/STM32CubeCLT_1.15.1/GNU-tools-for-STM32/bin/../lib/gcc/arm-none-eabi/12.3.1/thumb/v6-m/nofp\libgcc.a(gesf2.o)
                0x08000a74                __gesf2
                0x08000a74                __gtsf2
 .text          0x08000b14       0x9c C:/ST/STM32CubeCLT_1.15.1/GNU-tools-for-STM32/bin/../lib/gcc/arm-none-eabi/12.3.1/thumb/v6-m/nofp\libgcc.a(lesf2.o)
                0x08000b14                __ltsf2
                0x08000b14                __lesf2
 .text          0x08000bb0      0x27c C:/ST/STM32CubeCLT_1.15.1/GNU-tools-for-STM32/bin/../lib/gcc/arm-none-eabi/12.3.1/thumb/v6-m/nofp\libgcc.a(mulsf3.o)
                0x08000bb0                __aeabi_fmul
 .text          0x08000e2c      0x348 C:/ST/STM32CubeCLT_1.15.1/GNU-tools-for-STM32/bin/../lib/gcc/arm-none-eabi/12.3.1/thumb/v6-m/nofp\libgcc.a(subsf3.o)
                0x08000e2c                __aeabi_fsub
 .text          0x08001174       0x40 C:/ST/STM32CubeCLT_1.15.1/GNU-tools-for-STM32/bin/../lib/gcc/arm-none-eabi/12.3.1/thumb/v6-m/nofp\libgcc.a(fixsfsi.o)
                0x08001174                __aeabi_f2iz
 .text          0x080011b4       0x98 C:/ST/STM32CubeCLT_1.15.1/GNU-tools-for-STM32/bin/../lib/gcc/arm-none-eabi/12.3.1/thumb/v6-m/nofp\libgcc.a(floatsisf.o)
                0x080011b4                __aeabi_i2f
 .text          0x0800124c       0x84 C:/ST/STM32CubeCLT_1.15.1/GNU-tools-for-STM32/bin/../lib/gcc/arm-none-eabi/12.3.1/thumb/v6-m/nofp\libgcc.a(floatunsisf.o)
                0x0800124c                __aeabi_ui2f
 .text          0x080012d0      0x590 C:/ST/STM32CubeCLT_1.15.1/GNU-tools-for-STM32/bin/../lib/gcc/arm-none-eabi/12.3.1/thumb/v6-m/nofp\libgcc.a(muldf3.o)
                0x080012d0                __aeabi_dmul
 .text          0x08001860      0x738 C:/ST/STM32CubeCLT_1.15.1/GNU-tools-for-STM32/bin/../lib/gcc/arm-none-eabi/12.3.1/thumb/v6-m/nofp\libgcc.a(subdf3.o)
                0x08001860                __aeabi_dsub
 .text          0x08001f98       0x78 C:/ST/STM32CubeCLT_1.15.1/GNU-tools-for-STM32/bin/../lib/gcc/arm-none-eabi/12.3.1/thumb/v6-m/nofp\libgcc.a(fixdfsi.o)
                0x08001f98                __aeabi_d2iz
 .text          0x08002010       0x48 C:/ST/STM32CubeCLT_1.15.1/GNU-tools-for-STM32/bin/../lib/gcc/arm-none-eabi/12.3.1/thumb/v6-m/nofp\libgcc.a(floatunsidf.o)
                0x08002010                __aeabi_ui2d
 .text          0x08002058       0x90 C:/ST/STM32CubeCLT_1.15.1/GNU-tools-for-STM32/bin/../lib/gcc/arm-none-eabi/12.3.1/thumb/v6-m/nofp\libgcc.a(extendsfdf2.o)
                0x08002058                __aeabi_f2d
 .text          0x080020e8      0x108 C:/ST/STM32CubeCLT_1.15.1/GNU-tools-for-STM32/bin/../lib/gcc/arm-none-eabi/12.3.1/thumb/v6-m/nofp\libgcc.a(truncdfsf2.o)
                0x080020e8                __aeabi_d2f
 .text          0x080021f0       0x7c C:/ST/STM32CubeCLT_1.15.1/GNU-tools-for-STM32/bin/../lib/gcc/arm-none-eabi/12.3.1/thumb/v6-m/nofp\libgcc.a(_arm_cmpdf2.o)
                0x080021f0                __aeabi_cdrcmple
                0x08002200                __aeabi_cdcmple
                0x08002200                __aeabi_cdcmpeq
                0x08002210                __aeabi_dcmpeq
                0x0800221c                __aeabi_dcmplt
                0x08002230                __aeabi_dcmple
                0x08002244                __aeabi_dcmpgt
                0x08002258                __aeabi_dcmpge
 .text          0x0800226c       0x3c C:/ST/STM32CubeCLT_1.15.1/GNU-tools-for-STM32/bin/../lib/gcc/arm-none-eabi/12.3.1/thumb/v6-m/nofp\libgcc.a(_clzsi2.o)
                0x0800226c                __clzsi2
 .text          0x080022a8       0x88 C:/ST/STM32CubeCLT_1.15.1/GNU-tools-for-STM32/bin/../lib/gcc/arm-none-eabi/12.3.1/thumb/v6-m/nofp\libgcc.a(eqdf2.o)
                0x080022a8                __nedf2
                0x080022a8                __eqdf2
 .text          0x08002330       0xe8 C:/ST/STM32CubeCLT_1.15.1/GNU-tools-for-STM32/bin/../lib/gcc/arm-none-eabi/12.3.1/thumb/v6-m/nofp\libgcc.a(gedf2.o)
                0x08002330                __gedf2
                0x08002330                __gtdf2
 .text          0x08002418       0xe4 C:/ST/STM32CubeCLT_1.15.1/GNU-tools-for-STM32/bin/../lib/gcc/arm-none-eabi/12.3.1/thumb/v6-m/nofp\libgcc.a(ledf2.o)
                0x08002418                __ledf2
                0x08002418                __ltdf2
 *(.text*)
 .text.memset   0x080024fc       0x10 C:/ST/STM32CubeCLT_1.15.1/GNU-tools-for-STM32/bin/../lib/gcc/arm-none-eabi/12.3.1/../../../../arm-none-eabi/lib/thumb/v6-m/nofp\libc_nano.a(libc_a-memset.o)
                0x080024fc                memset
 .text.__libc_init_array
                0x0800250c       0x48 C:/ST/STM32CubeCLT_1.15.1/GNU-tools-for-STM32/bin/../lib/gcc/arm-none-eabi/12.3.1/../../../../arm-none-eabi/lib/thumb/v6-m/nofp\libc_nano.a(libc_a-init.o)
                0x0800250c                __libc_init_array
 .text.app_init
                0x08002554        0x4 CMakeFiles/NeoBalsam.dir/User/app_main.c.obj
                0x08002554                app_init
 .text.app_main
                0x08002558       0xa8 CMakeFiles/NeoBalsam.dir/User/app_main.c.obj
                0x08002558                app_main
 .text.ARGB_TIM_DMADelayPulseHalfCplt
                0x08002600      0x110 CMakeFiles/NeoBalsam.dir/User/ARGB.c.obj
 .text.ARGB_TIM_DMADelayPulseCplt
                0x08002710      0x21c CMakeFiles/NeoBalsam.dir/User/ARGB.c.obj
 .text.ARGB_Init
                0x0800292c       0x9c CMakeFiles/NeoBalsam.dir/User/ARGB.c.obj
                0x0800292c                ARGB_Init
 .text.ARGB_SetBrightness
                0x080029c8        0xc CMakeFiles/NeoBalsam.dir/User/ARGB.c.obj
                0x080029c8                ARGB_SetBrightness
 .text.ARGB_FillRGB
                0x080029d4       0xd4 CMakeFiles/NeoBalsam.dir/User/ARGB.c.obj
                0x080029d4                ARGB_FillRGB
 .text.ARGB_Show
                0x08002aa8      0x234 CMakeFiles/NeoBalsam.dir/User/ARGB.c.obj
                0x08002aa8                ARGB_Show
 .text.SystemClock_Config
                0x08002cdc       0x88 CMakeFiles/NeoBalsam.dir/Core/Src/main.c.obj
                0x08002cdc                SystemClock_Config
 .text.startup.main
                0x08002d64       0x24 CMakeFiles/NeoBalsam.dir/Core/Src/main.c.obj
                0x08002d64                main
 .text.Error_Handler
                0x08002d88        0x4 CMakeFiles/NeoBalsam.dir/Core/Src/main.c.obj
                0x08002d88                Error_Handler
 .text.MX_GPIO_Init
                0x08002d8c       0x60 CMakeFiles/NeoBalsam.dir/Core/Src/gpio.c.obj
                0x08002d8c                MX_GPIO_Init
 .text.MX_DMA_Init
                0x08002dec       0x30 CMakeFiles/NeoBalsam.dir/Core/Src/dma.c.obj
                0x08002dec                MX_DMA_Init
 .text.MX_TIM1_Init
                0x08002e1c      0x150 CMakeFiles/NeoBalsam.dir/Core/Src/tim.c.obj
                0x08002e1c                MX_TIM1_Init
 .text.HAL_TIM_Base_MspInit
                0x08002f6c       0xb0 CMakeFiles/NeoBalsam.dir/Core/Src/tim.c.obj
                0x08002f6c                HAL_TIM_Base_MspInit
 .text.MX_USB_DRD_FS_PCD_Init
                0x0800301c       0x38 CMakeFiles/NeoBalsam.dir/Core/Src/usb_drd_fs.c.obj
                0x0800301c                MX_USB_DRD_FS_PCD_Init
 .text.HAL_PCD_MspInit
                0x08003054       0x80 CMakeFiles/NeoBalsam.dir/Core/Src/usb_drd_fs.c.obj
                0x08003054                HAL_PCD_MspInit
 .text.NMI_Handler
                0x080030d4        0x4 CMakeFiles/NeoBalsam.dir/Core/Src/stm32g0xx_it.c.obj
                0x080030d4                NMI_Handler
 .text.HardFault_Handler
                0x080030d8        0x4 CMakeFiles/NeoBalsam.dir/Core/Src/stm32g0xx_it.c.obj
                0x080030d8                HardFault_Handler
 .text.SVC_Handler
                0x080030dc        0x4 CMakeFiles/NeoBalsam.dir/Core/Src/stm32g0xx_it.c.obj
                0x080030dc                SVC_Handler
 .text.PendSV_Handler
                0x080030e0        0x4 CMakeFiles/NeoBalsam.dir/Core/Src/stm32g0xx_it.c.obj
                0x080030e0                PendSV_Handler
 .text.SysTick_Handler
                0x080030e4        0x8 CMakeFiles/NeoBalsam.dir/Core/Src/stm32g0xx_it.c.obj
                0x080030e4                SysTick_Handler
 .text.DMA1_Channel1_IRQHandler
                0x080030ec       0x10 CMakeFiles/NeoBalsam.dir/Core/Src/stm32g0xx_it.c.obj
                0x080030ec                DMA1_Channel1_IRQHandler
 .text.TIM1_BRK_UP_TRG_COM_IRQHandler
                0x080030fc       0x10 CMakeFiles/NeoBalsam.dir/Core/Src/stm32g0xx_it.c.obj
                0x080030fc                TIM1_BRK_UP_TRG_COM_IRQHandler
 .text.TIM1_CC_IRQHandler
                0x0800310c       0x10 CMakeFiles/NeoBalsam.dir/Core/Src/stm32g0xx_it.c.obj
                0x0800310c                TIM1_CC_IRQHandler
 .text.HAL_MspInit
                0x0800311c       0x38 CMakeFiles/NeoBalsam.dir/Core/Src/stm32g0xx_hal_msp.c.obj
                0x0800311c                HAL_MspInit
 .text.TIM_OC1_SetConfig
                0x08003154       0x74 CMakeFiles/NeoBalsam.dir/Drivers/STM32G0xx_HAL_Driver/Src/stm32g0xx_hal_tim.c.obj
 .text.HAL_TIM_Base_Init
                0x080031c8      0x114 CMakeFiles/NeoBalsam.dir/Drivers/STM32G0xx_HAL_Driver/Src/stm32g0xx_hal_tim.c.obj
                0x080031c8                HAL_TIM_Base_Init
 .text.HAL_TIM_PWM_MspInit
                0x080032dc        0x4 CMakeFiles/NeoBalsam.dir/Drivers/STM32G0xx_HAL_Driver/Src/stm32g0xx_hal_tim.c.obj
                0x080032dc                HAL_TIM_PWM_MspInit
 .text.HAL_TIM_PWM_Init
                0x080032e0      0x114 CMakeFiles/NeoBalsam.dir/Drivers/STM32G0xx_HAL_Driver/Src/stm32g0xx_hal_tim.c.obj
                0x080032e0                HAL_TIM_PWM_Init
 .text.HAL_TIM_PWM_ConfigChannel
                0x080033f4      0x304 CMakeFiles/NeoBalsam.dir/Drivers/STM32G0xx_HAL_Driver/Src/stm32g0xx_hal_tim.c.obj
                0x080033f4                HAL_TIM_PWM_ConfigChannel
 .text.HAL_TIM_ConfigClockSource
                0x080036f8      0x170 CMakeFiles/NeoBalsam.dir/Drivers/STM32G0xx_HAL_Driver/Src/stm32g0xx_hal_tim.c.obj
                0x080036f8                HAL_TIM_ConfigClockSource
 .text.HAL_TIM_PeriodElapsedCallback
                0x08003868        0x4 CMakeFiles/NeoBalsam.dir/Drivers/STM32G0xx_HAL_Driver/Src/stm32g0xx_hal_tim.c.obj
                0x08003868                HAL_TIM_PeriodElapsedCallback
 .text.HAL_TIM_OC_DelayElapsedCallback
                0x0800386c        0x4 CMakeFiles/NeoBalsam.dir/Drivers/STM32G0xx_HAL_Driver/Src/stm32g0xx_hal_tim.c.obj
                0x0800386c                HAL_TIM_OC_DelayElapsedCallback
 .text.HAL_TIM_IC_CaptureCallback
                0x08003870        0x4 CMakeFiles/NeoBalsam.dir/Drivers/STM32G0xx_HAL_Driver/Src/stm32g0xx_hal_tim.c.obj
                0x08003870                HAL_TIM_IC_CaptureCallback
 .text.HAL_TIM_PWM_PulseFinishedCallback
                0x08003874        0x4 CMakeFiles/NeoBalsam.dir/Drivers/STM32G0xx_HAL_Driver/Src/stm32g0xx_hal_tim.c.obj
                0x08003874                HAL_TIM_PWM_PulseFinishedCallback
 .text.HAL_TIM_TriggerCallback
                0x08003878        0x4 CMakeFiles/NeoBalsam.dir/Drivers/STM32G0xx_HAL_Driver/Src/stm32g0xx_hal_tim.c.obj
                0x08003878                HAL_TIM_TriggerCallback
 .text.HAL_TIM_IRQHandler
                0x0800387c      0x174 CMakeFiles/NeoBalsam.dir/Drivers/STM32G0xx_HAL_Driver/Src/stm32g0xx_hal_tim.c.obj
                0x0800387c                HAL_TIM_IRQHandler
 .text.HAL_TIM_ErrorCallback
                0x080039f0        0x4 CMakeFiles/NeoBalsam.dir/Drivers/STM32G0xx_HAL_Driver/Src/stm32g0xx_hal_tim.c.obj
                0x080039f0                HAL_TIM_ErrorCallback
 .text.TIM_DMAError
                0x080039f4       0x5c CMakeFiles/NeoBalsam.dir/Drivers/STM32G0xx_HAL_Driver/Src/stm32g0xx_hal_tim.c.obj
                0x080039f4                TIM_DMAError
 .text.TIM_CCxChannelCmd
                0x08003a50       0x1c CMakeFiles/NeoBalsam.dir/Drivers/STM32G0xx_HAL_Driver/Src/stm32g0xx_hal_tim.c.obj
                0x08003a50                TIM_CCxChannelCmd
 .text.HAL_TIMEx_MasterConfigSynchronization
                0x08003a6c       0x84 CMakeFiles/NeoBalsam.dir/Drivers/STM32G0xx_HAL_Driver/Src/stm32g0xx_hal_tim_ex.c.obj
                0x08003a6c                HAL_TIMEx_MasterConfigSynchronization
 .text.HAL_TIMEx_ConfigBreakDeadTime
                0x08003af0       0xc0 CMakeFiles/NeoBalsam.dir/Drivers/STM32G0xx_HAL_Driver/Src/stm32g0xx_hal_tim_ex.c.obj
                0x08003af0                HAL_TIMEx_ConfigBreakDeadTime
 .text.HAL_TIMEx_CommutCallback
                0x08003bb0        0x4 CMakeFiles/NeoBalsam.dir/Drivers/STM32G0xx_HAL_Driver/Src/stm32g0xx_hal_tim_ex.c.obj
                0x08003bb0                HAL_TIMEx_CommutCallback
 .text.HAL_TIMEx_BreakCallback
                0x08003bb4        0x4 CMakeFiles/NeoBalsam.dir/Drivers/STM32G0xx_HAL_Driver/Src/stm32g0xx_hal_tim_ex.c.obj
                0x08003bb4                HAL_TIMEx_BreakCallback
 .text.HAL_TIMEx_Break2Callback
                0x08003bb8        0x4 CMakeFiles/NeoBalsam.dir/Drivers/STM32G0xx_HAL_Driver/Src/stm32g0xx_hal_tim_ex.c.obj
                0x08003bb8                HAL_TIMEx_Break2Callback
 .text.HAL_RCC_OscConfig
                0x08003bbc      0x540 CMakeFiles/NeoBalsam.dir/Drivers/STM32G0xx_HAL_Driver/Src/stm32g0xx_hal_rcc.c.obj
                0x08003bbc                HAL_RCC_OscConfig
 .text.HAL_RCC_GetSysClockFreq
                0x080040fc       0x9c CMakeFiles/NeoBalsam.dir/Drivers/STM32G0xx_HAL_Driver/Src/stm32g0xx_hal_rcc.c.obj
                0x080040fc                HAL_RCC_GetSysClockFreq
 .text.HAL_RCC_ClockConfig
                0x08004198      0x190 CMakeFiles/NeoBalsam.dir/Drivers/STM32G0xx_HAL_Driver/Src/stm32g0xx_hal_rcc.c.obj
                0x08004198                HAL_RCC_ClockConfig
 .text.HAL_RCC_GetPCLK1Freq
                0x08004328       0x28 CMakeFiles/NeoBalsam.dir/Drivers/STM32G0xx_HAL_Driver/Src/stm32g0xx_hal_rcc.c.obj
                0x08004328                HAL_RCC_GetPCLK1Freq
 .text.HAL_RCCEx_PeriphCLKConfig
                0x08004350      0x2e0 CMakeFiles/NeoBalsam.dir/Drivers/STM32G0xx_HAL_Driver/Src/stm32g0xx_hal_rcc_ex.c.obj
                0x08004350                HAL_RCCEx_PeriphCLKConfig
 .text.HAL_GPIO_Init
                0x08004630      0x1f8 CMakeFiles/NeoBalsam.dir/Drivers/STM32G0xx_HAL_Driver/Src/stm32g0xx_hal_gpio.c.obj
                0x08004630                HAL_GPIO_Init
 .text.HAL_GPIO_WritePin
                0x08004828        0xc CMakeFiles/NeoBalsam.dir/Drivers/STM32G0xx_HAL_Driver/Src/stm32g0xx_hal_gpio.c.obj
                0x08004828                HAL_GPIO_WritePin
 .text.HAL_DMA_Init
                0x08004834      0x118 CMakeFiles/NeoBalsam.dir/Drivers/STM32G0xx_HAL_Driver/Src/stm32g0xx_hal_dma.c.obj
                0x08004834                HAL_DMA_Init
 .text.HAL_DMA_Start_IT
                0x0800494c       0xbc CMakeFiles/NeoBalsam.dir/Drivers/STM32G0xx_HAL_Driver/Src/stm32g0xx_hal_dma.c.obj
                0x0800494c                HAL_DMA_Start_IT
 .text.HAL_DMA_Abort_IT
                0x08004a08       0x70 CMakeFiles/NeoBalsam.dir/Drivers/STM32G0xx_HAL_Driver/Src/stm32g0xx_hal_dma.c.obj
                0x08004a08                HAL_DMA_Abort_IT
 .text.HAL_DMA_IRQHandler
                0x08004a78       0xb8 CMakeFiles/NeoBalsam.dir/Drivers/STM32G0xx_HAL_Driver/Src/stm32g0xx_hal_dma.c.obj
                0x08004a78                HAL_DMA_IRQHandler
 .text.HAL_PWREx_EnableVddUSB
                0x08004b30       0x14 CMakeFiles/NeoBalsam.dir/Drivers/STM32G0xx_HAL_Driver/Src/stm32g0xx_hal_pwr_ex.c.obj
                0x08004b30                HAL_PWREx_EnableVddUSB
 .text.HAL_PWREx_ControlVoltageScaling
                0x08004b44       0x60 CMakeFiles/NeoBalsam.dir/Drivers/STM32G0xx_HAL_Driver/Src/stm32g0xx_hal_pwr_ex.c.obj
                0x08004b44                HAL_PWREx_ControlVoltageScaling
 .text.HAL_NVIC_SetPriority
                0x08004ba4       0x54 CMakeFiles/NeoBalsam.dir/Drivers/STM32G0xx_HAL_Driver/Src/stm32g0xx_hal_cortex.c.obj
                0x08004ba4                HAL_NVIC_SetPriority
 .text.HAL_NVIC_EnableIRQ
                0x08004bf8       0x18 CMakeFiles/NeoBalsam.dir/Drivers/STM32G0xx_HAL_Driver/Src/stm32g0xx_hal_cortex.c.obj
                0x08004bf8                HAL_NVIC_EnableIRQ
 .text.HAL_SYSTICK_Config
                0x08004c10       0x34 CMakeFiles/NeoBalsam.dir/Drivers/STM32G0xx_HAL_Driver/Src/stm32g0xx_hal_cortex.c.obj
                0x08004c10                HAL_SYSTICK_Config
 .text.HAL_InitTick
                0x08004c44       0x4c CMakeFiles/NeoBalsam.dir/Drivers/STM32G0xx_HAL_Driver/Src/stm32g0xx_hal.c.obj
                0x08004c44                HAL_InitTick
 .text.HAL_Init
                0x08004c90       0x28 CMakeFiles/NeoBalsam.dir/Drivers/STM32G0xx_HAL_Driver/Src/stm32g0xx_hal.c.obj
                0x08004c90                HAL_Init
 .text.HAL_IncTick
                0x08004cb8       0x18 CMakeFiles/NeoBalsam.dir/Drivers/STM32G0xx_HAL_Driver/Src/stm32g0xx_hal.c.obj
                0x08004cb8                HAL_IncTick
 .text.HAL_GetTick
                0x08004cd0        0xc CMakeFiles/NeoBalsam.dir/Drivers/STM32G0xx_HAL_Driver/Src/stm32g0xx_hal.c.obj
                0x08004cd0                HAL_GetTick
 .text.HAL_Delay
                0x08004cdc       0x24 CMakeFiles/NeoBalsam.dir/Drivers/STM32G0xx_HAL_Driver/Src/stm32g0xx_hal.c.obj
                0x08004cdc                HAL_Delay
 .text.HAL_SYSCFG_StrobeDBattpinsConfig
                0x08004d00       0x18 CMakeFiles/NeoBalsam.dir/Drivers/STM32G0xx_HAL_Driver/Src/stm32g0xx_hal.c.obj
                0x08004d00                HAL_SYSCFG_StrobeDBattpinsConfig
 .text.HAL_PCD_Init
                0x08004d18      0x224 CMakeFiles/NeoBalsam.dir/Drivers/STM32G0xx_HAL_Driver/Src/stm32g0xx_hal_pcd.c.obj
                0x08004d18                HAL_PCD_Init
 .text.HAL_PCDEx_ActivateLPM
                0x08004f3c       0x24 CMakeFiles/NeoBalsam.dir/Drivers/STM32G0xx_HAL_Driver/Src/stm32g0xx_hal_pcd_ex.c.obj
                0x08004f3c                HAL_PCDEx_ActivateLPM
 .text.USB_DisableGlobalInt
                0x08004f60       0x10 CMakeFiles/NeoBalsam.dir/Drivers/STM32G0xx_HAL_Driver/Src/stm32g0xx_ll_usb.c.obj
                0x08004f60                USB_DisableGlobalInt
 .text.USB_DevInit
                0x08004f70       0x24 CMakeFiles/NeoBalsam.dir/Drivers/STM32G0xx_HAL_Driver/Src/stm32g0xx_ll_usb.c.obj
                0x08004f70                USB_DevInit
 .text.SystemInit
                0x08004f94        0x4 CMakeFiles/NeoBalsam.dir/Core/Src/system_stm32g0xx.c.obj
                0x08004f94                SystemInit
 .text.Reset_Handler
                0x08004f98       0x50 CMakeFiles/NeoBalsam.dir/startup_stm32g0b1xx.s.obj
                0x08004f98                Reset_Handler
 .text.Default_Handler
                0x08004fe8        0x2 CMakeFiles/NeoBalsam.dir/startup_stm32g0b1xx.s.obj
                0x08004fe8                I2C2_3_IRQHandler
                0x08004fe8                USART3_4_5_6_LPUART1_IRQHandler
                0x08004fe8                ADC1_COMP_IRQHandler
                0x08004fe8                I2C1_IRQHandler
                0x08004fe8                TIM7_LPTIM2_IRQHandler
                0x08004fe8                TIM17_FDCAN_IT1_IRQHandler
                0x08004fe8                DMA1_Ch4_7_DMA2_Ch1_5_DMAMUX1_OVR_IRQHandler
                0x08004fe8                RCC_CRS_IRQHandler
                0x08004fe8                RTC_TAMP_IRQHandler
                0x08004fe8                SPI1_IRQHandler
                0x08004fe8                USB_UCPD1_2_IRQHandler
                0x08004fe8                EXTI2_3_IRQHandler
                0x08004fe8                USART2_LPUART2_IRQHandler
                0x08004fe8                PVD_VDDIO2_IRQHandler
                0x08004fe8                EXTI4_15_IRQHandler
                0x08004fe8                Default_Handler
                0x08004fe8                CEC_IRQHandler
                0x08004fe8                TIM14_IRQHandler
                0x08004fe8                TIM15_IRQHandler
                0x08004fe8                TIM3_TIM4_IRQHandler
                0x08004fe8                EXTI0_1_IRQHandler
                0x08004fe8                SPI2_3_IRQHandler
                0x08004fe8                TIM6_DAC_LPTIM1_IRQHandler
                0x08004fe8                WWDG_IRQHandler
                0x08004fe8                TIM2_IRQHandler
                0x08004fe8                DMA1_Channel2_3_IRQHandler
                0x08004fe8                FLASH_IRQHandler
                0x08004fe8                USART1_IRQHandler
                0x08004fe8                TIM16_FDCAN_IT0_IRQHandler
 *fill*         0x08004fea        0x2 
 .text.sinf     0x08004fec       0x70 C:/ST/STM32CubeCLT_1.15.1/GNU-tools-for-STM32/bin/../lib/gcc/arm-none-eabi/12.3.1/../../../../arm-none-eabi/lib/thumb/v6-m/nofp\libm.a(libm_a-sf_sin.o)
                0x08004fec                sinf
 .text.floorf   0x0800505c       0x84 C:/ST/STM32CubeCLT_1.15.1/GNU-tools-for-STM32/bin/../lib/gcc/arm-none-eabi/12.3.1/../../../../arm-none-eabi/lib/thumb/v6-m/nofp\libm.a(libm_a-sf_floor.o)
                0x0800505c                floorf
 .text.__kernel_cosf
                0x080050e0      0x100 C:/ST/STM32CubeCLT_1.15.1/GNU-tools-for-STM32/bin/../lib/gcc/arm-none-eabi/12.3.1/../../../../arm-none-eabi/lib/thumb/v6-m/nofp\libm.a(libm_a-kf_cos.o)
                0x080050e0                __kernel_cosf
 .text.__kernel_sinf
                0x080051e0       0xe8 C:/ST/STM32CubeCLT_1.15.1/GNU-tools-for-STM32/bin/../lib/gcc/arm-none-eabi/12.3.1/../../../../arm-none-eabi/lib/thumb/v6-m/nofp\libm.a(libm_a-kf_sin.o)
                0x080051e0                __kernel_sinf
 .text.__ieee754_rem_pio2f
                0x080052c8      0x2c4 C:/ST/STM32CubeCLT_1.15.1/GNU-tools-for-STM32/bin/../lib/gcc/arm-none-eabi/12.3.1/../../../../arm-none-eabi/lib/thumb/v6-m/nofp\libm.a(libm_a-ef_rem_pio2.o)
                0x080052c8                __ieee754_rem_pio2f
 .text.fabsf    0x0800558c        0x6 C:/ST/STM32CubeCLT_1.15.1/GNU-tools-for-STM32/bin/../lib/gcc/arm-none-eabi/12.3.1/../../../../arm-none-eabi/lib/thumb/v6-m/nofp\libm.a(libm_a-sf_fabs.o)
                0x0800558c                fabsf
 *fill*         0x08005592        0x2 
 .text.__kernel_rem_pio2f
                0x08005594      0x540 C:/ST/STM32CubeCLT_1.15.1/GNU-tools-for-STM32/bin/../lib/gcc/arm-none-eabi/12.3.1/../../../../arm-none-eabi/lib/thumb/v6-m/nofp\libm.a(libm_a-kf_rem_pio2.o)
                0x08005594                __kernel_rem_pio2f
 .text.scalbnf  0x08005ad4       0xac C:/ST/STM32CubeCLT_1.15.1/GNU-tools-for-STM32/bin/../lib/gcc/arm-none-eabi/12.3.1/../../../../arm-none-eabi/lib/thumb/v6-m/nofp\libm.a(libm_a-sf_scalbn.o)
                0x08005ad4                scalbnf
 *(.glue_7)
 .glue_7        0x08005b80        0x0 linker stubs
 *(.glue_7t)
 .glue_7t       0x08005b80        0x0 linker stubs
 *(.eh_frame)
 .eh_frame      0x08005b80        0x0 C:/ST/STM32CubeCLT_1.15.1/GNU-tools-for-STM32/bin/../lib/gcc/arm-none-eabi/12.3.1/thumb/v6-m/nofp/crtbegin.o
 *(.init)
 .init          0x08005b80        0x4 C:/ST/STM32CubeCLT_1.15.1/GNU-tools-for-STM32/bin/../lib/gcc/arm-none-eabi/12.3.1/thumb/v6-m/nofp/crti.o
                0x08005b80                _init
 .init          0x08005b84        0x8 C:/ST/STM32CubeCLT_1.15.1/GNU-tools-for-STM32/bin/../lib/gcc/arm-none-eabi/12.3.1/thumb/v6-m/nofp/crtn.o
 *(.fini)
 .fini          0x08005b8c        0x4 C:/ST/STM32CubeCLT_1.15.1/GNU-tools-for-STM32/bin/../lib/gcc/arm-none-eabi/12.3.1/thumb/v6-m/nofp/crti.o
                0x08005b8c                _fini
 .fini          0x08005b90        0x8 C:/ST/STM32CubeCLT_1.15.1/GNU-tools-for-STM32/bin/../lib/gcc/arm-none-eabi/12.3.1/thumb/v6-m/nofp/crtn.o
                0x08005b98                        . = ALIGN (0x4)
                0x08005b98                        _etext = .

.vfp11_veneer   0x08005b98        0x0
 .vfp11_veneer  0x08005b98        0x0 linker stubs

.v4_bx          0x08005b98        0x0
 .v4_bx         0x08005b98        0x0 linker stubs

.iplt           0x08005b98        0x0
 .iplt          0x08005b98        0x0 C:/ST/STM32CubeCLT_1.15.1/GNU-tools-for-STM32/bin/../lib/gcc/arm-none-eabi/12.3.1/thumb/v6-m/nofp/crtbegin.o

.rodata         0x08005b98      0x500
                0x08005b98                        . = ALIGN (0x4)
 *(.rodata)
 .rodata        0x08005b98       0x7c C:/ST/STM32CubeCLT_1.15.1/GNU-tools-for-STM32/bin/../lib/gcc/arm-none-eabi/12.3.1/thumb/v6-m/nofp\libgcc.a(divsf3.o)
 *(.rodata*)
 .rodata.HAL_TIM_PWM_ConfigChannel
                0x08005c14       0x54 CMakeFiles/NeoBalsam.dir/Drivers/STM32G0xx_HAL_Driver/Src/stm32g0xx_hal_tim.c.obj
 .rodata.APBPrescTable
                0x08005c68       0x20 CMakeFiles/NeoBalsam.dir/Core/Src/system_stm32g0xx.c.obj
                0x08005c68                APBPrescTable
 .rodata.AHBPrescTable
                0x08005c88       0x40 CMakeFiles/NeoBalsam.dir/Core/Src/system_stm32g0xx.c.obj
                0x08005c88                AHBPrescTable
 .rodata.npio2_hw
                0x08005cc8       0x80 C:/ST/STM32CubeCLT_1.15.1/GNU-tools-for-STM32/bin/../lib/gcc/arm-none-eabi/12.3.1/../../../../arm-none-eabi/lib/thumb/v6-m/nofp\libm.a(libm_a-ef_rem_pio2.o)
 .rodata.two_over_pi
                0x08005d48      0x318 C:/ST/STM32CubeCLT_1.15.1/GNU-tools-for-STM32/bin/../lib/gcc/arm-none-eabi/12.3.1/../../../../arm-none-eabi/lib/thumb/v6-m/nofp\libm.a(libm_a-ef_rem_pio2.o)
 .rodata.PIo2   0x08006060       0x2c C:/ST/STM32CubeCLT_1.15.1/GNU-tools-for-STM32/bin/../lib/gcc/arm-none-eabi/12.3.1/../../../../arm-none-eabi/lib/thumb/v6-m/nofp\libm.a(libm_a-kf_rem_pio2.o)
 .rodata.init_jk
                0x0800608c        0xc C:/ST/STM32CubeCLT_1.15.1/GNU-tools-for-STM32/bin/../lib/gcc/arm-none-eabi/12.3.1/../../../../arm-none-eabi/lib/thumb/v6-m/nofp\libm.a(libm_a-kf_rem_pio2.o)
                0x08006098                        . = ALIGN (0x4)

.rel.dyn        0x08006098        0x0
 .rel.iplt      0x08006098        0x0 C:/ST/STM32CubeCLT_1.15.1/GNU-tools-for-STM32/bin/../lib/gcc/arm-none-eabi/12.3.1/thumb/v6-m/nofp/crtbegin.o

.ARM.extab
 *(.ARM.extab* .gnu.linkonce.armextab.*)

.ARM            0x08006098        0x0
                0x08006098                        __exidx_start = .
 *(.ARM.exidx*)
                0x08006098                        __exidx_end = .

.preinit_array  0x08006098        0x0
                0x08006098                        PROVIDE (__preinit_array_start = .)
 *(.preinit_array*)
                0x08006098                        PROVIDE (__preinit_array_end = .)

.init_array     0x08006098        0x4
                0x08006098                        PROVIDE (__init_array_start = .)
 *(SORT_BY_NAME(.init_array.*))
 *(.init_array*)
 .init_array    0x08006098        0x4 C:/ST/STM32CubeCLT_1.15.1/GNU-tools-for-STM32/bin/../lib/gcc/arm-none-eabi/12.3.1/thumb/v6-m/nofp/crtbegin.o
                0x0800609c                        PROVIDE (__init_array_end = .)

.fini_array     0x0800609c        0x4
                [!provide]                        PROVIDE (__fini_array_start = .)
 *(SORT_BY_NAME(.fini_array.*))
 *(.fini_array*)
 .fini_array    0x0800609c        0x4 C:/ST/STM32CubeCLT_1.15.1/GNU-tools-for-STM32/bin/../lib/gcc/arm-none-eabi/12.3.1/thumb/v6-m/nofp/crtbegin.o
                [!provide]                        PROVIDE (__fini_array_end = .)
                0x080060a0                        _sidata = LOADADDR (.data)

.data           0x20000000        0xc load address 0x080060a0
                0x20000000                        . = ALIGN (0x4)
                0x20000000                        _sdata = .
 *(.data)
 *(.data*)
 .data.ARGB_BR  0x20000000        0x1 CMakeFiles/NeoBalsam.dir/User/ARGB.c.obj
                0x20000000                ARGB_BR
 .data.uwTickFreq
                0x20000001        0x1 CMakeFiles/NeoBalsam.dir/Drivers/STM32G0xx_HAL_Driver/Src/stm32g0xx_hal.c.obj
                0x20000001                uwTickFreq
 *fill*         0x20000002        0x2 
 .data.uwTickPrio
                0x20000004        0x4 CMakeFiles/NeoBalsam.dir/Drivers/STM32G0xx_HAL_Driver/Src/stm32g0xx_hal.c.obj
                0x20000004                uwTickPrio
 .data.SystemCoreClock
                0x20000008        0x4 CMakeFiles/NeoBalsam.dir/Core/Src/system_stm32g0xx.c.obj
                0x20000008                SystemCoreClock
                0x2000000c                        . = ALIGN (0x4)
                0x2000000c                        _edata = .

.igot.plt       0x2000000c        0x0 load address 0x080060ac
 .igot.plt      0x2000000c        0x0 C:/ST/STM32CubeCLT_1.15.1/GNU-tools-for-STM32/bin/../lib/gcc/arm-none-eabi/12.3.1/thumb/v6-m/nofp/crtbegin.o
                0x2000000c                        . = ALIGN (0x4)

.bss            0x2000000c      0x4a4 load address 0x080060ac
                0x2000000c                        _sbss = .
                0x2000000c                        __bss_start__ = _sbss
 *(.bss)
 .bss           0x2000000c       0x1c C:/ST/STM32CubeCLT_1.15.1/GNU-tools-for-STM32/bin/../lib/gcc/arm-none-eabi/12.3.1/thumb/v6-m/nofp/crtbegin.o
 *(.bss*)
 .bss.lastTick.0
                0x20000028        0x4 CMakeFiles/NeoBalsam.dir/User/app_main.c.obj
 .bss.ARGB_LOC_ST
                0x2000002c        0x1 CMakeFiles/NeoBalsam.dir/User/ARGB.c.obj
                0x2000002c                ARGB_LOC_ST
 *fill*         0x2000002d        0x1 
 .bss.BUF_COUNTER
                0x2000002e        0x2 CMakeFiles/NeoBalsam.dir/User/ARGB.c.obj
                0x2000002e                BUF_COUNTER
 .bss.PWM_BUF   0x20000030       0xc0 CMakeFiles/NeoBalsam.dir/User/ARGB.c.obj
                0x20000030                PWM_BUF
 .bss.RGB_BUF   0x200000f0       0x2d CMakeFiles/NeoBalsam.dir/User/ARGB.c.obj
                0x200000f0                RGB_BUF
 .bss.PWM_LO    0x2000011d        0x1 CMakeFiles/NeoBalsam.dir/User/ARGB.c.obj
                0x2000011d                PWM_LO
 .bss.PWM_HI    0x2000011e        0x1 CMakeFiles/NeoBalsam.dir/User/ARGB.c.obj
                0x2000011e                PWM_HI
 *fill*         0x2000011f        0x1 
 .bss.hdma_tim1_ch1
                0x20000120       0x60 CMakeFiles/NeoBalsam.dir/Core/Src/tim.c.obj
                0x20000120                hdma_tim1_ch1
 .bss.htim1     0x20000180       0x4c CMakeFiles/NeoBalsam.dir/Core/Src/tim.c.obj
                0x20000180                htim1
 .bss.hpcd_USB_DRD_FS
                0x200001cc      0x2e0 CMakeFiles/NeoBalsam.dir/Core/Src/usb_drd_fs.c.obj
                0x200001cc                hpcd_USB_DRD_FS
 .bss.uwTick    0x200004ac        0x4 CMakeFiles/NeoBalsam.dir/Drivers/STM32G0xx_HAL_Driver/Src/stm32g0xx_hal.c.obj
                0x200004ac                uwTick
 *(COMMON)
                0x200004b0                        . = ALIGN (0x4)
                0x200004b0                        _ebss = .
                0x200004b0                        __bss_end__ = _ebss

._user_heap_stack
                0x200004b0      0x600 load address 0x080060ac
                0x200004b0                        . = ALIGN (0x8)
                [!provide]                        PROVIDE (end = .)
                0x200004b0                        PROVIDE (_end = .)
                0x200006b0                        . = (. + _Min_Heap_Size)
 *fill*         0x200004b0      0x200 
                0x20000ab0                        . = (. + _Min_Stack_Size)
 *fill*         0x200006b0      0x400 
                0x20000ab0                        . = ALIGN (0x8)

/DISCARD/
 libc.a(*)
 libm.a(*)
 libgcc.a(*)
OUTPUT(NeoBalsam.elf elf32-littlearm)
LOAD linker stubs
LOAD C:/ST/STM32CubeCLT_1.15.1/GNU-tools-for-STM32/bin/../lib/gcc/arm-none-eabi/12.3.1/../../../../arm-none-eabi/lib/thumb/v6-m/nofp\libc.a
LOAD C:/ST/STM32CubeCLT_1.15.1/GNU-tools-for-STM32/bin/../lib/gcc/arm-none-eabi/12.3.1/../../../../arm-none-eabi/lib/thumb/v6-m/nofp\libm.a
LOAD C:/ST/STM32CubeCLT_1.15.1/GNU-tools-for-STM32/bin/../lib/gcc/arm-none-eabi/12.3.1/thumb/v6-m/nofp\libgcc.a

.ARM.attributes
                0x00000000       0x28
 .ARM.attributes
                0x00000000       0x1e C:/ST/STM32CubeCLT_1.15.1/GNU-tools-for-STM32/bin/../lib/gcc/arm-none-eabi/12.3.1/thumb/v6-m/nofp/crti.o
 .ARM.attributes
                0x0000001e       0x2c C:/ST/STM32CubeCLT_1.15.1/GNU-tools-for-STM32/bin/../lib/gcc/arm-none-eabi/12.3.1/thumb/v6-m/nofp/crtbegin.o
 .ARM.attributes
                0x0000004a       0x2c C:/ST/STM32CubeCLT_1.15.1/GNU-tools-for-STM32/bin/../lib/gcc/arm-none-eabi/12.3.1/../../../../arm-none-eabi/lib/thumb/v6-m/nofp\libc_nano.a(libc_a-memset.o)
 .ARM.attributes
                0x00000076       0x2c C:/ST/STM32CubeCLT_1.15.1/GNU-tools-for-STM32/bin/../lib/gcc/arm-none-eabi/12.3.1/../../../../arm-none-eabi/lib/thumb/v6-m/nofp\libc_nano.a(libc_a-init.o)
 .ARM.attributes
                0x000000a2       0x2c CMakeFiles/NeoBalsam.dir/User/app_main.c.obj
 .ARM.attributes
                0x000000ce       0x2c CMakeFiles/NeoBalsam.dir/User/ARGB.c.obj
 .ARM.attributes
                0x000000fa       0x2c CMakeFiles/NeoBalsam.dir/Core/Src/main.c.obj
 .ARM.attributes
                0x00000126       0x2c CMakeFiles/NeoBalsam.dir/Core/Src/gpio.c.obj
 .ARM.attributes
                0x00000152       0x2c CMakeFiles/NeoBalsam.dir/Core/Src/dma.c.obj
 .ARM.attributes
                0x0000017e       0x2c CMakeFiles/NeoBalsam.dir/Core/Src/tim.c.obj
 .ARM.attributes
                0x000001aa       0x2c CMakeFiles/NeoBalsam.dir/Core/Src/usb_drd_fs.c.obj
 .ARM.attributes
                0x000001d6       0x2c CMakeFiles/NeoBalsam.dir/Core/Src/stm32g0xx_it.c.obj
 .ARM.attributes
                0x00000202       0x2c CMakeFiles/NeoBalsam.dir/Core/Src/stm32g0xx_hal_msp.c.obj
 .ARM.attributes
                0x0000022e       0x2c CMakeFiles/NeoBalsam.dir/Drivers/STM32G0xx_HAL_Driver/Src/stm32g0xx_hal_tim.c.obj
 .ARM.attributes
                0x0000025a       0x2c CMakeFiles/NeoBalsam.dir/Drivers/STM32G0xx_HAL_Driver/Src/stm32g0xx_hal_tim_ex.c.obj
 .ARM.attributes
                0x00000286       0x2c CMakeFiles/NeoBalsam.dir/Drivers/STM32G0xx_HAL_Driver/Src/stm32g0xx_hal_rcc.c.obj
 .ARM.attributes
                0x000002b2       0x2c CMakeFiles/NeoBalsam.dir/Drivers/STM32G0xx_HAL_Driver/Src/stm32g0xx_hal_rcc_ex.c.obj
 .ARM.attributes
                0x000002de       0x2c CMakeFiles/NeoBalsam.dir/Drivers/STM32G0xx_HAL_Driver/Src/stm32g0xx_hal_gpio.c.obj
 .ARM.attributes
                0x0000030a       0x2c CMakeFiles/NeoBalsam.dir/Drivers/STM32G0xx_HAL_Driver/Src/stm32g0xx_hal_dma.c.obj
 .ARM.attributes
                0x00000336       0x2c CMakeFiles/NeoBalsam.dir/Drivers/STM32G0xx_HAL_Driver/Src/stm32g0xx_hal_pwr_ex.c.obj
 .ARM.attributes
                0x00000362       0x2c CMakeFiles/NeoBalsam.dir/Drivers/STM32G0xx_HAL_Driver/Src/stm32g0xx_hal_cortex.c.obj
 .ARM.attributes
                0x0000038e       0x2c CMakeFiles/NeoBalsam.dir/Drivers/STM32G0xx_HAL_Driver/Src/stm32g0xx_hal.c.obj
 .ARM.attributes
                0x000003ba       0x2c CMakeFiles/NeoBalsam.dir/Drivers/STM32G0xx_HAL_Driver/Src/stm32g0xx_hal_pcd.c.obj
 .ARM.attributes
                0x000003e6       0x2c CMakeFiles/NeoBalsam.dir/Drivers/STM32G0xx_HAL_Driver/Src/stm32g0xx_hal_pcd_ex.c.obj
 .ARM.attributes
                0x00000412       0x2c CMakeFiles/NeoBalsam.dir/Drivers/STM32G0xx_HAL_Driver/Src/stm32g0xx_ll_usb.c.obj
 .ARM.attributes
                0x0000043e       0x2c CMakeFiles/NeoBalsam.dir/Core/Src/system_stm32g0xx.c.obj
 .ARM.attributes
                0x0000046a       0x22 CMakeFiles/NeoBalsam.dir/startup_stm32g0b1xx.s.obj
 .ARM.attributes
                0x0000048c       0x1e C:/ST/STM32CubeCLT_1.15.1/GNU-tools-for-STM32/bin/../lib/gcc/arm-none-eabi/12.3.1/thumb/v6-m/nofp\libgcc.a(_udivsi3.o)
 .ARM.attributes
                0x000004aa       0x1e C:/ST/STM32CubeCLT_1.15.1/GNU-tools-for-STM32/bin/../lib/gcc/arm-none-eabi/12.3.1/thumb/v6-m/nofp\libgcc.a(_divsi3.o)
 .ARM.attributes
                0x000004c8       0x1e C:/ST/STM32CubeCLT_1.15.1/GNU-tools-for-STM32/bin/../lib/gcc/arm-none-eabi/12.3.1/thumb/v6-m/nofp\libgcc.a(_dvmd_tls.o)
 .ARM.attributes
                0x000004e6       0x1e C:/ST/STM32CubeCLT_1.15.1/GNU-tools-for-STM32/bin/../lib/gcc/arm-none-eabi/12.3.1/thumb/v6-m/nofp\libgcc.a(_arm_cmpsf2.o)
 .ARM.attributes
                0x00000504       0x2c C:/ST/STM32CubeCLT_1.15.1/GNU-tools-for-STM32/bin/../lib/gcc/arm-none-eabi/12.3.1/thumb/v6-m/nofp\libgcc.a(_fixunssfsi.o)
 .ARM.attributes
                0x00000530       0x2c C:/ST/STM32CubeCLT_1.15.1/GNU-tools-for-STM32/bin/../lib/gcc/arm-none-eabi/12.3.1/thumb/v6-m/nofp\libgcc.a(_fixunsdfsi.o)
 .ARM.attributes
                0x0000055c       0x2c C:/ST/STM32CubeCLT_1.15.1/GNU-tools-for-STM32/bin/../lib/gcc/arm-none-eabi/12.3.1/thumb/v6-m/nofp\libgcc.a(addsf3.o)
 .ARM.attributes
                0x00000588       0x2c C:/ST/STM32CubeCLT_1.15.1/GNU-tools-for-STM32/bin/../lib/gcc/arm-none-eabi/12.3.1/thumb/v6-m/nofp\libgcc.a(divsf3.o)
 .ARM.attributes
                0x000005b4       0x2c C:/ST/STM32CubeCLT_1.15.1/GNU-tools-for-STM32/bin/../lib/gcc/arm-none-eabi/12.3.1/thumb/v6-m/nofp\libgcc.a(eqsf2.o)
 .ARM.attributes
                0x000005e0       0x2c C:/ST/STM32CubeCLT_1.15.1/GNU-tools-for-STM32/bin/../lib/gcc/arm-none-eabi/12.3.1/thumb/v6-m/nofp\libgcc.a(gesf2.o)
 .ARM.attributes
                0x0000060c       0x2c C:/ST/STM32CubeCLT_1.15.1/GNU-tools-for-STM32/bin/../lib/gcc/arm-none-eabi/12.3.1/thumb/v6-m/nofp\libgcc.a(lesf2.o)
 .ARM.attributes
                0x00000638       0x2c C:/ST/STM32CubeCLT_1.15.1/GNU-tools-for-STM32/bin/../lib/gcc/arm-none-eabi/12.3.1/thumb/v6-m/nofp\libgcc.a(mulsf3.o)
 .ARM.attributes
                0x00000664       0x2c C:/ST/STM32CubeCLT_1.15.1/GNU-tools-for-STM32/bin/../lib/gcc/arm-none-eabi/12.3.1/thumb/v6-m/nofp\libgcc.a(subsf3.o)
 .ARM.attributes
                0x00000690       0x2c C:/ST/STM32CubeCLT_1.15.1/GNU-tools-for-STM32/bin/../lib/gcc/arm-none-eabi/12.3.1/thumb/v6-m/nofp\libgcc.a(fixsfsi.o)
 .ARM.attributes
                0x000006bc       0x2c C:/ST/STM32CubeCLT_1.15.1/GNU-tools-for-STM32/bin/../lib/gcc/arm-none-eabi/12.3.1/thumb/v6-m/nofp\libgcc.a(floatsisf.o)
 .ARM.attributes
                0x000006e8       0x2c C:/ST/STM32CubeCLT_1.15.1/GNU-tools-for-STM32/bin/../lib/gcc/arm-none-eabi/12.3.1/thumb/v6-m/nofp\libgcc.a(floatunsisf.o)
 .ARM.attributes
                0x00000714       0x2c C:/ST/STM32CubeCLT_1.15.1/GNU-tools-for-STM32/bin/../lib/gcc/arm-none-eabi/12.3.1/thumb/v6-m/nofp\libgcc.a(muldf3.o)
 .ARM.attributes
                0x00000740       0x2c C:/ST/STM32CubeCLT_1.15.1/GNU-tools-for-STM32/bin/../lib/gcc/arm-none-eabi/12.3.1/thumb/v6-m/nofp\libgcc.a(subdf3.o)
 .ARM.attributes
                0x0000076c       0x2c C:/ST/STM32CubeCLT_1.15.1/GNU-tools-for-STM32/bin/../lib/gcc/arm-none-eabi/12.3.1/thumb/v6-m/nofp\libgcc.a(fixdfsi.o)
 .ARM.attributes
                0x00000798       0x2c C:/ST/STM32CubeCLT_1.15.1/GNU-tools-for-STM32/bin/../lib/gcc/arm-none-eabi/12.3.1/thumb/v6-m/nofp\libgcc.a(floatunsidf.o)
 .ARM.attributes
                0x000007c4       0x2c C:/ST/STM32CubeCLT_1.15.1/GNU-tools-for-STM32/bin/../lib/gcc/arm-none-eabi/12.3.1/thumb/v6-m/nofp\libgcc.a(extendsfdf2.o)
 .ARM.attributes
                0x000007f0       0x2c C:/ST/STM32CubeCLT_1.15.1/GNU-tools-for-STM32/bin/../lib/gcc/arm-none-eabi/12.3.1/thumb/v6-m/nofp\libgcc.a(truncdfsf2.o)
 .ARM.attributes
                0x0000081c       0x1e C:/ST/STM32CubeCLT_1.15.1/GNU-tools-for-STM32/bin/../lib/gcc/arm-none-eabi/12.3.1/thumb/v6-m/nofp\libgcc.a(_arm_cmpdf2.o)
 .ARM.attributes
                0x0000083a       0x1e C:/ST/STM32CubeCLT_1.15.1/GNU-tools-for-STM32/bin/../lib/gcc/arm-none-eabi/12.3.1/thumb/v6-m/nofp\libgcc.a(_clzsi2.o)
 .ARM.attributes
                0x00000858       0x2c C:/ST/STM32CubeCLT_1.15.1/GNU-tools-for-STM32/bin/../lib/gcc/arm-none-eabi/12.3.1/thumb/v6-m/nofp\libgcc.a(eqdf2.o)
 .ARM.attributes
                0x00000884       0x2c C:/ST/STM32CubeCLT_1.15.1/GNU-tools-for-STM32/bin/../lib/gcc/arm-none-eabi/12.3.1/thumb/v6-m/nofp\libgcc.a(gedf2.o)
 .ARM.attributes
                0x000008b0       0x2c C:/ST/STM32CubeCLT_1.15.1/GNU-tools-for-STM32/bin/../lib/gcc/arm-none-eabi/12.3.1/thumb/v6-m/nofp\libgcc.a(ledf2.o)
 .ARM.attributes
                0x000008dc       0x1e C:/ST/STM32CubeCLT_1.15.1/GNU-tools-for-STM32/bin/../lib/gcc/arm-none-eabi/12.3.1/thumb/v6-m/nofp/crtn.o
 .ARM.attributes
                0x000008fa       0x2c C:/ST/STM32CubeCLT_1.15.1/GNU-tools-for-STM32/bin/../lib/gcc/arm-none-eabi/12.3.1/../../../../arm-none-eabi/lib/thumb/v6-m/nofp\libm.a(libm_a-sf_sin.o)
 .ARM.attributes
                0x00000926       0x2c C:/ST/STM32CubeCLT_1.15.1/GNU-tools-for-STM32/bin/../lib/gcc/arm-none-eabi/12.3.1/../../../../arm-none-eabi/lib/thumb/v6-m/nofp\libm.a(libm_a-sf_floor.o)
 .ARM.attributes
                0x00000952       0x2c C:/ST/STM32CubeCLT_1.15.1/GNU-tools-for-STM32/bin/../lib/gcc/arm-none-eabi/12.3.1/../../../../arm-none-eabi/lib/thumb/v6-m/nofp\libm.a(libm_a-kf_cos.o)
 .ARM.attributes
                0x0000097e       0x2c C:/ST/STM32CubeCLT_1.15.1/GNU-tools-for-STM32/bin/../lib/gcc/arm-none-eabi/12.3.1/../../../../arm-none-eabi/lib/thumb/v6-m/nofp\libm.a(libm_a-kf_sin.o)
 .ARM.attributes
                0x000009aa       0x2c C:/ST/STM32CubeCLT_1.15.1/GNU-tools-for-STM32/bin/../lib/gcc/arm-none-eabi/12.3.1/../../../../arm-none-eabi/lib/thumb/v6-m/nofp\libm.a(libm_a-ef_rem_pio2.o)
 .ARM.attributes
                0x000009d6       0x2c C:/ST/STM32CubeCLT_1.15.1/GNU-tools-for-STM32/bin/../lib/gcc/arm-none-eabi/12.3.1/../../../../arm-none-eabi/lib/thumb/v6-m/nofp\libm.a(libm_a-sf_fabs.o)
 .ARM.attributes
                0x00000a02       0x2c C:/ST/STM32CubeCLT_1.15.1/GNU-tools-for-STM32/bin/../lib/gcc/arm-none-eabi/12.3.1/../../../../arm-none-eabi/lib/thumb/v6-m/nofp\libm.a(libm_a-kf_rem_pio2.o)
 .ARM.attributes
                0x00000a2e       0x2c C:/ST/STM32CubeCLT_1.15.1/GNU-tools-for-STM32/bin/../lib/gcc/arm-none-eabi/12.3.1/../../../../arm-none-eabi/lib/thumb/v6-m/nofp\libm.a(libm_a-sf_scalbn.o)

.comment        0x00000000       0x43
 .comment       0x00000000       0x43 CMakeFiles/NeoBalsam.dir/User/app_main.c.obj
                                 0x44 (size before relaxing)
 .comment       0x00000043       0x44 CMakeFiles/NeoBalsam.dir/User/ARGB.c.obj
 .comment       0x00000043       0x44 CMakeFiles/NeoBalsam.dir/Core/Src/main.c.obj
 .comment       0x00000043       0x44 CMakeFiles/NeoBalsam.dir/Core/Src/gpio.c.obj
 .comment       0x00000043       0x44 CMakeFiles/NeoBalsam.dir/Core/Src/dma.c.obj
 .comment       0x00000043       0x44 CMakeFiles/NeoBalsam.dir/Core/Src/tim.c.obj
 .comment       0x00000043       0x44 CMakeFiles/NeoBalsam.dir/Core/Src/usb_drd_fs.c.obj
 .comment       0x00000043       0x44 CMakeFiles/NeoBalsam.dir/Core/Src/stm32g0xx_it.c.obj
 .comment       0x00000043       0x44 CMakeFiles/NeoBalsam.dir/Core/Src/stm32g0xx_hal_msp.c.obj
 .comment       0x00000043       0x44 CMakeFiles/NeoBalsam.dir/Drivers/STM32G0xx_HAL_Driver/Src/stm32g0xx_hal_tim.c.obj
 .comment       0x00000043       0x44 CMakeFiles/NeoBalsam.dir/Drivers/STM32G0xx_HAL_Driver/Src/stm32g0xx_hal_tim_ex.c.obj
 .comment       0x00000043       0x44 CMakeFiles/NeoBalsam.dir/Drivers/STM32G0xx_HAL_Driver/Src/stm32g0xx_hal_rcc.c.obj
 .comment       0x00000043       0x44 CMakeFiles/NeoBalsam.dir/Drivers/STM32G0xx_HAL_Driver/Src/stm32g0xx_hal_rcc_ex.c.obj
 .comment       0x00000043       0x44 CMakeFiles/NeoBalsam.dir/Drivers/STM32G0xx_HAL_Driver/Src/stm32g0xx_hal_gpio.c.obj
 .comment       0x00000043       0x44 CMakeFiles/NeoBalsam.dir/Drivers/STM32G0xx_HAL_Driver/Src/stm32g0xx_hal_dma.c.obj
 .comment       0x00000043       0x44 CMakeFiles/NeoBalsam.dir/Drivers/STM32G0xx_HAL_Driver/Src/stm32g0xx_hal_pwr_ex.c.obj
 .comment       0x00000043       0x44 CMakeFiles/NeoBalsam.dir/Drivers/STM32G0xx_HAL_Driver/Src/stm32g0xx_hal_cortex.c.obj
 .comment       0x00000043       0x44 CMakeFiles/NeoBalsam.dir/Drivers/STM32G0xx_HAL_Driver/Src/stm32g0xx_hal.c.obj
 .comment       0x00000043       0x44 CMakeFiles/NeoBalsam.dir/Drivers/STM32G0xx_HAL_Driver/Src/stm32g0xx_hal_pcd.c.obj
 .comment       0x00000043       0x44 CMakeFiles/NeoBalsam.dir/Drivers/STM32G0xx_HAL_Driver/Src/stm32g0xx_hal_pcd_ex.c.obj
 .comment       0x00000043       0x44 CMakeFiles/NeoBalsam.dir/Drivers/STM32G0xx_HAL_Driver/Src/stm32g0xx_ll_usb.c.obj
 .comment       0x00000043       0x44 CMakeFiles/NeoBalsam.dir/Core/Src/system_stm32g0xx.c.obj

.debug_frame    0x00000000      0x60c
 .debug_frame   0x00000000       0x20 C:/ST/STM32CubeCLT_1.15.1/GNU-tools-for-STM32/bin/../lib/gcc/arm-none-eabi/12.3.1/../../../../arm-none-eabi/lib/thumb/v6-m/nofp\libc_nano.a(libc_a-memset.o)
 .debug_frame   0x00000020       0x2c C:/ST/STM32CubeCLT_1.15.1/GNU-tools-for-STM32/bin/../lib/gcc/arm-none-eabi/12.3.1/../../../../arm-none-eabi/lib/thumb/v6-m/nofp\libc_nano.a(libc_a-init.o)
 .debug_frame   0x0000004c       0x20 C:/ST/STM32CubeCLT_1.15.1/GNU-tools-for-STM32/bin/../lib/gcc/arm-none-eabi/12.3.1/thumb/v6-m/nofp\libgcc.a(_udivsi3.o)
 .debug_frame   0x0000006c       0x20 C:/ST/STM32CubeCLT_1.15.1/GNU-tools-for-STM32/bin/../lib/gcc/arm-none-eabi/12.3.1/thumb/v6-m/nofp\libgcc.a(_divsi3.o)
 .debug_frame   0x0000008c       0x28 C:/ST/STM32CubeCLT_1.15.1/GNU-tools-for-STM32/bin/../lib/gcc/arm-none-eabi/12.3.1/thumb/v6-m/nofp\libgcc.a(_fixunssfsi.o)
 .debug_frame   0x000000b4       0x2c C:/ST/STM32CubeCLT_1.15.1/GNU-tools-for-STM32/bin/../lib/gcc/arm-none-eabi/12.3.1/thumb/v6-m/nofp\libgcc.a(_fixunsdfsi.o)
 .debug_frame   0x000000e0       0x38 C:/ST/STM32CubeCLT_1.15.1/GNU-tools-for-STM32/bin/../lib/gcc/arm-none-eabi/12.3.1/thumb/v6-m/nofp\libgcc.a(addsf3.o)
 .debug_frame   0x00000118       0x38 C:/ST/STM32CubeCLT_1.15.1/GNU-tools-for-STM32/bin/../lib/gcc/arm-none-eabi/12.3.1/thumb/v6-m/nofp\libgcc.a(divsf3.o)
 .debug_frame   0x00000150       0x2c C:/ST/STM32CubeCLT_1.15.1/GNU-tools-for-STM32/bin/../lib/gcc/arm-none-eabi/12.3.1/thumb/v6-m/nofp\libgcc.a(eqsf2.o)
 .debug_frame   0x0000017c       0x2c C:/ST/STM32CubeCLT_1.15.1/GNU-tools-for-STM32/bin/../lib/gcc/arm-none-eabi/12.3.1/thumb/v6-m/nofp\libgcc.a(gesf2.o)
 .debug_frame   0x000001a8       0x2c C:/ST/STM32CubeCLT_1.15.1/GNU-tools-for-STM32/bin/../lib/gcc/arm-none-eabi/12.3.1/thumb/v6-m/nofp\libgcc.a(lesf2.o)
 .debug_frame   0x000001d4       0x38 C:/ST/STM32CubeCLT_1.15.1/GNU-tools-for-STM32/bin/../lib/gcc/arm-none-eabi/12.3.1/thumb/v6-m/nofp\libgcc.a(mulsf3.o)
 .debug_frame   0x0000020c       0x38 C:/ST/STM32CubeCLT_1.15.1/GNU-tools-for-STM32/bin/../lib/gcc/arm-none-eabi/12.3.1/thumb/v6-m/nofp\libgcc.a(subsf3.o)
 .debug_frame   0x00000244       0x20 C:/ST/STM32CubeCLT_1.15.1/GNU-tools-for-STM32/bin/../lib/gcc/arm-none-eabi/12.3.1/thumb/v6-m/nofp\libgcc.a(fixsfsi.o)
 .debug_frame   0x00000264       0x2c C:/ST/STM32CubeCLT_1.15.1/GNU-tools-for-STM32/bin/../lib/gcc/arm-none-eabi/12.3.1/thumb/v6-m/nofp\libgcc.a(floatsisf.o)
 .debug_frame   0x00000290       0x2c C:/ST/STM32CubeCLT_1.15.1/GNU-tools-for-STM32/bin/../lib/gcc/arm-none-eabi/12.3.1/thumb/v6-m/nofp\libgcc.a(floatunsisf.o)
 .debug_frame   0x000002bc       0x3c C:/ST/STM32CubeCLT_1.15.1/GNU-tools-for-STM32/bin/../lib/gcc/arm-none-eabi/12.3.1/thumb/v6-m/nofp\libgcc.a(muldf3.o)
 .debug_frame   0x000002f8       0x3c C:/ST/STM32CubeCLT_1.15.1/GNU-tools-for-STM32/bin/../lib/gcc/arm-none-eabi/12.3.1/thumb/v6-m/nofp\libgcc.a(subdf3.o)
 .debug_frame   0x00000334       0x30 C:/ST/STM32CubeCLT_1.15.1/GNU-tools-for-STM32/bin/../lib/gcc/arm-none-eabi/12.3.1/thumb/v6-m/nofp\libgcc.a(fixdfsi.o)
 .debug_frame   0x00000364       0x28 C:/ST/STM32CubeCLT_1.15.1/GNU-tools-for-STM32/bin/../lib/gcc/arm-none-eabi/12.3.1/thumb/v6-m/nofp\libgcc.a(floatunsidf.o)
 .debug_frame   0x0000038c       0x2c C:/ST/STM32CubeCLT_1.15.1/GNU-tools-for-STM32/bin/../lib/gcc/arm-none-eabi/12.3.1/thumb/v6-m/nofp\libgcc.a(extendsfdf2.o)
 .debug_frame   0x000003b8       0x30 C:/ST/STM32CubeCLT_1.15.1/GNU-tools-for-STM32/bin/../lib/gcc/arm-none-eabi/12.3.1/thumb/v6-m/nofp\libgcc.a(truncdfsf2.o)
 .debug_frame   0x000003e8       0x38 C:/ST/STM32CubeCLT_1.15.1/GNU-tools-for-STM32/bin/../lib/gcc/arm-none-eabi/12.3.1/thumb/v6-m/nofp\libgcc.a(eqdf2.o)
 .debug_frame   0x00000420       0x3c C:/ST/STM32CubeCLT_1.15.1/GNU-tools-for-STM32/bin/../lib/gcc/arm-none-eabi/12.3.1/thumb/v6-m/nofp\libgcc.a(gedf2.o)
 .debug_frame   0x0000045c       0x3c C:/ST/STM32CubeCLT_1.15.1/GNU-tools-for-STM32/bin/../lib/gcc/arm-none-eabi/12.3.1/thumb/v6-m/nofp\libgcc.a(ledf2.o)
 .debug_frame   0x00000498       0x2c C:/ST/STM32CubeCLT_1.15.1/GNU-tools-for-STM32/bin/../lib/gcc/arm-none-eabi/12.3.1/../../../../arm-none-eabi/lib/thumb/v6-m/nofp\libm.a(libm_a-sf_sin.o)
 .debug_frame   0x000004c4       0x30 C:/ST/STM32CubeCLT_1.15.1/GNU-tools-for-STM32/bin/../lib/gcc/arm-none-eabi/12.3.1/../../../../arm-none-eabi/lib/thumb/v6-m/nofp\libm.a(libm_a-sf_floor.o)
 .debug_frame   0x000004f4       0x34 C:/ST/STM32CubeCLT_1.15.1/GNU-tools-for-STM32/bin/../lib/gcc/arm-none-eabi/12.3.1/../../../../arm-none-eabi/lib/thumb/v6-m/nofp\libm.a(libm_a-kf_cos.o)
 .debug_frame   0x00000528       0x34 C:/ST/STM32CubeCLT_1.15.1/GNU-tools-for-STM32/bin/../lib/gcc/arm-none-eabi/12.3.1/../../../../arm-none-eabi/lib/thumb/v6-m/nofp\libm.a(libm_a-kf_sin.o)
 .debug_frame   0x0000055c       0x30 C:/ST/STM32CubeCLT_1.15.1/GNU-tools-for-STM32/bin/../lib/gcc/arm-none-eabi/12.3.1/../../../../arm-none-eabi/lib/thumb/v6-m/nofp\libm.a(libm_a-ef_rem_pio2.o)
 .debug_frame   0x0000058c       0x20 C:/ST/STM32CubeCLT_1.15.1/GNU-tools-for-STM32/bin/../lib/gcc/arm-none-eabi/12.3.1/../../../../arm-none-eabi/lib/thumb/v6-m/nofp\libm.a(libm_a-sf_fabs.o)
 .debug_frame   0x000005ac       0x34 C:/ST/STM32CubeCLT_1.15.1/GNU-tools-for-STM32/bin/../lib/gcc/arm-none-eabi/12.3.1/../../../../arm-none-eabi/lib/thumb/v6-m/nofp\libm.a(libm_a-kf_rem_pio2.o)
 .debug_frame   0x000005e0       0x2c C:/ST/STM32CubeCLT_1.15.1/GNU-tools-for-STM32/bin/../lib/gcc/arm-none-eabi/12.3.1/../../../../arm-none-eabi/lib/thumb/v6-m/nofp\libm.a(libm_a-sf_scalbn.o)
